Archive member included because of file (symbol)

c:/program files (x86)/atmel/atmel studio 6.0/extensions/atmel/avrgcc/3.4.0.65/avrtoolchain/bin/../lib/gcc/avr/4.6.2/avrxmega6\libgcc.a(_mulsi3.o)
                              E-000001-000009__firmware_rev_1_0.o (__mulsi3)
c:/program files (x86)/atmel/atmel studio 6.0/extensions/atmel/avrgcc/3.4.0.65/avrtoolchain/bin/../lib/gcc/avr/4.6.2/avrxmega6\libgcc.a(_udivmodhi4.o)
                              E-000001-000009__firmware_rev_1_0.o (__udivmodhi4)
c:/program files (x86)/atmel/atmel studio 6.0/extensions/atmel/avrgcc/3.4.0.65/avrtoolchain/bin/../lib/gcc/avr/4.6.2/avrxmega6\libgcc.a(_divmodhi4.o)
                              adc_driver.o (__divmodhi4)
c:/program files (x86)/atmel/atmel studio 6.0/extensions/atmel/avrgcc/3.4.0.65/avrtoolchain/bin/../lib/gcc/avr/4.6.2/avrxmega6\libgcc.a(_udivmodsi4.o)
                              E-000001-000009__firmware_rev_1_0.o (__udivmodsi4)
c:/program files (x86)/atmel/atmel studio 6.0/extensions/atmel/avrgcc/3.4.0.65/avrtoolchain/bin/../lib/gcc/avr/4.6.2/avrxmega6\libgcc.a(_divmodsi4.o)
                              E-000001-000009__firmware_rev_1_0.o (__divmodsi4)
c:/program files (x86)/atmel/atmel studio 6.0/extensions/atmel/avrgcc/3.4.0.65/avrtoolchain/bin/../lib/gcc/avr/4.6.2/avrxmega6\libgcc.a(_exit.o)
                              c:/program files (x86)/atmel/atmel studio 6.0/extensions/atmel/avrgcc/3.4.0.65/avrtoolchain/bin/../lib/gcc/avr/4.6.2/../../../../avr/lib/avrxmega6/crtx256a3.o (exit)
c:/program files (x86)/atmel/atmel studio 6.0/extensions/atmel/avrgcc/3.4.0.65/avrtoolchain/bin/../lib/gcc/avr/4.6.2/avrxmega6\libgcc.a(_copy_data.o)
                              chb.o (__do_copy_data)
c:/program files (x86)/atmel/atmel studio 6.0/extensions/atmel/avrgcc/3.4.0.65/avrtoolchain/bin/../lib/gcc/avr/4.6.2/avrxmega6\libgcc.a(_clear_bss.o)
                              chb.o (__do_clear_bss)
c:/program files (x86)/atmel/atmel studio 6.0/extensions/atmel/avrgcc/3.4.0.65/avrtoolchain/bin/../lib/gcc/avr/4.6.2/avrxmega6\libgcc.a(_muldi3.o)
                              E-000001-000009__firmware_rev_1_0.o (__muldi3)
c:/program files (x86)/atmel/atmel studio 6.0/extensions/atmel/avrgcc/3.4.0.65/avrtoolchain/bin/../lib/gcc/avr/4.6.2/avrxmega6\libgcc.a(_ashldi3.o)
                              E-000001-000009__firmware_rev_1_0.o (__ashldi3)
c:/program files (x86)/atmel/atmel studio 6.0/extensions/atmel/avrgcc/3.4.0.65/avrtoolchain/bin/../lib/gcc/avr/4.6.2/avrxmega6\libgcc.a(_ashrdi3.o)
                              E-000001-000009__firmware_rev_1_0.o (__ashrdi3)
c:/program files (x86)/atmel/atmel studio 6.0/extensions/atmel/avrgcc/3.4.0.65/avrtoolchain/bin/../lib/gcc/avr/4.6.2/avrxmega6\libgcc.a(_divdi3.o)
                              E-000001-000009__firmware_rev_1_0.o (__divdi3)
c:/program files (x86)/atmel/atmel studio 6.0/extensions/atmel/avrgcc/3.4.0.65/avrtoolchain/bin/../lib/gcc/avr/4.6.2/avrxmega6\libgcc.a(_prologue.o)
                              c:/program files (x86)/atmel/atmel studio 6.0/extensions/atmel/avrgcc/3.4.0.65/avrtoolchain/bin/../lib/gcc/avr/4.6.2/avrxmega6\libgcc.a(_muldi3.o) (__prologue_saves__)
c:/program files (x86)/atmel/atmel studio 6.0/extensions/atmel/avrgcc/3.4.0.65/avrtoolchain/bin/../lib/gcc/avr/4.6.2/avrxmega6\libgcc.a(_epilogue.o)
                              c:/program files (x86)/atmel/atmel studio 6.0/extensions/atmel/avrgcc/3.4.0.65/avrtoolchain/bin/../lib/gcc/avr/4.6.2/avrxmega6\libgcc.a(_muldi3.o) (__epilogue_restores__)
c:/program files (x86)/atmel/atmel studio 6.0/extensions/atmel/avrgcc/3.4.0.65/avrtoolchain/bin/../lib/gcc/avr/4.6.2/avrxmega6\libgcc.a(_clz.o)
                              c:/program files (x86)/atmel/atmel studio 6.0/extensions/atmel/avrgcc/3.4.0.65/avrtoolchain/bin/../lib/gcc/avr/4.6.2/avrxmega6\libgcc.a(_divdi3.o) (__clz_tab)
c:/program files (x86)/atmel/atmel studio 6.0/extensions/atmel/avrgcc/3.4.0.65/avrtoolchain/bin/../lib/gcc/avr/4.6.2/../../../../avr/lib/avrxmega6\libc.a(strcpy_P.o)
                              chb_drvr.o (strcpy_P)
c:/program files (x86)/atmel/atmel studio 6.0/extensions/atmel/avrgcc/3.4.0.65/avrtoolchain/bin/../lib/gcc/avr/4.6.2/../../../../avr/lib/avrxmega6\libc.a(memmove.o)
                              chb.o (memmove)
c:/program files (x86)/atmel/atmel studio 6.0/extensions/atmel/avrgcc/3.4.0.65/avrtoolchain/bin/../lib/gcc/avr/4.6.2/../../../../avr/lib/avrxmega6\libc.a(printf.o)
                              chb_drvr.o (printf)
c:/program files (x86)/atmel/atmel studio 6.0/extensions/atmel/avrgcc/3.4.0.65/avrtoolchain/bin/../lib/gcc/avr/4.6.2/../../../../avr/lib/avrxmega6\libc.a(vfprintf_std.o)
                              c:/program files (x86)/atmel/atmel studio 6.0/extensions/atmel/avrgcc/3.4.0.65/avrtoolchain/bin/../lib/gcc/avr/4.6.2/../../../../avr/lib/avrxmega6\libc.a(printf.o) (vfprintf)
c:/program files (x86)/atmel/atmel studio 6.0/extensions/atmel/avrgcc/3.4.0.65/avrtoolchain/bin/../lib/gcc/avr/4.6.2/../../../../avr/lib/avrxmega6\libc.a(strnlen_P.o)
                              c:/program files (x86)/atmel/atmel studio 6.0/extensions/atmel/avrgcc/3.4.0.65/avrtoolchain/bin/../lib/gcc/avr/4.6.2/../../../../avr/lib/avrxmega6\libc.a(vfprintf_std.o) (strnlen_P)
c:/program files (x86)/atmel/atmel studio 6.0/extensions/atmel/avrgcc/3.4.0.65/avrtoolchain/bin/../lib/gcc/avr/4.6.2/../../../../avr/lib/avrxmega6\libc.a(memcpy.o)
                              c:/program files (x86)/atmel/atmel studio 6.0/extensions/atmel/avrgcc/3.4.0.65/avrtoolchain/bin/../lib/gcc/avr/4.6.2/../../../../avr/lib/avrxmega6\libc.a(memmove.o) (memcpy)
c:/program files (x86)/atmel/atmel studio 6.0/extensions/atmel/avrgcc/3.4.0.65/avrtoolchain/bin/../lib/gcc/avr/4.6.2/../../../../avr/lib/avrxmega6\libc.a(strnlen.o)
                              c:/program files (x86)/atmel/atmel studio 6.0/extensions/atmel/avrgcc/3.4.0.65/avrtoolchain/bin/../lib/gcc/avr/4.6.2/../../../../avr/lib/avrxmega6\libc.a(vfprintf_std.o) (strnlen)
c:/program files (x86)/atmel/atmel studio 6.0/extensions/atmel/avrgcc/3.4.0.65/avrtoolchain/bin/../lib/gcc/avr/4.6.2/../../../../avr/lib/avrxmega6\libc.a(fputc.o)
                              c:/program files (x86)/atmel/atmel studio 6.0/extensions/atmel/avrgcc/3.4.0.65/avrtoolchain/bin/../lib/gcc/avr/4.6.2/../../../../avr/lib/avrxmega6\libc.a(vfprintf_std.o) (fputc)
c:/program files (x86)/atmel/atmel studio 6.0/extensions/atmel/avrgcc/3.4.0.65/avrtoolchain/bin/../lib/gcc/avr/4.6.2/../../../../avr/lib/avrxmega6\libc.a(iob.o)
                              c:/program files (x86)/atmel/atmel studio 6.0/extensions/atmel/avrgcc/3.4.0.65/avrtoolchain/bin/../lib/gcc/avr/4.6.2/../../../../avr/lib/avrxmega6\libc.a(printf.o) (__iob)
c:/program files (x86)/atmel/atmel studio 6.0/extensions/atmel/avrgcc/3.4.0.65/avrtoolchain/bin/../lib/gcc/avr/4.6.2/../../../../avr/lib/avrxmega6\libc.a(ultoa_invert.o)
                              c:/program files (x86)/atmel/atmel studio 6.0/extensions/atmel/avrgcc/3.4.0.65/avrtoolchain/bin/../lib/gcc/avr/4.6.2/../../../../avr/lib/avrxmega6\libc.a(vfprintf_std.o) (__ultoa_invert)

Allocating common symbols
Common symbol       size              file

SDBuffer            0x200             chb_drvr.o
bankA_OUT           0x1               E-000001-000009__firmware_rev_1_0.o
appendFileLocation  0x4               chb_drvr.o
firstDataSector     0x4               chb_drvr.o
FRAMReadBuffer      0x1c71            chb_drvr.o
fileSize            0x4               chb_drvr.o
bytesPerSector      0x2               chb_drvr.o
saved_sreg          0x1               chb.o
FRAMAddress         0x2               E-000001-000009__firmware_rev_1_0.o
totalClusters       0x4               chb_drvr.o
discardCount        0x1               E-000001-000009__firmware_rev_1_0.o
rootCluster         0x4               chb_drvr.o
data24Bit           0x1000            E-000001-000009__firmware_rev_1_0.o
temp64              0x2               E-000001-000009__firmware_rev_1_0.o
SPIBuffer           0xd               E-000001-000009__firmware_rev_1_0.o
sampleCount         0x2               E-000001-000009__firmware_rev_1_0.o
bankA_DIR           0x1               E-000001-000009__firmware_rev_1_0.o
sectorPerCluster    0x2               chb_drvr.o
unusedSectors       0x4               chb_drvr.o
channelStatus       0x1               E-000001-000009__firmware_rev_1_0.o
bankB_OUT           0x1               E-000001-000009__firmware_rev_1_0.o
reservedSectorCount
                    0x2               chb_drvr.o
temp32              0x2               E-000001-000009__firmware_rev_1_0.o
appendStartCluster  0x4               chb_drvr.o
sumFRAM             0x18              E-000001-000009__firmware_rev_1_0.o
error               0x1               chb_drvr.o
Buffer              0xd               E-000001-000009__firmware_rev_1_0.o
SPICount            0x1               E-000001-000009__firmware_rev_1_0.o
freeClusterCountUpdated
                    0x1               chb_drvr.o
__iob               0x6               c:/program files (x86)/atmel/atmel studio 6.0/extensions/atmel/avrgcc/3.4.0.65/avrtoolchain/bin/../lib/gcc/avr/4.6.2/../../../../avr/lib/avrxmega6\libc.a(iob.o)
appendFileSector    0x4               chb_drvr.o
bankB_DIR           0x1               E-000001-000009__firmware_rev_1_0.o

Memory Configuration

Name             Origin             Length             Attributes
text             0x00000000         0x00100000         xr
data             0x00802000         0x0000ffa0         rw !x
eeprom           0x00810000         0x00010000         rw !x
fuse             0x00820000         0x00000400         rw !x
lock             0x00830000         0x00000400         rw !x
signature        0x00840000         0x00000400         rw !x
*default*        0x00000000         0xffffffff

Linker script and memory map

LOAD c:/program files (x86)/atmel/atmel studio 6.0/extensions/atmel/avrgcc/3.4.0.65/avrtoolchain/bin/../lib/gcc/avr/4.6.2/../../../../avr/lib/avrxmega6/crtx256a3.o
LOAD chb.o
LOAD chb_buf.o
LOAD chb_drvr.o
LOAD chb_eeprom.o
LOAD chb_spi.o
LOAD board_checkout.o
LOAD adc_driver.o
LOAD clksys_driver.o
LOAD E-000001-000009__firmware_rev_1_0.o
LOAD FAT32.o
START GROUP
LOAD c:/program files (x86)/atmel/atmel studio 6.0/extensions/atmel/avrgcc/3.4.0.65/avrtoolchain/bin/../lib/gcc/avr/4.6.2/../../../../avr/lib/avrxmega6\libm.a
END GROUP
LOAD c:/program files (x86)/atmel/atmel studio 6.0/extensions/atmel/avrgcc/3.4.0.65/avrtoolchain/bin/../lib/gcc/avr/4.6.2/avrxmega6\libgcc.a
LOAD c:/program files (x86)/atmel/atmel studio 6.0/extensions/atmel/avrgcc/3.4.0.65/avrtoolchain/bin/../lib/gcc/avr/4.6.2/../../../../avr/lib/avrxmega6\libc.a
LOAD c:/program files (x86)/atmel/atmel studio 6.0/extensions/atmel/avrgcc/3.4.0.65/avrtoolchain/bin/../lib/gcc/avr/4.6.2/avrxmega6\libgcc.a

.hash
 *(.hash)

.dynsym
 *(.dynsym)

.dynstr
 *(.dynstr)

.gnu.version
 *(.gnu.version)

.gnu.version_d
 *(.gnu.version_d)

.gnu.version_r
 *(.gnu.version_r)

.rel.init
 *(.rel.init)

.rela.init
 *(.rela.init)

.rel.text
 *(.rel.text)
 *(.rel.text.*)
 *(.rel.gnu.linkonce.t*)

.rela.text
 *(.rela.text)
 *(.rela.text.*)
 *(.rela.gnu.linkonce.t*)

.rel.fini
 *(.rel.fini)

.rela.fini
 *(.rela.fini)

.rel.rodata
 *(.rel.rodata)
 *(.rel.rodata.*)
 *(.rel.gnu.linkonce.r*)

.rela.rodata
 *(.rela.rodata)
 *(.rela.rodata.*)
 *(.rela.gnu.linkonce.r*)

.rel.data
 *(.rel.data)
 *(.rel.data.*)
 *(.rel.gnu.linkonce.d*)

.rela.data
 *(.rela.data)
 *(.rela.data.*)
 *(.rela.gnu.linkonce.d*)

.rel.ctors
 *(.rel.ctors)

.rela.ctors
 *(.rela.ctors)

.rel.dtors
 *(.rel.dtors)

.rela.dtors
 *(.rela.dtors)

.rel.got
 *(.rel.got)

.rela.got
 *(.rela.got)

.rel.bss
 *(.rel.bss)

.rela.bss
 *(.rela.bss)

.rel.plt
 *(.rel.plt)

.rela.plt
 *(.rela.plt)

.text           0x00000000     0x68d2
 *(.vectors)
 .vectors       0x00000000      0x1e8 c:/program files (x86)/atmel/atmel studio 6.0/extensions/atmel/avrgcc/3.4.0.65/avrtoolchain/bin/../lib/gcc/avr/4.6.2/../../../../avr/lib/avrxmega6/crtx256a3.o
                0x00000000                __vector_default
                0x00000000                __vectors
 *(.vectors)
 *(.progmem.gcc*)
 *(.progmem*)
 .progmem.data  0x000001e8       0x44 chb_drvr.o
                0x000001e8                chb_err_init
                0x00000208                chb_err_overflow
                0x0000022c                . = ALIGN (0x2)
                0x0000022c                __trampolines_start = .
 *(.trampolines)
 .trampolines   0x0000022c        0x0 linker stubs
 *(.trampolines*)
                0x0000022c                __trampolines_end = .
 *(.jumptables)
 *(.jumptables*)
 *(.lowtext)
 *(.lowtext*)
                0x0000022c                __ctors_start = .
 *(.ctors)
                0x0000022c                __ctors_end = .
                0x0000022c                __dtors_start = .
 *(.dtors)
                0x0000022c                __dtors_end = .
 SORT(*)(.ctors)
 SORT(*)(.dtors)
 *(.init0)
 .init0         0x0000022c        0x0 c:/program files (x86)/atmel/atmel studio 6.0/extensions/atmel/avrgcc/3.4.0.65/avrtoolchain/bin/../lib/gcc/avr/4.6.2/../../../../avr/lib/avrxmega6/crtx256a3.o
                0x0000022c                __init
 *(.init0)
 *(.init1)
 *(.init1)
 *(.init2)
 .init2         0x0000022c       0x10 c:/program files (x86)/atmel/atmel studio 6.0/extensions/atmel/avrgcc/3.4.0.65/avrtoolchain/bin/../lib/gcc/avr/4.6.2/../../../../avr/lib/avrxmega6/crtx256a3.o
 *(.init2)
 *(.init3)
 *(.init3)
 *(.init4)
 .init4         0x0000023c       0x1a c:/program files (x86)/atmel/atmel studio 6.0/extensions/atmel/avrgcc/3.4.0.65/avrtoolchain/bin/../lib/gcc/avr/4.6.2/avrxmega6\libgcc.a(_copy_data.o)
                0x0000023c                __do_copy_data
 .init4         0x00000256       0x10 c:/program files (x86)/atmel/atmel studio 6.0/extensions/atmel/avrgcc/3.4.0.65/avrtoolchain/bin/../lib/gcc/avr/4.6.2/avrxmega6\libgcc.a(_clear_bss.o)
                0x00000256                __do_clear_bss
 *(.init4)
 *(.init5)
 *(.init5)
 *(.init6)
 *(.init6)
 *(.init7)
 *(.init7)
 *(.init8)
 *(.init8)
 *(.init9)
 .init9         0x00000266        0x8 c:/program files (x86)/atmel/atmel studio 6.0/extensions/atmel/avrgcc/3.4.0.65/avrtoolchain/bin/../lib/gcc/avr/4.6.2/../../../../avr/lib/avrxmega6/crtx256a3.o
 *(.init9)
 *(.text)
 .text          0x0000026e        0x4 c:/program files (x86)/atmel/atmel studio 6.0/extensions/atmel/avrgcc/3.4.0.65/avrtoolchain/bin/../lib/gcc/avr/4.6.2/../../../../avr/lib/avrxmega6/crtx256a3.o
                0x0000026e                __vector_38
                0x0000026e                __vector_22
                0x0000026e                __vector_63
                0x0000026e                __vector_28
                0x0000026e                __vector_67
                0x0000026e                __vector_1
                0x0000026e                __vector_119
                0x0000026e                __vector_32
                0x0000026e                __vector_75
                0x0000026e                __vector_71
                0x0000026e                __vector_91
                0x0000026e                __vector_34
                0x0000026e                __vector_62
                0x0000026e                __vector_102
                0x0000026e                __vector_24
                0x0000026e                __vector_12
                0x0000026e                __vector_55
                0x0000026e                __vector_69
                0x0000026e                __vector_90
                0x0000026e                __vector_46
                0x0000026e                __bad_interrupt
                0x0000026e                __vector_72
                0x0000026e                __vector_114
                0x0000026e                __vector_6
                0x0000026e                __vector_110
                0x0000026e                __vector_31
                0x0000026e                __vector_92
                0x0000026e                __vector_35
                0x0000026e                __vector_78
                0x0000026e                __vector_74
                0x0000026e                __vector_117
                0x0000026e                __vector_39
                0x0000026e                __vector_107
                0x0000026e                __vector_3
                0x0000026e                __vector_105
                0x0000026e                __vector_98
                0x0000026e                __vector_23
                0x0000026e                __vector_68
                0x0000026e                __vector_30
                0x0000026e                __vector_73
                0x0000026e                __vector_45
                0x0000026e                __vector_25
                0x0000026e                __vector_93
                0x0000026e                __vector_61
                0x0000026e                __vector_11
                0x0000026e                __vector_54
                0x0000026e                __vector_99
                0x0000026e                __vector_13
                0x0000026e                __vector_56
                0x0000026e                __vector_7
                0x0000026e                __vector_49
                0x0000026e                __vector_41
                0x0000026e                __vector_86
                0x0000026e                __vector_100
                0x0000026e                __vector_101
                0x0000026e                __vector_88
                0x0000026e                __vector_109
                0x0000026e                __vector_43
                0x0000026e                __vector_27
                0x0000026e                __vector_5
                0x0000026e                __vector_113
                0x0000026e                __vector_33
                0x0000026e                __vector_76
                0x0000026e                __vector_115
                0x0000026e                __vector_47
                0x0000026e                __vector_52
                0x0000026e                __vector_37
                0x0000026e                __vector_95
                0x0000026e                __vector_103
                0x0000026e                __vector_96
                0x0000026e                __vector_89
                0x0000026e                __vector_108
                0x0000026e                __vector_4
                0x0000026e                __vector_44
                0x0000026e                __vector_106
                0x0000026e                __vector_118
                0x0000026e                __vector_51
                0x0000026e                __vector_9
                0x0000026e                __vector_2
                0x0000026e                __vector_21
                0x0000026e                __vector_15
                0x0000026e                __vector_66
                0x0000026e                __vector_36
                0x0000026e                __vector_58
                0x0000026e                __vector_70
                0x0000026e                __vector_83
                0x0000026e                __vector_29
                0x0000026e                __vector_60
                0x0000026e                __vector_121
                0x0000026e                __vector_40
                0x0000026e                __vector_85
                0x0000026e                __vector_94
                0x0000026e                __vector_8
                0x0000026e                __vector_26
                0x0000026e                __vector_48
                0x0000026e                __vector_116
                0x0000026e                __vector_112
                0x0000026e                __vector_111
                0x0000026e                __vector_84
                0x0000026e                __vector_57
                0x0000026e                __vector_53
                0x0000026e                __vector_10
                0x0000026e                __vector_50
                0x0000026e                __vector_59
                0x0000026e                __vector_97
                0x0000026e                __vector_20
                0x0000026e                __vector_42
                0x0000026e                __vector_87
                0x0000026e                __vector_65
                0x0000026e                __vector_120
 .text          0x00000272      0x1e6 chb.o
                0x00000272                chb_init
                0x00000292                chb_get_pcb
                0x00000298                chb_write
                0x000003aa                chb_read
 .text          0x00000458       0x60 chb_buf.o
                0x00000458                chb_buf_init
                0x00000466                chb_buf_write
                0x0000048c                chb_buf_read
                0x000004b2                chb_buf_get_len
 .text          0x000004b8      0x7a2 chb_drvr.o
                0x000004b8                chb_reg_read
                0x000004f6                chb_reset
                0x0000053e                chb_reg_read16
                0x00000556                chb_reg_write
                0x0000059c                chb_reg_write16
                0x000005c6                chb_reg_write64
                0x000005ee                chb_reg_read_mod_write
                0x00000624                chb_frame_write
                0x000006c0                chb_set_mode
                0x0000070a                chb_set_channel
                0x0000074e                chb_set_pwr
                0x00000758                chb_set_state
                0x000007de                chb_set_ieee_addr
                0x00000800                chb_get_ieee_addr
                0x00000810                chb_set_short_addr
                0x0000085e                chb_get_short_addr
                0x0000088a                chb_tx
                0x00000910                chb_sleep
                0x0000093e                chb_drvr_init
                0x00000a44                __vector_64
 .text          0x00000c5a      0x134 chb_eeprom.o
                0x00000c5a                chb_eeprom_write
                0x00000d1e                chb_eeprom_read
 .text          0x00000d8e       0x26 chb_spi.o
                0x00000d8e                chb_spi_init
 .text          0x00000db4        0x0 board_checkout.o
 .text          0x00000db4      0x14c adc_driver.o
                0x00000db4                ADC_ResultCh_GetWord_Unsigned
                0x00000dc4                ADC_ResultCh_GetWord_Signed
                0x00000dda                ADC_ResultCh_GetWord
                0x00000de6                ADC_ResultCh_GetLowByte
                0x00000df0                ADC_ResultCh_GetHighByte
                0x00000dfa                ADC_Wait_8MHz
                0x00000e0c                ADC_Wait_32MHz
                0x00000e20                ADC_Offset_Get_Unsigned
                0x00000e6e                ADC_Offset_Get_Signed
                0x00000ebe                SP_ReadCalibrationByte
                0x00000ed0                ADC_CalibrationValues_Load
 .text          0x00000f00       0xf4 clksys_driver.o
                0x00000f00                CCPWrite
                0x00000f2a                CLKSYS_XOSC_Config
                0x00000f40                CLKSYS_PLL_Config
                0x00000f4c                CLKSYS_Disable
                0x00000f60                CLKSYS_Prescalers_Config
                0x00000f6c                CLKSYS_Main_ClockSource_Select
                0x00000f92                CLKSYS_RTC_ClockSource_Enable
                0x00000fa2                CLKSYS_AutoCalibration_Enable
                0x00000fdc                CLKSYS_XOSC_FailureDetection_Enable
                0x00000fe8                CLKSYS_Configuration_Lock
 .text          0x00000ff4     0x2bd2 E-000001-000009__firmware_rev_1_0.o
                0x00000ff4                setXOSC_32MHz
                0x00001038                set_16MHz
                0x00001060                set_32MHz
                0x00001088                portExCS
                0x000010a8                Ext1Power
                0x000010d2                Ext2Power
                0x000010fc                HVPower
                0x00001132                enableADCMUX
                0x0000114a                lowerMuxCS
                0x00001162                upperMuxCS
                0x0000117a                setADCInput
                0x000011b2                SPIInit
                0x000011d4                SPIInit2
                0x000011f8                SPICS
                0x00001210                SPIDisable
                0x00001224                set_filter
                0x000012ea                PortEx_OUTCLR
                0x00001394                PortEx_OUTSET
                0x0000143a                set_ampGain
                0x00001498                PortEx_DIRCLR
                0x00001542                PortEx_DIRSET
                0x000015e8                ADCPower
                0x000016ec                CO_collectTemp
                0x000018f2                CO_collectBatt
                0x00001b2a                __vector_104
                0x00001c52                ACC_DCPassEnable
                0x00001c72                CO_collectADC
                0x0000220e                CO_collectSeismic3Channel
                0x000023ac                CO_collectSeismic1Channel
                0x00002530                sampleCurrentChannel
                0x000025ac                __vector_82
                0x00002600                __vector_81
                0x00002650                __vector_80
                0x000026a0                __vector_79
                0x000026f0                __vector_19
                0x00002774                __vector_18
                0x000027c4                __vector_17
                0x00002814                __vector_16
                0x00002864                writeSE2FRAM
                0x00002a5e                __vector_77
                0x00002aae                __vector_14
                0x00002afe                readFRAM
                0x00002bb2                calcChecksumFRAM
                0x00002ffe                FRAMTest1Channel
                0x00003074                FRAMTest3Channel
                0x000030fa                FRAMWriteKnowns
                0x0000328a                FRAMWriteKnownsCheck
                0x000032ac                SDHC_CS
                0x000032ae                SPI_write
                0x000032c2                SD_command
                0x0000337a                SD_write_block
                0x000034ba                SD_read_block
                0x0000356c                checkMote
                0x000035cc                SD_init
                0x0000374e                SD_write_multiple_blocks
                0x0000395c                SD_read_multiple_blocks
                0x00003a5c                SD_disable
                0x00003a96                SD_write_and_read_knowns
                0x00003b46                SD_write_and_read_knowns_FAT
                0x00003b8a                RadioCS
                0x00003ba2                SPID_write
                0x00003bb6                chibi_test_radio
 .text          0x00003bc6      0xed6 FAT32.o
                0x00003bc6                getFirstSector
                0x00003c18                getSetNextCluster
                0x00003d12                getSetFreeCluster
                0x00003e40                getBootSectorData
                0x00004004                convertFileName
                0x000040d6                searchNextFreeCluster
                0x00004226                freeMemoryUpdate
                0x000042da                findFiles
                0x00004552                deleteFile
                0x0000456e                readFile
                0x0000464a                writeFile
 .text          0x00004a9c        0x0 c:/program files (x86)/atmel/atmel studio 6.0/extensions/atmel/avrgcc/3.4.0.65/avrtoolchain/bin/../lib/gcc/avr/4.6.2/avrxmega6\libgcc.a(_mulsi3.o)
 .text          0x00004a9c        0x0 c:/program files (x86)/atmel/atmel studio 6.0/extensions/atmel/avrgcc/3.4.0.65/avrtoolchain/bin/../lib/gcc/avr/4.6.2/avrxmega6\libgcc.a(_udivmodhi4.o)
 .text          0x00004a9c        0x0 c:/program files (x86)/atmel/atmel studio 6.0/extensions/atmel/avrgcc/3.4.0.65/avrtoolchain/bin/../lib/gcc/avr/4.6.2/avrxmega6\libgcc.a(_divmodhi4.o)
 .text          0x00004a9c        0x0 c:/program files (x86)/atmel/atmel studio 6.0/extensions/atmel/avrgcc/3.4.0.65/avrtoolchain/bin/../lib/gcc/avr/4.6.2/avrxmega6\libgcc.a(_udivmodsi4.o)
 .text          0x00004a9c        0x0 c:/program files (x86)/atmel/atmel studio 6.0/extensions/atmel/avrgcc/3.4.0.65/avrtoolchain/bin/../lib/gcc/avr/4.6.2/avrxmega6\libgcc.a(_divmodsi4.o)
 .text          0x00004a9c        0x0 c:/program files (x86)/atmel/atmel studio 6.0/extensions/atmel/avrgcc/3.4.0.65/avrtoolchain/bin/../lib/gcc/avr/4.6.2/avrxmega6\libgcc.a(_exit.o)
 .text          0x00004a9c        0x0 c:/program files (x86)/atmel/atmel studio 6.0/extensions/atmel/avrgcc/3.4.0.65/avrtoolchain/bin/../lib/gcc/avr/4.6.2/avrxmega6\libgcc.a(_copy_data.o)
 .text          0x00004a9c        0x0 c:/program files (x86)/atmel/atmel studio 6.0/extensions/atmel/avrgcc/3.4.0.65/avrtoolchain/bin/../lib/gcc/avr/4.6.2/avrxmega6\libgcc.a(_clear_bss.o)
 .text          0x00004a9c      0x1a6 c:/program files (x86)/atmel/atmel studio 6.0/extensions/atmel/avrgcc/3.4.0.65/avrtoolchain/bin/../lib/gcc/avr/4.6.2/avrxmega6\libgcc.a(_muldi3.o)
                0x00004a9c                __muldi3
 .text          0x00004c42       0xe8 c:/program files (x86)/atmel/atmel studio 6.0/extensions/atmel/avrgcc/3.4.0.65/avrtoolchain/bin/../lib/gcc/avr/4.6.2/avrxmega6\libgcc.a(_ashldi3.o)
                0x00004c42                __ashldi3
 .text          0x00004d2a       0xd0 c:/program files (x86)/atmel/atmel studio 6.0/extensions/atmel/avrgcc/3.4.0.65/avrtoolchain/bin/../lib/gcc/avr/4.6.2/avrxmega6\libgcc.a(_ashrdi3.o)
                0x00004d2a                __ashrdi3
 .text          0x00004dfa      0xf78 c:/program files (x86)/atmel/atmel studio 6.0/extensions/atmel/avrgcc/3.4.0.65/avrtoolchain/bin/../lib/gcc/avr/4.6.2/avrxmega6\libgcc.a(_divdi3.o)
                0x00004dfa                __divdi3
 .text          0x00005d72        0x0 c:/program files (x86)/atmel/atmel studio 6.0/extensions/atmel/avrgcc/3.4.0.65/avrtoolchain/bin/../lib/gcc/avr/4.6.2/avrxmega6\libgcc.a(_prologue.o)
 .text          0x00005d72        0x0 c:/program files (x86)/atmel/atmel studio 6.0/extensions/atmel/avrgcc/3.4.0.65/avrtoolchain/bin/../lib/gcc/avr/4.6.2/avrxmega6\libgcc.a(_epilogue.o)
 .text          0x00005d72        0x0 c:/program files (x86)/atmel/atmel studio 6.0/extensions/atmel/avrgcc/3.4.0.65/avrtoolchain/bin/../lib/gcc/avr/4.6.2/avrxmega6\libgcc.a(_clz.o)
 .text          0x00005d72        0x0 c:/program files (x86)/atmel/atmel studio 6.0/extensions/atmel/avrgcc/3.4.0.65/avrtoolchain/bin/../lib/gcc/avr/4.6.2/../../../../avr/lib/avrxmega6\libc.a(strcpy_P.o)
 .text          0x00005d72        0x0 c:/program files (x86)/atmel/atmel studio 6.0/extensions/atmel/avrgcc/3.4.0.65/avrtoolchain/bin/../lib/gcc/avr/4.6.2/../../../../avr/lib/avrxmega6\libc.a(memmove.o)
 .text          0x00005d72        0x0 c:/program files (x86)/atmel/atmel studio 6.0/extensions/atmel/avrgcc/3.4.0.65/avrtoolchain/bin/../lib/gcc/avr/4.6.2/../../../../avr/lib/avrxmega6\libc.a(printf.o)
 .text          0x00005d72        0x0 c:/program files (x86)/atmel/atmel studio 6.0/extensions/atmel/avrgcc/3.4.0.65/avrtoolchain/bin/../lib/gcc/avr/4.6.2/../../../../avr/lib/avrxmega6\libc.a(vfprintf_std.o)
 .text          0x00005d72        0x0 c:/program files (x86)/atmel/atmel studio 6.0/extensions/atmel/avrgcc/3.4.0.65/avrtoolchain/bin/../lib/gcc/avr/4.6.2/../../../../avr/lib/avrxmega6\libc.a(strnlen_P.o)
 .text          0x00005d72        0x0 c:/program files (x86)/atmel/atmel studio 6.0/extensions/atmel/avrgcc/3.4.0.65/avrtoolchain/bin/../lib/gcc/avr/4.6.2/../../../../avr/lib/avrxmega6\libc.a(memcpy.o)
 .text          0x00005d72        0x0 c:/program files (x86)/atmel/atmel studio 6.0/extensions/atmel/avrgcc/3.4.0.65/avrtoolchain/bin/../lib/gcc/avr/4.6.2/../../../../avr/lib/avrxmega6\libc.a(strnlen.o)
 .text          0x00005d72        0x0 c:/program files (x86)/atmel/atmel studio 6.0/extensions/atmel/avrgcc/3.4.0.65/avrtoolchain/bin/../lib/gcc/avr/4.6.2/../../../../avr/lib/avrxmega6\libc.a(fputc.o)
 .text          0x00005d72        0x0 c:/program files (x86)/atmel/atmel studio 6.0/extensions/atmel/avrgcc/3.4.0.65/avrtoolchain/bin/../lib/gcc/avr/4.6.2/../../../../avr/lib/avrxmega6\libc.a(iob.o)
 .text          0x00005d72        0x0 c:/program files (x86)/atmel/atmel studio 6.0/extensions/atmel/avrgcc/3.4.0.65/avrtoolchain/bin/../lib/gcc/avr/4.6.2/../../../../avr/lib/avrxmega6\libc.a(ultoa_invert.o)
                0x00005d72                . = ALIGN (0x2)
 *(.text.*)
 .text.startup  0x00005d72      0x44a board_checkout.o
                0x00005d72                main
 .text.libgcc   0x000061bc       0x3e c:/program files (x86)/atmel/atmel studio 6.0/extensions/atmel/avrgcc/3.4.0.65/avrtoolchain/bin/../lib/gcc/avr/4.6.2/avrxmega6\libgcc.a(_mulsi3.o)
                0x000061bc                __mulsi3
 .text.libgcc   0x000061fa       0x28 c:/program files (x86)/atmel/atmel studio 6.0/extensions/atmel/avrgcc/3.4.0.65/avrtoolchain/bin/../lib/gcc/avr/4.6.2/avrxmega6\libgcc.a(_udivmodhi4.o)
                0x000061fa                __udivmodhi4
 .text.libgcc   0x00006222       0x26 c:/program files (x86)/atmel/atmel studio 6.0/extensions/atmel/avrgcc/3.4.0.65/avrtoolchain/bin/../lib/gcc/avr/4.6.2/avrxmega6\libgcc.a(_divmodhi4.o)
                0x00006222                _div
                0x00006222                __divmodhi4
 .text.libgcc   0x00006248       0x44 c:/program files (x86)/atmel/atmel studio 6.0/extensions/atmel/avrgcc/3.4.0.65/avrtoolchain/bin/../lib/gcc/avr/4.6.2/avrxmega6\libgcc.a(_udivmodsi4.o)
                0x00006248                __udivmodsi4
 .text.libgcc   0x0000628c       0x36 c:/program files (x86)/atmel/atmel studio 6.0/extensions/atmel/avrgcc/3.4.0.65/avrtoolchain/bin/../lib/gcc/avr/4.6.2/avrxmega6\libgcc.a(_divmodsi4.o)
                0x0000628c                __divmodsi4
 .text.libgcc   0x000062c2        0x0 c:/program files (x86)/atmel/atmel studio 6.0/extensions/atmel/avrgcc/3.4.0.65/avrtoolchain/bin/../lib/gcc/avr/4.6.2/avrxmega6\libgcc.a(_exit.o)
 .text.libgcc   0x000062c2        0x0 c:/program files (x86)/atmel/atmel studio 6.0/extensions/atmel/avrgcc/3.4.0.65/avrtoolchain/bin/../lib/gcc/avr/4.6.2/avrxmega6\libgcc.a(_copy_data.o)
 .text.libgcc   0x000062c2        0x0 c:/program files (x86)/atmel/atmel studio 6.0/extensions/atmel/avrgcc/3.4.0.65/avrtoolchain/bin/../lib/gcc/avr/4.6.2/avrxmega6\libgcc.a(_clear_bss.o)
 .text.libgcc   0x000062c2       0x32 c:/program files (x86)/atmel/atmel studio 6.0/extensions/atmel/avrgcc/3.4.0.65/avrtoolchain/bin/../lib/gcc/avr/4.6.2/avrxmega6\libgcc.a(_prologue.o)
                0x000062c2                __prologue_saves__
 .text.libgcc   0x000062f4       0x30 c:/program files (x86)/atmel/atmel studio 6.0/extensions/atmel/avrgcc/3.4.0.65/avrtoolchain/bin/../lib/gcc/avr/4.6.2/avrxmega6\libgcc.a(_epilogue.o)
                0x000062f4                __epilogue_restores__
 .text.avr-libc
                0x00006324        0xe c:/program files (x86)/atmel/atmel studio 6.0/extensions/atmel/avrgcc/3.4.0.65/avrtoolchain/bin/../lib/gcc/avr/4.6.2/../../../../avr/lib/avrxmega6\libc.a(strcpy_P.o)
                0x00006324                strcpy_P
 .text.avr-libc
                0x00006332       0x24 c:/program files (x86)/atmel/atmel studio 6.0/extensions/atmel/avrgcc/3.4.0.65/avrtoolchain/bin/../lib/gcc/avr/4.6.2/../../../../avr/lib/avrxmega6\libc.a(memmove.o)
                0x00006332                memmove
 .text.avr-libc
                0x00006356       0x24 c:/program files (x86)/atmel/atmel studio 6.0/extensions/atmel/avrgcc/3.4.0.65/avrtoolchain/bin/../lib/gcc/avr/4.6.2/../../../../avr/lib/avrxmega6\libc.a(printf.o)
                0x00006356                printf
 .text.avr-libc
                0x0000637a      0x402 c:/program files (x86)/atmel/atmel studio 6.0/extensions/atmel/avrgcc/3.4.0.65/avrtoolchain/bin/../lib/gcc/avr/4.6.2/../../../../avr/lib/avrxmega6\libc.a(vfprintf_std.o)
                0x0000637a                vfprintf
 .text.avr-libc
                0x0000677c       0x16 c:/program files (x86)/atmel/atmel studio 6.0/extensions/atmel/avrgcc/3.4.0.65/avrtoolchain/bin/../lib/gcc/avr/4.6.2/../../../../avr/lib/avrxmega6\libc.a(strnlen_P.o)
                0x0000677c                strnlen_P
 .text.avr-libc
                0x00006792       0x12 c:/program files (x86)/atmel/atmel studio 6.0/extensions/atmel/avrgcc/3.4.0.65/avrtoolchain/bin/../lib/gcc/avr/4.6.2/../../../../avr/lib/avrxmega6\libc.a(memcpy.o)
                0x00006792                memcpy
 .text.avr-libc
                0x000067a4       0x16 c:/program files (x86)/atmel/atmel studio 6.0/extensions/atmel/avrgcc/3.4.0.65/avrtoolchain/bin/../lib/gcc/avr/4.6.2/../../../../avr/lib/avrxmega6\libc.a(strnlen.o)
                0x000067a4                strnlen
 .text.avr-libc
                0x000067ba       0x58 c:/program files (x86)/atmel/atmel studio 6.0/extensions/atmel/avrgcc/3.4.0.65/avrtoolchain/bin/../lib/gcc/avr/4.6.2/../../../../avr/lib/avrxmega6\libc.a(fputc.o)
                0x000067ba                fputc
 .text.avr-libc
                0x00006812       0xbc c:/program files (x86)/atmel/atmel studio 6.0/extensions/atmel/avrgcc/3.4.0.65/avrtoolchain/bin/../lib/gcc/avr/4.6.2/../../../../avr/lib/avrxmega6\libc.a(ultoa_invert.o)
                0x00006812                __ultoa_invert
                0x000068ce                . = ALIGN (0x2)
 *(.fini9)
 .fini9         0x000068ce        0x0 c:/program files (x86)/atmel/atmel studio 6.0/extensions/atmel/avrgcc/3.4.0.65/avrtoolchain/bin/../lib/gcc/avr/4.6.2/avrxmega6\libgcc.a(_exit.o)
                0x000068ce                _exit
                0x000068ce                exit
 *(.fini9)
 *(.fini8)
 *(.fini8)
 *(.fini7)
 *(.fini7)
 *(.fini6)
 *(.fini6)
 *(.fini5)
 *(.fini5)
 *(.fini4)
 *(.fini4)
 *(.fini3)
 *(.fini3)
 *(.fini2)
 *(.fini2)
 *(.fini1)
 *(.fini1)
 *(.fini0)
 .fini0         0x000068ce        0x4 c:/program files (x86)/atmel/atmel studio 6.0/extensions/atmel/avrgcc/3.4.0.65/avrtoolchain/bin/../lib/gcc/avr/4.6.2/avrxmega6\libgcc.a(_exit.o)
 *(.fini0)
                0x000068d2                _etext = .

.data           0x00802000      0x122 load address 0x000068d2
                0x00802000                PROVIDE (__data_start, .)
 *(.data)
 .data          0x00802000        0x0 c:/program files (x86)/atmel/atmel studio 6.0/extensions/atmel/avrgcc/3.4.0.65/avrtoolchain/bin/../lib/gcc/avr/4.6.2/../../../../avr/lib/avrxmega6/crtx256a3.o
 .data          0x00802000        0x3 chb.o
 .data          0x00802003        0x0 chb_buf.o
 .data          0x00802003        0x0 chb_drvr.o
 .data          0x00802003        0x0 chb_eeprom.o
 .data          0x00802003        0x0 chb_spi.o
 .data          0x00802003        0x0 board_checkout.o
 .data          0x00802003        0x0 adc_driver.o
 .data          0x00802003        0x0 clksys_driver.o
 .data          0x00802003       0x1e E-000001-000009__firmware_rev_1_0.o
                0x00802003                newFileR
                0x00802012                newFile
 .data          0x00802021        0x0 FAT32.o
 .data          0x00802021        0x0 c:/program files (x86)/atmel/atmel studio 6.0/extensions/atmel/avrgcc/3.4.0.65/avrtoolchain/bin/../lib/gcc/avr/4.6.2/avrxmega6\libgcc.a(_mulsi3.o)
 .data          0x00802021        0x0 c:/program files (x86)/atmel/atmel studio 6.0/extensions/atmel/avrgcc/3.4.0.65/avrtoolchain/bin/../lib/gcc/avr/4.6.2/avrxmega6\libgcc.a(_udivmodhi4.o)
 .data          0x00802021        0x0 c:/program files (x86)/atmel/atmel studio 6.0/extensions/atmel/avrgcc/3.4.0.65/avrtoolchain/bin/../lib/gcc/avr/4.6.2/avrxmega6\libgcc.a(_divmodhi4.o)
 .data          0x00802021        0x0 c:/program files (x86)/atmel/atmel studio 6.0/extensions/atmel/avrgcc/3.4.0.65/avrtoolchain/bin/../lib/gcc/avr/4.6.2/avrxmega6\libgcc.a(_udivmodsi4.o)
 .data          0x00802021        0x0 c:/program files (x86)/atmel/atmel studio 6.0/extensions/atmel/avrgcc/3.4.0.65/avrtoolchain/bin/../lib/gcc/avr/4.6.2/avrxmega6\libgcc.a(_divmodsi4.o)
 .data          0x00802021        0x0 c:/program files (x86)/atmel/atmel studio 6.0/extensions/atmel/avrgcc/3.4.0.65/avrtoolchain/bin/../lib/gcc/avr/4.6.2/avrxmega6\libgcc.a(_exit.o)
 .data          0x00802021        0x0 c:/program files (x86)/atmel/atmel studio 6.0/extensions/atmel/avrgcc/3.4.0.65/avrtoolchain/bin/../lib/gcc/avr/4.6.2/avrxmega6\libgcc.a(_copy_data.o)
 .data          0x00802021        0x0 c:/program files (x86)/atmel/atmel studio 6.0/extensions/atmel/avrgcc/3.4.0.65/avrtoolchain/bin/../lib/gcc/avr/4.6.2/avrxmega6\libgcc.a(_clear_bss.o)
 .data          0x00802021        0x0 c:/program files (x86)/atmel/atmel studio 6.0/extensions/atmel/avrgcc/3.4.0.65/avrtoolchain/bin/../lib/gcc/avr/4.6.2/avrxmega6\libgcc.a(_muldi3.o)
 .data          0x00802021        0x0 c:/program files (x86)/atmel/atmel studio 6.0/extensions/atmel/avrgcc/3.4.0.65/avrtoolchain/bin/../lib/gcc/avr/4.6.2/avrxmega6\libgcc.a(_ashldi3.o)
 .data          0x00802021        0x0 c:/program files (x86)/atmel/atmel studio 6.0/extensions/atmel/avrgcc/3.4.0.65/avrtoolchain/bin/../lib/gcc/avr/4.6.2/avrxmega6\libgcc.a(_ashrdi3.o)
 .data          0x00802021        0x0 c:/program files (x86)/atmel/atmel studio 6.0/extensions/atmel/avrgcc/3.4.0.65/avrtoolchain/bin/../lib/gcc/avr/4.6.2/avrxmega6\libgcc.a(_divdi3.o)
 .data          0x00802021        0x0 c:/program files (x86)/atmel/atmel studio 6.0/extensions/atmel/avrgcc/3.4.0.65/avrtoolchain/bin/../lib/gcc/avr/4.6.2/avrxmega6\libgcc.a(_prologue.o)
 .data          0x00802021        0x0 c:/program files (x86)/atmel/atmel studio 6.0/extensions/atmel/avrgcc/3.4.0.65/avrtoolchain/bin/../lib/gcc/avr/4.6.2/avrxmega6\libgcc.a(_epilogue.o)
 .data          0x00802021      0x100 c:/program files (x86)/atmel/atmel studio 6.0/extensions/atmel/avrgcc/3.4.0.65/avrtoolchain/bin/../lib/gcc/avr/4.6.2/avrxmega6\libgcc.a(_clz.o)
                0x00802021                __clz_tab
 .data          0x00802121        0x0 c:/program files (x86)/atmel/atmel studio 6.0/extensions/atmel/avrgcc/3.4.0.65/avrtoolchain/bin/../lib/gcc/avr/4.6.2/../../../../avr/lib/avrxmega6\libc.a(strcpy_P.o)
 .data          0x00802121        0x0 c:/program files (x86)/atmel/atmel studio 6.0/extensions/atmel/avrgcc/3.4.0.65/avrtoolchain/bin/../lib/gcc/avr/4.6.2/../../../../avr/lib/avrxmega6\libc.a(memmove.o)
 .data          0x00802121        0x0 c:/program files (x86)/atmel/atmel studio 6.0/extensions/atmel/avrgcc/3.4.0.65/avrtoolchain/bin/../lib/gcc/avr/4.6.2/../../../../avr/lib/avrxmega6\libc.a(printf.o)
 .data          0x00802121        0x0 c:/program files (x86)/atmel/atmel studio 6.0/extensions/atmel/avrgcc/3.4.0.65/avrtoolchain/bin/../lib/gcc/avr/4.6.2/../../../../avr/lib/avrxmega6\libc.a(vfprintf_std.o)
 .data          0x00802121        0x0 c:/program files (x86)/atmel/atmel studio 6.0/extensions/atmel/avrgcc/3.4.0.65/avrtoolchain/bin/../lib/gcc/avr/4.6.2/../../../../avr/lib/avrxmega6\libc.a(strnlen_P.o)
 .data          0x00802121        0x0 c:/program files (x86)/atmel/atmel studio 6.0/extensions/atmel/avrgcc/3.4.0.65/avrtoolchain/bin/../lib/gcc/avr/4.6.2/../../../../avr/lib/avrxmega6\libc.a(memcpy.o)
 .data          0x00802121        0x0 c:/program files (x86)/atmel/atmel studio 6.0/extensions/atmel/avrgcc/3.4.0.65/avrtoolchain/bin/../lib/gcc/avr/4.6.2/../../../../avr/lib/avrxmega6\libc.a(strnlen.o)
 .data          0x00802121        0x0 c:/program files (x86)/atmel/atmel studio 6.0/extensions/atmel/avrgcc/3.4.0.65/avrtoolchain/bin/../lib/gcc/avr/4.6.2/../../../../avr/lib/avrxmega6\libc.a(fputc.o)
 .data          0x00802121        0x0 c:/program files (x86)/atmel/atmel studio 6.0/extensions/atmel/avrgcc/3.4.0.65/avrtoolchain/bin/../lib/gcc/avr/4.6.2/../../../../avr/lib/avrxmega6\libc.a(iob.o)
 .data          0x00802121        0x0 c:/program files (x86)/atmel/atmel studio 6.0/extensions/atmel/avrgcc/3.4.0.65/avrtoolchain/bin/../lib/gcc/avr/4.6.2/../../../../avr/lib/avrxmega6\libc.a(ultoa_invert.o)
 *(.data*)
 *(.rodata)
 *(.rodata*)
 *(.gnu.linkonce.d*)
                0x00802122                . = ALIGN (0x2)
 *fill*         0x00802121        0x1 00
                0x00802122                _edata = .
                0x00802122                PROVIDE (__data_end, .)

.bss            0x00802122     0x2f7e
                0x00802122                PROVIDE (__bss_start, .)
 *(.bss)
 .bss           0x00802122        0x0 c:/program files (x86)/atmel/atmel studio 6.0/extensions/atmel/avrgcc/3.4.0.65/avrtoolchain/bin/../lib/gcc/avr/4.6.2/../../../../avr/lib/avrxmega6/crtx256a3.o
 .bss           0x00802122       0x14 chb.o
 .bss           0x00802136       0x83 chb_buf.o
 .bss           0x008021b9        0x0 chb_drvr.o
 .bss           0x008021b9        0x0 chb_eeprom.o
 .bss           0x008021b9        0x0 chb_spi.o
 .bss           0x008021b9        0x0 board_checkout.o
 .bss           0x008021b9        0x0 adc_driver.o
 .bss           0x008021b9        0x0 clksys_driver.o
 .bss           0x008021b9        0x6 E-000001-000009__firmware_rev_1_0.o
                0x008021b9                checksumFRAM
                0x008021bc                checksumADC
 .bss           0x008021bf        0x0 FAT32.o
 .bss           0x008021bf        0x0 c:/program files (x86)/atmel/atmel studio 6.0/extensions/atmel/avrgcc/3.4.0.65/avrtoolchain/bin/../lib/gcc/avr/4.6.2/avrxmega6\libgcc.a(_mulsi3.o)
 .bss           0x008021bf        0x0 c:/program files (x86)/atmel/atmel studio 6.0/extensions/atmel/avrgcc/3.4.0.65/avrtoolchain/bin/../lib/gcc/avr/4.6.2/avrxmega6\libgcc.a(_udivmodhi4.o)
 .bss           0x008021bf        0x0 c:/program files (x86)/atmel/atmel studio 6.0/extensions/atmel/avrgcc/3.4.0.65/avrtoolchain/bin/../lib/gcc/avr/4.6.2/avrxmega6\libgcc.a(_divmodhi4.o)
 .bss           0x008021bf        0x0 c:/program files (x86)/atmel/atmel studio 6.0/extensions/atmel/avrgcc/3.4.0.65/avrtoolchain/bin/../lib/gcc/avr/4.6.2/avrxmega6\libgcc.a(_udivmodsi4.o)
 .bss           0x008021bf        0x0 c:/program files (x86)/atmel/atmel studio 6.0/extensions/atmel/avrgcc/3.4.0.65/avrtoolchain/bin/../lib/gcc/avr/4.6.2/avrxmega6\libgcc.a(_divmodsi4.o)
 .bss           0x008021bf        0x0 c:/program files (x86)/atmel/atmel studio 6.0/extensions/atmel/avrgcc/3.4.0.65/avrtoolchain/bin/../lib/gcc/avr/4.6.2/avrxmega6\libgcc.a(_exit.o)
 .bss           0x008021bf        0x0 c:/program files (x86)/atmel/atmel studio 6.0/extensions/atmel/avrgcc/3.4.0.65/avrtoolchain/bin/../lib/gcc/avr/4.6.2/avrxmega6\libgcc.a(_copy_data.o)
 .bss           0x008021bf        0x0 c:/program files (x86)/atmel/atmel studio 6.0/extensions/atmel/avrgcc/3.4.0.65/avrtoolchain/bin/../lib/gcc/avr/4.6.2/avrxmega6\libgcc.a(_clear_bss.o)
 .bss           0x008021bf        0x0 c:/program files (x86)/atmel/atmel studio 6.0/extensions/atmel/avrgcc/3.4.0.65/avrtoolchain/bin/../lib/gcc/avr/4.6.2/avrxmega6\libgcc.a(_muldi3.o)
 .bss           0x008021bf        0x0 c:/program files (x86)/atmel/atmel studio 6.0/extensions/atmel/avrgcc/3.4.0.65/avrtoolchain/bin/../lib/gcc/avr/4.6.2/avrxmega6\libgcc.a(_ashldi3.o)
 .bss           0x008021bf        0x0 c:/program files (x86)/atmel/atmel studio 6.0/extensions/atmel/avrgcc/3.4.0.65/avrtoolchain/bin/../lib/gcc/avr/4.6.2/avrxmega6\libgcc.a(_ashrdi3.o)
 .bss           0x008021bf        0x0 c:/program files (x86)/atmel/atmel studio 6.0/extensions/atmel/avrgcc/3.4.0.65/avrtoolchain/bin/../lib/gcc/avr/4.6.2/avrxmega6\libgcc.a(_divdi3.o)
 .bss           0x008021bf        0x0 c:/program files (x86)/atmel/atmel studio 6.0/extensions/atmel/avrgcc/3.4.0.65/avrtoolchain/bin/../lib/gcc/avr/4.6.2/avrxmega6\libgcc.a(_prologue.o)
 .bss           0x008021bf        0x0 c:/program files (x86)/atmel/atmel studio 6.0/extensions/atmel/avrgcc/3.4.0.65/avrtoolchain/bin/../lib/gcc/avr/4.6.2/avrxmega6\libgcc.a(_epilogue.o)
 .bss           0x008021bf        0x0 c:/program files (x86)/atmel/atmel studio 6.0/extensions/atmel/avrgcc/3.4.0.65/avrtoolchain/bin/../lib/gcc/avr/4.6.2/avrxmega6\libgcc.a(_clz.o)
 .bss           0x008021bf        0x0 c:/program files (x86)/atmel/atmel studio 6.0/extensions/atmel/avrgcc/3.4.0.65/avrtoolchain/bin/../lib/gcc/avr/4.6.2/../../../../avr/lib/avrxmega6\libc.a(strcpy_P.o)
 .bss           0x008021bf        0x0 c:/program files (x86)/atmel/atmel studio 6.0/extensions/atmel/avrgcc/3.4.0.65/avrtoolchain/bin/../lib/gcc/avr/4.6.2/../../../../avr/lib/avrxmega6\libc.a(memmove.o)
 .bss           0x008021bf        0x0 c:/program files (x86)/atmel/atmel studio 6.0/extensions/atmel/avrgcc/3.4.0.65/avrtoolchain/bin/../lib/gcc/avr/4.6.2/../../../../avr/lib/avrxmega6\libc.a(printf.o)
 .bss           0x008021bf        0x0 c:/program files (x86)/atmel/atmel studio 6.0/extensions/atmel/avrgcc/3.4.0.65/avrtoolchain/bin/../lib/gcc/avr/4.6.2/../../../../avr/lib/avrxmega6\libc.a(vfprintf_std.o)
 .bss           0x008021bf        0x0 c:/program files (x86)/atmel/atmel studio 6.0/extensions/atmel/avrgcc/3.4.0.65/avrtoolchain/bin/../lib/gcc/avr/4.6.2/../../../../avr/lib/avrxmega6\libc.a(strnlen_P.o)
 .bss           0x008021bf        0x0 c:/program files (x86)/atmel/atmel studio 6.0/extensions/atmel/avrgcc/3.4.0.65/avrtoolchain/bin/../lib/gcc/avr/4.6.2/../../../../avr/lib/avrxmega6\libc.a(memcpy.o)
 .bss           0x008021bf        0x0 c:/program files (x86)/atmel/atmel studio 6.0/extensions/atmel/avrgcc/3.4.0.65/avrtoolchain/bin/../lib/gcc/avr/4.6.2/../../../../avr/lib/avrxmega6\libc.a(strnlen.o)
 .bss           0x008021bf        0x0 c:/program files (x86)/atmel/atmel studio 6.0/extensions/atmel/avrgcc/3.4.0.65/avrtoolchain/bin/../lib/gcc/avr/4.6.2/../../../../avr/lib/avrxmega6\libc.a(fputc.o)
 .bss           0x008021bf        0x0 c:/program files (x86)/atmel/atmel studio 6.0/extensions/atmel/avrgcc/3.4.0.65/avrtoolchain/bin/../lib/gcc/avr/4.6.2/../../../../avr/lib/avrxmega6\libc.a(iob.o)
 .bss           0x008021bf        0x0 c:/program files (x86)/atmel/atmel studio 6.0/extensions/atmel/avrgcc/3.4.0.65/avrtoolchain/bin/../lib/gcc/avr/4.6.2/../../../../avr/lib/avrxmega6\libc.a(ultoa_invert.o)
 *(.bss*)
 *(COMMON)
 COMMON         0x008021bf        0x1 chb.o
                0x008021bf                saved_sreg
 COMMON         0x008021c0     0x1e99 chb_drvr.o
                0x008021c0                SDBuffer
                0x008023c0                appendFileLocation
                0x008023c4                firstDataSector
                0x008023c8                FRAMReadBuffer
                0x00804039                fileSize
                0x0080403d                bytesPerSector
                0x0080403f                totalClusters
                0x00804043                rootCluster
                0x00804047                sectorPerCluster
                0x00804049                unusedSectors
                0x0080404d                reservedSectorCount
                0x0080404f                appendStartCluster
                0x00804053                error
                0x00804054                freeClusterCountUpdated
                0x00804055                appendFileSector
 COMMON         0x00804059     0x1041 E-000001-000009__firmware_rev_1_0.o
                0x00804059                bankA_OUT
                0x0080405a                FRAMAddress
                0x0080405c                discardCount
                0x0080405d                data24Bit
                0x0080505d                temp64
                0x0080505f                SPIBuffer
                0x0080506c                sampleCount
                0x0080506e                bankA_DIR
                0x0080506f                channelStatus
                0x00805070                bankB_OUT
                0x00805071                temp32
                0x00805073                sumFRAM
                0x0080508b                Buffer
                0x00805098                SPICount
                0x00805099                bankB_DIR
 COMMON         0x0080509a        0x6 c:/program files (x86)/atmel/atmel studio 6.0/extensions/atmel/avrgcc/3.4.0.65/avrtoolchain/bin/../lib/gcc/avr/4.6.2/../../../../avr/lib/avrxmega6\libc.a(iob.o)
                0x0080509a                __iob
                0x008050a0                PROVIDE (__bss_end, .)
                0x000068d2                __data_load_start = LOADADDR (.data)
                0x000069f4                __data_load_end = (__data_load_start + SIZEOF (.data))

.noinit         0x008050a0        0x0
                0x008050a0                PROVIDE (__noinit_start, .)
 *(.noinit*)
                0x008050a0                PROVIDE (__noinit_end, .)
                0x008050a0                _end = .
                0x008050a0                PROVIDE (__heap_start, .)

.eeprom         0x00810000        0x0
 *(.eeprom*)
                0x00810000                __eeprom_end = .

.fuse
 *(.fuse)
 *(.lfuse)
 *(.hfuse)
 *(.efuse)

.lock
 *(.lock*)

.signature
 *(.signature*)

.stab           0x00000000      0xe70
 *(.stab)
 .stab          0x00000000      0x6e4 c:/program files (x86)/atmel/atmel studio 6.0/extensions/atmel/avrgcc/3.4.0.65/avrtoolchain/bin/../lib/gcc/avr/4.6.2/../../../../avr/lib/avrxmega6/crtx256a3.o
 .stab          0x000006e4       0x6c c:/program files (x86)/atmel/atmel studio 6.0/extensions/atmel/avrgcc/3.4.0.65/avrtoolchain/bin/../lib/gcc/avr/4.6.2/../../../../avr/lib/avrxmega6\libc.a(strcpy_P.o)
                                 0x78 (size before relaxing)
 .stab          0x00000750       0xe4 c:/program files (x86)/atmel/atmel studio 6.0/extensions/atmel/avrgcc/3.4.0.65/avrtoolchain/bin/../lib/gcc/avr/4.6.2/../../../../avr/lib/avrxmega6\libc.a(memmove.o)
                                 0xf0 (size before relaxing)
 .stab          0x00000834       0x9c c:/program files (x86)/atmel/atmel studio 6.0/extensions/atmel/avrgcc/3.4.0.65/avrtoolchain/bin/../lib/gcc/avr/4.6.2/../../../../avr/lib/avrxmega6\libc.a(strnlen_P.o)
                                 0xa8 (size before relaxing)
 .stab          0x000008d0       0x84 c:/program files (x86)/atmel/atmel studio 6.0/extensions/atmel/avrgcc/3.4.0.65/avrtoolchain/bin/../lib/gcc/avr/4.6.2/../../../../avr/lib/avrxmega6\libc.a(memcpy.o)
                                 0x90 (size before relaxing)
 .stab          0x00000954       0x9c c:/program files (x86)/atmel/atmel studio 6.0/extensions/atmel/avrgcc/3.4.0.65/avrtoolchain/bin/../lib/gcc/avr/4.6.2/../../../../avr/lib/avrxmega6\libc.a(strnlen.o)
                                 0xa8 (size before relaxing)
 .stab          0x000009f0      0x480 c:/program files (x86)/atmel/atmel studio 6.0/extensions/atmel/avrgcc/3.4.0.65/avrtoolchain/bin/../lib/gcc/avr/4.6.2/../../../../avr/lib/avrxmega6\libc.a(ultoa_invert.o)
                                0x48c (size before relaxing)

.stabstr        0x00000000      0x2e1
 *(.stabstr)
 .stabstr       0x00000000      0x2e1 c:/program files (x86)/atmel/atmel studio 6.0/extensions/atmel/avrgcc/3.4.0.65/avrtoolchain/bin/../lib/gcc/avr/4.6.2/../../../../avr/lib/avrxmega6/crtx256a3.o

.stab.excl
 *(.stab.excl)

.stab.exclstr
 *(.stab.exclstr)

.stab.index
 *(.stab.index)

.stab.indexstr
 *(.stab.indexstr)

.comment
 *(.comment)

.debug
 *(.debug)

.line
 *(.line)

.debug_srcinfo
 *(.debug_srcinfo)

.debug_sfnames
 *(.debug_sfnames)

.debug_aranges  0x00000000      0x360
 *(.debug_aranges)
 .debug_aranges
                0x00000000       0x20 chb.o
 .debug_aranges
                0x00000020       0x20 chb_buf.o
 .debug_aranges
                0x00000040       0x20 chb_drvr.o
 .debug_aranges
                0x00000060       0x20 chb_eeprom.o
 .debug_aranges
                0x00000080       0x20 chb_spi.o
 .debug_aranges
                0x000000a0       0x20 board_checkout.o
 .debug_aranges
                0x000000c0       0x20 adc_driver.o
 .debug_aranges
                0x000000e0       0x20 clksys_driver.o
 .debug_aranges
                0x00000100       0x20 E-000001-000009__firmware_rev_1_0.o
 .debug_aranges
                0x00000120       0x20 FAT32.o
 .debug_aranges
                0x00000140       0x20 c:/program files (x86)/atmel/atmel studio 6.0/extensions/atmel/avrgcc/3.4.0.65/avrtoolchain/bin/../lib/gcc/avr/4.6.2/avrxmega6\libgcc.a(_mulsi3.o)
 .debug_aranges
                0x00000160       0x20 c:/program files (x86)/atmel/atmel studio 6.0/extensions/atmel/avrgcc/3.4.0.65/avrtoolchain/bin/../lib/gcc/avr/4.6.2/avrxmega6\libgcc.a(_udivmodhi4.o)
 .debug_aranges
                0x00000180       0x20 c:/program files (x86)/atmel/atmel studio 6.0/extensions/atmel/avrgcc/3.4.0.65/avrtoolchain/bin/../lib/gcc/avr/4.6.2/avrxmega6\libgcc.a(_divmodhi4.o)
 .debug_aranges
                0x000001a0       0x20 c:/program files (x86)/atmel/atmel studio 6.0/extensions/atmel/avrgcc/3.4.0.65/avrtoolchain/bin/../lib/gcc/avr/4.6.2/avrxmega6\libgcc.a(_udivmodsi4.o)
 .debug_aranges
                0x000001c0       0x20 c:/program files (x86)/atmel/atmel studio 6.0/extensions/atmel/avrgcc/3.4.0.65/avrtoolchain/bin/../lib/gcc/avr/4.6.2/avrxmega6\libgcc.a(_divmodsi4.o)
 .debug_aranges
                0x000001e0       0x20 c:/program files (x86)/atmel/atmel studio 6.0/extensions/atmel/avrgcc/3.4.0.65/avrtoolchain/bin/../lib/gcc/avr/4.6.2/avrxmega6\libgcc.a(_exit.o)
 .debug_aranges
                0x00000200       0x20 c:/program files (x86)/atmel/atmel studio 6.0/extensions/atmel/avrgcc/3.4.0.65/avrtoolchain/bin/../lib/gcc/avr/4.6.2/avrxmega6\libgcc.a(_copy_data.o)
 .debug_aranges
                0x00000220       0x20 c:/program files (x86)/atmel/atmel studio 6.0/extensions/atmel/avrgcc/3.4.0.65/avrtoolchain/bin/../lib/gcc/avr/4.6.2/avrxmega6\libgcc.a(_clear_bss.o)
 .debug_aranges
                0x00000240       0x20 c:/program files (x86)/atmel/atmel studio 6.0/extensions/atmel/avrgcc/3.4.0.65/avrtoolchain/bin/../lib/gcc/avr/4.6.2/avrxmega6\libgcc.a(_muldi3.o)
 .debug_aranges
                0x00000260       0x20 c:/program files (x86)/atmel/atmel studio 6.0/extensions/atmel/avrgcc/3.4.0.65/avrtoolchain/bin/../lib/gcc/avr/4.6.2/avrxmega6\libgcc.a(_ashldi3.o)
 .debug_aranges
                0x00000280       0x20 c:/program files (x86)/atmel/atmel studio 6.0/extensions/atmel/avrgcc/3.4.0.65/avrtoolchain/bin/../lib/gcc/avr/4.6.2/avrxmega6\libgcc.a(_ashrdi3.o)
 .debug_aranges
                0x000002a0       0x20 c:/program files (x86)/atmel/atmel studio 6.0/extensions/atmel/avrgcc/3.4.0.65/avrtoolchain/bin/../lib/gcc/avr/4.6.2/avrxmega6\libgcc.a(_divdi3.o)
 .debug_aranges
                0x000002c0       0x20 c:/program files (x86)/atmel/atmel studio 6.0/extensions/atmel/avrgcc/3.4.0.65/avrtoolchain/bin/../lib/gcc/avr/4.6.2/avrxmega6\libgcc.a(_prologue.o)
 .debug_aranges
                0x000002e0       0x20 c:/program files (x86)/atmel/atmel studio 6.0/extensions/atmel/avrgcc/3.4.0.65/avrtoolchain/bin/../lib/gcc/avr/4.6.2/avrxmega6\libgcc.a(_epilogue.o)
 .debug_aranges
                0x00000300       0x20 c:/program files (x86)/atmel/atmel studio 6.0/extensions/atmel/avrgcc/3.4.0.65/avrtoolchain/bin/../lib/gcc/avr/4.6.2/../../../../avr/lib/avrxmega6\libc.a(printf.o)
 .debug_aranges
                0x00000320       0x20 c:/program files (x86)/atmel/atmel studio 6.0/extensions/atmel/avrgcc/3.4.0.65/avrtoolchain/bin/../lib/gcc/avr/4.6.2/../../../../avr/lib/avrxmega6\libc.a(vfprintf_std.o)
 .debug_aranges
                0x00000340       0x20 c:/program files (x86)/atmel/atmel studio 6.0/extensions/atmel/avrgcc/3.4.0.65/avrtoolchain/bin/../lib/gcc/avr/4.6.2/../../../../avr/lib/avrxmega6\libc.a(fputc.o)

.debug_pubnames
 *(.debug_pubnames)

.debug_info     0x00000000     0x9384
 *(.debug_info)
 .debug_info    0x00000000      0x523 chb.o
 .debug_info    0x00000523      0x155 chb_buf.o
 .debug_info    0x00000678      0xfff chb_drvr.o
 .debug_info    0x00001677      0x397 chb_eeprom.o
 .debug_info    0x00001a0e       0x7d chb_spi.o
 .debug_info    0x00001a8b      0x8d6 board_checkout.o
 .debug_info    0x00002361      0xa9b adc_driver.o
 .debug_info    0x00002dfc      0x59c clksys_driver.o
 .debug_info    0x00003398     0x358e E-000001-000009__firmware_rev_1_0.o
 .debug_info    0x00006926      0xc80 FAT32.o
 .debug_info    0x000075a6       0xe2 c:/program files (x86)/atmel/atmel studio 6.0/extensions/atmel/avrgcc/3.4.0.65/avrtoolchain/bin/../lib/gcc/avr/4.6.2/avrxmega6\libgcc.a(_mulsi3.o)
 .debug_info    0x00007688       0xe2 c:/program files (x86)/atmel/atmel studio 6.0/extensions/atmel/avrgcc/3.4.0.65/avrtoolchain/bin/../lib/gcc/avr/4.6.2/avrxmega6\libgcc.a(_udivmodhi4.o)
 .debug_info    0x0000776a       0xe2 c:/program files (x86)/atmel/atmel studio 6.0/extensions/atmel/avrgcc/3.4.0.65/avrtoolchain/bin/../lib/gcc/avr/4.6.2/avrxmega6\libgcc.a(_divmodhi4.o)
 .debug_info    0x0000784c       0xe2 c:/program files (x86)/atmel/atmel studio 6.0/extensions/atmel/avrgcc/3.4.0.65/avrtoolchain/bin/../lib/gcc/avr/4.6.2/avrxmega6\libgcc.a(_udivmodsi4.o)
 .debug_info    0x0000792e       0xe2 c:/program files (x86)/atmel/atmel studio 6.0/extensions/atmel/avrgcc/3.4.0.65/avrtoolchain/bin/../lib/gcc/avr/4.6.2/avrxmega6\libgcc.a(_divmodsi4.o)
 .debug_info    0x00007a10       0xe2 c:/program files (x86)/atmel/atmel studio 6.0/extensions/atmel/avrgcc/3.4.0.65/avrtoolchain/bin/../lib/gcc/avr/4.6.2/avrxmega6\libgcc.a(_exit.o)
 .debug_info    0x00007af2       0xe2 c:/program files (x86)/atmel/atmel studio 6.0/extensions/atmel/avrgcc/3.4.0.65/avrtoolchain/bin/../lib/gcc/avr/4.6.2/avrxmega6\libgcc.a(_copy_data.o)
 .debug_info    0x00007bd4       0xe2 c:/program files (x86)/atmel/atmel studio 6.0/extensions/atmel/avrgcc/3.4.0.65/avrtoolchain/bin/../lib/gcc/avr/4.6.2/avrxmega6\libgcc.a(_clear_bss.o)
 .debug_info    0x00007cb6      0x20c c:/program files (x86)/atmel/atmel studio 6.0/extensions/atmel/avrgcc/3.4.0.65/avrtoolchain/bin/../lib/gcc/avr/4.6.2/avrxmega6\libgcc.a(_muldi3.o)
 .debug_info    0x00007ec2      0x184 c:/program files (x86)/atmel/atmel studio 6.0/extensions/atmel/avrgcc/3.4.0.65/avrtoolchain/bin/../lib/gcc/avr/4.6.2/avrxmega6\libgcc.a(_ashldi3.o)
 .debug_info    0x00008046      0x184 c:/program files (x86)/atmel/atmel studio 6.0/extensions/atmel/avrgcc/3.4.0.65/avrtoolchain/bin/../lib/gcc/avr/4.6.2/avrxmega6\libgcc.a(_ashrdi3.o)
 .debug_info    0x000081ca      0x792 c:/program files (x86)/atmel/atmel studio 6.0/extensions/atmel/avrgcc/3.4.0.65/avrtoolchain/bin/../lib/gcc/avr/4.6.2/avrxmega6\libgcc.a(_divdi3.o)
 .debug_info    0x0000895c       0xe2 c:/program files (x86)/atmel/atmel studio 6.0/extensions/atmel/avrgcc/3.4.0.65/avrtoolchain/bin/../lib/gcc/avr/4.6.2/avrxmega6\libgcc.a(_prologue.o)
 .debug_info    0x00008a3e       0xe2 c:/program files (x86)/atmel/atmel studio 6.0/extensions/atmel/avrgcc/3.4.0.65/avrtoolchain/bin/../lib/gcc/avr/4.6.2/avrxmega6\libgcc.a(_epilogue.o)
 .debug_info    0x00008b20       0xa6 c:/program files (x86)/atmel/atmel studio 6.0/extensions/atmel/avrgcc/3.4.0.65/avrtoolchain/bin/../lib/gcc/avr/4.6.2/avrxmega6\libgcc.a(_clz.o)
 .debug_info    0x00008bc6      0x1c6 c:/program files (x86)/atmel/atmel studio 6.0/extensions/atmel/avrgcc/3.4.0.65/avrtoolchain/bin/../lib/gcc/avr/4.6.2/../../../../avr/lib/avrxmega6\libc.a(printf.o)
 .debug_info    0x00008d8c      0x342 c:/program files (x86)/atmel/atmel studio 6.0/extensions/atmel/avrgcc/3.4.0.65/avrtoolchain/bin/../lib/gcc/avr/4.6.2/../../../../avr/lib/avrxmega6\libc.a(vfprintf_std.o)
 .debug_info    0x000090ce      0x167 c:/program files (x86)/atmel/atmel studio 6.0/extensions/atmel/avrgcc/3.4.0.65/avrtoolchain/bin/../lib/gcc/avr/4.6.2/../../../../avr/lib/avrxmega6\libc.a(fputc.o)
 .debug_info    0x00009235      0x14f c:/program files (x86)/atmel/atmel studio 6.0/extensions/atmel/avrgcc/3.4.0.65/avrtoolchain/bin/../lib/gcc/avr/4.6.2/../../../../avr/lib/avrxmega6\libc.a(iob.o)
 *(.gnu.linkonce.wi.*)

.debug_abbrev   0x00000000     0x1d86
 *(.debug_abbrev)
 .debug_abbrev  0x00000000      0x1b5 chb.o
 .debug_abbrev  0x000001b5       0xd9 chb_buf.o
 .debug_abbrev  0x0000028e      0x3d7 chb_drvr.o
 .debug_abbrev  0x00000665      0x160 chb_eeprom.o
 .debug_abbrev  0x000007c5       0x4a chb_spi.o
 .debug_abbrev  0x0000080f       0xce board_checkout.o
 .debug_abbrev  0x000008dd      0x2af adc_driver.o
 .debug_abbrev  0x00000b8c      0x19d clksys_driver.o
 .debug_abbrev  0x00000d29      0x447 E-000001-000009__firmware_rev_1_0.o
 .debug_abbrev  0x00001170      0x243 FAT32.o
 .debug_abbrev  0x000013b3       0x14 c:/program files (x86)/atmel/atmel studio 6.0/extensions/atmel/avrgcc/3.4.0.65/avrtoolchain/bin/../lib/gcc/avr/4.6.2/avrxmega6\libgcc.a(_mulsi3.o)
 .debug_abbrev  0x000013c7       0x14 c:/program files (x86)/atmel/atmel studio 6.0/extensions/atmel/avrgcc/3.4.0.65/avrtoolchain/bin/../lib/gcc/avr/4.6.2/avrxmega6\libgcc.a(_udivmodhi4.o)
 .debug_abbrev  0x000013db       0x14 c:/program files (x86)/atmel/atmel studio 6.0/extensions/atmel/avrgcc/3.4.0.65/avrtoolchain/bin/../lib/gcc/avr/4.6.2/avrxmega6\libgcc.a(_divmodhi4.o)
 .debug_abbrev  0x000013ef       0x14 c:/program files (x86)/atmel/atmel studio 6.0/extensions/atmel/avrgcc/3.4.0.65/avrtoolchain/bin/../lib/gcc/avr/4.6.2/avrxmega6\libgcc.a(_udivmodsi4.o)
 .debug_abbrev  0x00001403       0x14 c:/program files (x86)/atmel/atmel studio 6.0/extensions/atmel/avrgcc/3.4.0.65/avrtoolchain/bin/../lib/gcc/avr/4.6.2/avrxmega6\libgcc.a(_divmodsi4.o)
 .debug_abbrev  0x00001417       0x14 c:/program files (x86)/atmel/atmel studio 6.0/extensions/atmel/avrgcc/3.4.0.65/avrtoolchain/bin/../lib/gcc/avr/4.6.2/avrxmega6\libgcc.a(_exit.o)
 .debug_abbrev  0x0000142b       0x14 c:/program files (x86)/atmel/atmel studio 6.0/extensions/atmel/avrgcc/3.4.0.65/avrtoolchain/bin/../lib/gcc/avr/4.6.2/avrxmega6\libgcc.a(_copy_data.o)
 .debug_abbrev  0x0000143f       0x14 c:/program files (x86)/atmel/atmel studio 6.0/extensions/atmel/avrgcc/3.4.0.65/avrtoolchain/bin/../lib/gcc/avr/4.6.2/avrxmega6\libgcc.a(_clear_bss.o)
 .debug_abbrev  0x00001453       0xf0 c:/program files (x86)/atmel/atmel studio 6.0/extensions/atmel/avrgcc/3.4.0.65/avrtoolchain/bin/../lib/gcc/avr/4.6.2/avrxmega6\libgcc.a(_muldi3.o)
 .debug_abbrev  0x00001543       0xf0 c:/program files (x86)/atmel/atmel studio 6.0/extensions/atmel/avrgcc/3.4.0.65/avrtoolchain/bin/../lib/gcc/avr/4.6.2/avrxmega6\libgcc.a(_ashldi3.o)
 .debug_abbrev  0x00001633       0xf0 c:/program files (x86)/atmel/atmel studio 6.0/extensions/atmel/avrgcc/3.4.0.65/avrtoolchain/bin/../lib/gcc/avr/4.6.2/avrxmega6\libgcc.a(_ashrdi3.o)
 .debug_abbrev  0x00001723      0x1bf c:/program files (x86)/atmel/atmel studio 6.0/extensions/atmel/avrgcc/3.4.0.65/avrtoolchain/bin/../lib/gcc/avr/4.6.2/avrxmega6\libgcc.a(_divdi3.o)
 .debug_abbrev  0x000018e2       0x14 c:/program files (x86)/atmel/atmel studio 6.0/extensions/atmel/avrgcc/3.4.0.65/avrtoolchain/bin/../lib/gcc/avr/4.6.2/avrxmega6\libgcc.a(_prologue.o)
 .debug_abbrev  0x000018f6       0x14 c:/program files (x86)/atmel/atmel studio 6.0/extensions/atmel/avrgcc/3.4.0.65/avrtoolchain/bin/../lib/gcc/avr/4.6.2/avrxmega6\libgcc.a(_epilogue.o)
 .debug_abbrev  0x0000190a       0x61 c:/program files (x86)/atmel/atmel studio 6.0/extensions/atmel/avrgcc/3.4.0.65/avrtoolchain/bin/../lib/gcc/avr/4.6.2/avrxmega6\libgcc.a(_clz.o)
 .debug_abbrev  0x0000196b      0x11c c:/program files (x86)/atmel/atmel studio 6.0/extensions/atmel/avrgcc/3.4.0.65/avrtoolchain/bin/../lib/gcc/avr/4.6.2/../../../../avr/lib/avrxmega6\libc.a(printf.o)
 .debug_abbrev  0x00001a87      0x161 c:/program files (x86)/atmel/atmel studio 6.0/extensions/atmel/avrgcc/3.4.0.65/avrtoolchain/bin/../lib/gcc/avr/4.6.2/../../../../avr/lib/avrxmega6\libc.a(vfprintf_std.o)
 .debug_abbrev  0x00001be8       0xd9 c:/program files (x86)/atmel/atmel studio 6.0/extensions/atmel/avrgcc/3.4.0.65/avrtoolchain/bin/../lib/gcc/avr/4.6.2/../../../../avr/lib/avrxmega6\libc.a(fputc.o)
 .debug_abbrev  0x00001cc1       0xc5 c:/program files (x86)/atmel/atmel studio 6.0/extensions/atmel/avrgcc/3.4.0.65/avrtoolchain/bin/../lib/gcc/avr/4.6.2/../../../../avr/lib/avrxmega6\libc.a(iob.o)

.debug_line     0x00000000     0x2bea
 *(.debug_line)
 .debug_line    0x00000000      0x151 chb.o
 .debug_line    0x00000151       0xef chb_buf.o
 .debug_line    0x00000240      0x403 chb_drvr.o
 .debug_line    0x00000643      0x1cf chb_eeprom.o
 .debug_line    0x00000812       0xd9 chb_spi.o
 .debug_line    0x000008eb      0x18b board_checkout.o
 .debug_line    0x00000a76      0x2ba adc_driver.o
 .debug_line    0x00000d30      0x1ce clksys_driver.o
 .debug_line    0x00000efe      0xa85 E-000001-000009__firmware_rev_1_0.o
 .debug_line    0x00001983      0x35e FAT32.o
 .debug_line    0x00001ce1       0xa5 c:/program files (x86)/atmel/atmel studio 6.0/extensions/atmel/avrgcc/3.4.0.65/avrtoolchain/bin/../lib/gcc/avr/4.6.2/avrxmega6\libgcc.a(_mulsi3.o)
 .debug_line    0x00001d86       0x9a c:/program files (x86)/atmel/atmel studio 6.0/extensions/atmel/avrgcc/3.4.0.65/avrtoolchain/bin/../lib/gcc/avr/4.6.2/avrxmega6\libgcc.a(_udivmodhi4.o)
 .debug_line    0x00001e20       0x99 c:/program files (x86)/atmel/atmel studio 6.0/extensions/atmel/avrgcc/3.4.0.65/avrtoolchain/bin/../lib/gcc/avr/4.6.2/avrxmega6\libgcc.a(_divmodhi4.o)
 .debug_line    0x00001eb9       0xa8 c:/program files (x86)/atmel/atmel studio 6.0/extensions/atmel/avrgcc/3.4.0.65/avrtoolchain/bin/../lib/gcc/avr/4.6.2/avrxmega6\libgcc.a(_udivmodsi4.o)
 .debug_line    0x00001f61       0xa1 c:/program files (x86)/atmel/atmel studio 6.0/extensions/atmel/avrgcc/3.4.0.65/avrtoolchain/bin/../lib/gcc/avr/4.6.2/avrxmega6\libgcc.a(_divmodsi4.o)
 .debug_line    0x00002002       0x88 c:/program files (x86)/atmel/atmel studio 6.0/extensions/atmel/avrgcc/3.4.0.65/avrtoolchain/bin/../lib/gcc/avr/4.6.2/avrxmega6\libgcc.a(_exit.o)
 .debug_line    0x0000208a       0x93 c:/program files (x86)/atmel/atmel studio 6.0/extensions/atmel/avrgcc/3.4.0.65/avrtoolchain/bin/../lib/gcc/avr/4.6.2/avrxmega6\libgcc.a(_copy_data.o)
 .debug_line    0x0000211d       0x8e c:/program files (x86)/atmel/atmel studio 6.0/extensions/atmel/avrgcc/3.4.0.65/avrtoolchain/bin/../lib/gcc/avr/4.6.2/avrxmega6\libgcc.a(_clear_bss.o)
 .debug_line    0x000021ab       0xb6 c:/program files (x86)/atmel/atmel studio 6.0/extensions/atmel/avrgcc/3.4.0.65/avrtoolchain/bin/../lib/gcc/avr/4.6.2/avrxmega6\libgcc.a(_muldi3.o)
 .debug_line    0x00002261       0x97 c:/program files (x86)/atmel/atmel studio 6.0/extensions/atmel/avrgcc/3.4.0.65/avrtoolchain/bin/../lib/gcc/avr/4.6.2/avrxmega6\libgcc.a(_ashldi3.o)
 .debug_line    0x000022f8       0x97 c:/program files (x86)/atmel/atmel studio 6.0/extensions/atmel/avrgcc/3.4.0.65/avrtoolchain/bin/../lib/gcc/avr/4.6.2/avrxmega6\libgcc.a(_ashrdi3.o)
 .debug_line    0x0000238f      0x118 c:/program files (x86)/atmel/atmel studio 6.0/extensions/atmel/avrgcc/3.4.0.65/avrtoolchain/bin/../lib/gcc/avr/4.6.2/avrxmega6\libgcc.a(_divdi3.o)
 .debug_line    0x000024a7       0xa1 c:/program files (x86)/atmel/atmel studio 6.0/extensions/atmel/avrgcc/3.4.0.65/avrtoolchain/bin/../lib/gcc/avr/4.6.2/avrxmega6\libgcc.a(_prologue.o)
 .debug_line    0x00002548       0x9e c:/program files (x86)/atmel/atmel studio 6.0/extensions/atmel/avrgcc/3.4.0.65/avrtoolchain/bin/../lib/gcc/avr/4.6.2/avrxmega6\libgcc.a(_epilogue.o)
 .debug_line    0x000025e6       0x7a c:/program files (x86)/atmel/atmel studio 6.0/extensions/atmel/avrgcc/3.4.0.65/avrtoolchain/bin/../lib/gcc/avr/4.6.2/avrxmega6\libgcc.a(_clz.o)
 .debug_line    0x00002660      0x151 c:/program files (x86)/atmel/atmel studio 6.0/extensions/atmel/avrgcc/3.4.0.65/avrtoolchain/bin/../lib/gcc/avr/4.6.2/../../../../avr/lib/avrxmega6\libc.a(printf.o)
 .debug_line    0x000027b1      0x291 c:/program files (x86)/atmel/atmel studio 6.0/extensions/atmel/avrgcc/3.4.0.65/avrtoolchain/bin/../lib/gcc/avr/4.6.2/../../../../avr/lib/avrxmega6\libc.a(vfprintf_std.o)
 .debug_line    0x00002a42       0xe1 c:/program files (x86)/atmel/atmel studio 6.0/extensions/atmel/avrgcc/3.4.0.65/avrtoolchain/bin/../lib/gcc/avr/4.6.2/../../../../avr/lib/avrxmega6\libc.a(fputc.o)
 .debug_line    0x00002b23       0xc7 c:/program files (x86)/atmel/atmel studio 6.0/extensions/atmel/avrgcc/3.4.0.65/avrtoolchain/bin/../lib/gcc/avr/4.6.2/../../../../avr/lib/avrxmega6\libc.a(iob.o)

.debug_frame    0x00000000     0x1774
 *(.debug_frame)
 .debug_frame   0x00000000       0xc0 chb.o
 .debug_frame   0x000000c0       0x54 chb_buf.o
 .debug_frame   0x00000114      0x338 chb_drvr.o
 .debug_frame   0x0000044c       0x6c chb_eeprom.o
 .debug_frame   0x000004b8       0x24 chb_spi.o
 .debug_frame   0x000004dc       0x34 board_checkout.o
 .debug_frame   0x00000510       0xd0 adc_driver.o
 .debug_frame   0x000005e0       0xdc clksys_driver.o
 .debug_frame   0x000006bc      0xbb0 E-000001-000009__firmware_rev_1_0.o
 .debug_frame   0x0000126c      0x300 FAT32.o
 .debug_frame   0x0000156c       0x48 c:/program files (x86)/atmel/atmel studio 6.0/extensions/atmel/avrgcc/3.4.0.65/avrtoolchain/bin/../lib/gcc/avr/4.6.2/avrxmega6\libgcc.a(_muldi3.o)
 .debug_frame   0x000015b4       0x4c c:/program files (x86)/atmel/atmel studio 6.0/extensions/atmel/avrgcc/3.4.0.65/avrtoolchain/bin/../lib/gcc/avr/4.6.2/avrxmega6\libgcc.a(_ashldi3.o)
 .debug_frame   0x00001600       0x38 c:/program files (x86)/atmel/atmel studio 6.0/extensions/atmel/avrgcc/3.4.0.65/avrtoolchain/bin/../lib/gcc/avr/4.6.2/avrxmega6\libgcc.a(_ashrdi3.o)
 .debug_frame   0x00001638       0x4c c:/program files (x86)/atmel/atmel studio 6.0/extensions/atmel/avrgcc/3.4.0.65/avrtoolchain/bin/../lib/gcc/avr/4.6.2/avrxmega6\libgcc.a(_divdi3.o)
 .debug_frame   0x00001684       0x34 c:/program files (x86)/atmel/atmel studio 6.0/extensions/atmel/avrgcc/3.4.0.65/avrtoolchain/bin/../lib/gcc/avr/4.6.2/../../../../avr/lib/avrxmega6\libc.a(printf.o)
 .debug_frame   0x000016b8       0x84 c:/program files (x86)/atmel/atmel studio 6.0/extensions/atmel/avrgcc/3.4.0.65/avrtoolchain/bin/../lib/gcc/avr/4.6.2/../../../../avr/lib/avrxmega6\libc.a(vfprintf_std.o)
 .debug_frame   0x0000173c       0x38 c:/program files (x86)/atmel/atmel studio 6.0/extensions/atmel/avrgcc/3.4.0.65/avrtoolchain/bin/../lib/gcc/avr/4.6.2/../../../../avr/lib/avrxmega6\libc.a(fputc.o)

.debug_str      0x00000000     0x4835
 *(.debug_str)
 .debug_str     0x00000000      0x4e5 chb.o
                                0x541 (size before relaxing)
 .debug_str     0x000004e5       0x5d chb_buf.o
                                0x125 (size before relaxing)
 .debug_str     0x00000542      0x8ff chb_drvr.o
                                0xd84 (size before relaxing)
 .debug_str     0x00000e41      0x3be chb_eeprom.o
                                0x497 (size before relaxing)
 .debug_str     0x000011ff       0x1c chb_spi.o
                                 0xd4 (size before relaxing)
 .debug_str     0x0000121b      0x618 board_checkout.o
                                0x807 (size before relaxing)
 .debug_str     0x00001833      0x398 adc_driver.o
                                0x7f2 (size before relaxing)
 .debug_str     0x00001bcb      0x5de clksys_driver.o
                                0x6d3 (size before relaxing)
 .debug_str     0x000021a9     0x1e6d E-000001-000009__firmware_rev_1_0.o
                               0x27a9 (size before relaxing)
 .debug_str     0x00004016      0x4b7 FAT32.o
                                0x6c1 (size before relaxing)
 .debug_str     0x000044cd      0x10f c:/program files (x86)/atmel/atmel studio 6.0/extensions/atmel/avrgcc/3.4.0.65/avrtoolchain/bin/../lib/gcc/avr/4.6.2/avrxmega6\libgcc.a(_muldi3.o)
                                0x19b (size before relaxing)
 .debug_str     0x000045dc       0x23 c:/program files (x86)/atmel/atmel studio 6.0/extensions/atmel/avrgcc/3.4.0.65/avrtoolchain/bin/../lib/gcc/avr/4.6.2/avrxmega6\libgcc.a(_ashldi3.o)
                                0x18d (size before relaxing)
 .debug_str     0x000045ff        0xa c:/program files (x86)/atmel/atmel studio 6.0/extensions/atmel/avrgcc/3.4.0.65/avrtoolchain/bin/../lib/gcc/avr/4.6.2/avrxmega6\libgcc.a(_ashrdi3.o)
                                0x18d (size before relaxing)
 .debug_str     0x00004609       0x53 c:/program files (x86)/atmel/atmel studio 6.0/extensions/atmel/avrgcc/3.4.0.65/avrtoolchain/bin/../lib/gcc/avr/4.6.2/avrxmega6\libgcc.a(_divdi3.o)
                                0x1e5 (size before relaxing)
 .debug_str     0x00000000      0x150 c:/program files (x86)/atmel/atmel studio 6.0/extensions/atmel/avrgcc/3.4.0.65/avrtoolchain/bin/../lib/gcc/avr/4.6.2/avrxmega6\libgcc.a(_clz.o)
 .debug_str     0x0000465c       0x91 c:/program files (x86)/atmel/atmel studio 6.0/extensions/atmel/avrgcc/3.4.0.65/avrtoolchain/bin/../lib/gcc/avr/4.6.2/../../../../avr/lib/avrxmega6\libc.a(printf.o)
                                0x125 (size before relaxing)
 .debug_str     0x000046ed       0xa4 c:/program files (x86)/atmel/atmel studio 6.0/extensions/atmel/avrgcc/3.4.0.65/avrtoolchain/bin/../lib/gcc/avr/4.6.2/../../../../avr/lib/avrxmega6\libc.a(vfprintf_std.o)
                                0x16b (size before relaxing)
 .debug_str     0x00004791       0x56 c:/program files (x86)/atmel/atmel studio 6.0/extensions/atmel/avrgcc/3.4.0.65/avrtoolchain/bin/../lib/gcc/avr/4.6.2/../../../../avr/lib/avrxmega6\libc.a(fputc.o)
                                 0xfb (size before relaxing)
 .debug_str     0x000047e7       0x4e c:/program files (x86)/atmel/atmel studio 6.0/extensions/atmel/avrgcc/3.4.0.65/avrtoolchain/bin/../lib/gcc/avr/4.6.2/../../../../avr/lib/avrxmega6\libc.a(iob.o)
                                 0xf2 (size before relaxing)

.debug_loc      0x00000000     0x708d
 *(.debug_loc)
 .debug_loc     0x00000000      0x372 chb.o
 .debug_loc     0x00000372       0x1f chb_buf.o
 .debug_loc     0x00000391      0xd05 chb_drvr.o
 .debug_loc     0x00001096      0x1ac chb_eeprom.o
 .debug_loc     0x00001242      0x250 board_checkout.o
 .debug_loc     0x00001492      0x3e1 adc_driver.o
 .debug_loc     0x00001873      0x208 clksys_driver.o
 .debug_loc     0x00001a7b     0x28ad E-000001-000009__firmware_rev_1_0.o
 .debug_loc     0x00004328     0x1306 FAT32.o
 .debug_loc     0x0000562e      0x1ed c:/program files (x86)/atmel/atmel studio 6.0/extensions/atmel/avrgcc/3.4.0.65/avrtoolchain/bin/../lib/gcc/avr/4.6.2/avrxmega6\libgcc.a(_muldi3.o)
 .debug_loc     0x0000581b      0x102 c:/program files (x86)/atmel/atmel studio 6.0/extensions/atmel/avrgcc/3.4.0.65/avrtoolchain/bin/../lib/gcc/avr/4.6.2/avrxmega6\libgcc.a(_ashldi3.o)
 .debug_loc     0x0000591d       0xce c:/program files (x86)/atmel/atmel studio 6.0/extensions/atmel/avrgcc/3.4.0.65/avrtoolchain/bin/../lib/gcc/avr/4.6.2/avrxmega6\libgcc.a(_ashrdi3.o)
 .debug_loc     0x000059eb      0xfe5 c:/program files (x86)/atmel/atmel studio 6.0/extensions/atmel/avrgcc/3.4.0.65/avrtoolchain/bin/../lib/gcc/avr/4.6.2/avrxmega6\libgcc.a(_divdi3.o)
 .debug_loc     0x000069d0       0x3b c:/program files (x86)/atmel/atmel studio 6.0/extensions/atmel/avrgcc/3.4.0.65/avrtoolchain/bin/../lib/gcc/avr/4.6.2/../../../../avr/lib/avrxmega6\libc.a(printf.o)
 .debug_loc     0x00006a0b      0x5e9 c:/program files (x86)/atmel/atmel studio 6.0/extensions/atmel/avrgcc/3.4.0.65/avrtoolchain/bin/../lib/gcc/avr/4.6.2/../../../../avr/lib/avrxmega6\libc.a(vfprintf_std.o)
 .debug_loc     0x00006ff4       0x99 c:/program files (x86)/atmel/atmel studio 6.0/extensions/atmel/avrgcc/3.4.0.65/avrtoolchain/bin/../lib/gcc/avr/4.6.2/../../../../avr/lib/avrxmega6\libc.a(fputc.o)

.debug_macinfo
 *(.debug_macinfo)
OUTPUT(board_checkout.elf elf32-avr)
LOAD linker stubs

.debug_ranges   0x00000000      0x210
 .debug_ranges  0x00000000       0x30 chb.o
 .debug_ranges  0x00000030       0x48 chb_drvr.o
 .debug_ranges  0x00000078       0x30 chb_eeprom.o
 .debug_ranges  0x000000a8       0x10 board_checkout.o
 .debug_ranges  0x000000b8       0x60 adc_driver.o
 .debug_ranges  0x00000118       0x98 E-000001-000009__firmware_rev_1_0.o
 .debug_ranges  0x000001b0       0x30 c:/program files (x86)/atmel/atmel studio 6.0/extensions/atmel/avrgcc/3.4.0.65/avrtoolchain/bin/../lib/gcc/avr/4.6.2/avrxmega6\libgcc.a(_divdi3.o)
 .debug_ranges  0x000001e0       0x10 c:/program files (x86)/atmel/atmel studio 6.0/extensions/atmel/avrgcc/3.4.0.65/avrtoolchain/bin/../lib/gcc/avr/4.6.2/../../../../avr/lib/avrxmega6\libc.a(printf.o)
 .debug_ranges  0x000001f0       0x10 c:/program files (x86)/atmel/atmel studio 6.0/extensions/atmel/avrgcc/3.4.0.65/avrtoolchain/bin/../lib/gcc/avr/4.6.2/../../../../avr/lib/avrxmega6\libc.a(vfprintf_std.o)
 .debug_ranges  0x00000200       0x10 c:/program files (x86)/atmel/atmel studio 6.0/extensions/atmel/avrgcc/3.4.0.65/avrtoolchain/bin/../lib/gcc/avr/4.6.2/../../../../avr/lib/avrxmega6\libc.a(fputc.o)
