Archive member included because of file (symbol)

c:/program files (x86)/atmel/atmel studio 6.0/extensions/atmel/avrgcc/3.4.0.65/avrtoolchain/bin/../lib/gcc/avr/4.6.2/../../../../avr/lib/avrxmega6\libm.a(cmpsf2.o)
                              ADC.o (__ltsf2)
c:/program files (x86)/atmel/atmel studio 6.0/extensions/atmel/avrgcc/3.4.0.65/avrtoolchain/bin/../lib/gcc/avr/4.6.2/../../../../avr/lib/avrxmega6\libm.a(divsf3.o)
                              ADC.o (__divsf3)
c:/program files (x86)/atmel/atmel studio 6.0/extensions/atmel/avrgcc/3.4.0.65/avrtoolchain/bin/../lib/gcc/avr/4.6.2/../../../../avr/lib/avrxmega6\libm.a(divsf3x.o)
                              c:/program files (x86)/atmel/atmel studio 6.0/extensions/atmel/avrgcc/3.4.0.65/avrtoolchain/bin/../lib/gcc/avr/4.6.2/../../../../avr/lib/avrxmega6\libm.a(divsf3.o) (__divsf3x)
c:/program files (x86)/atmel/atmel studio 6.0/extensions/atmel/avrgcc/3.4.0.65/avrtoolchain/bin/../lib/gcc/avr/4.6.2/../../../../avr/lib/avrxmega6\libm.a(fixunssfsi.o)
                              ADC.o (__fixunssfsi)
c:/program files (x86)/atmel/atmel studio 6.0/extensions/atmel/avrgcc/3.4.0.65/avrtoolchain/bin/../lib/gcc/avr/4.6.2/../../../../avr/lib/avrxmega6\libm.a(fp_cmp.o)
                              c:/program files (x86)/atmel/atmel studio 6.0/extensions/atmel/avrgcc/3.4.0.65/avrtoolchain/bin/../lib/gcc/avr/4.6.2/../../../../avr/lib/avrxmega6\libm.a(cmpsf2.o) (__fp_cmp)
c:/program files (x86)/atmel/atmel studio 6.0/extensions/atmel/avrgcc/3.4.0.65/avrtoolchain/bin/../lib/gcc/avr/4.6.2/../../../../avr/lib/avrxmega6\libm.a(fp_inf.o)
                              c:/program files (x86)/atmel/atmel studio 6.0/extensions/atmel/avrgcc/3.4.0.65/avrtoolchain/bin/../lib/gcc/avr/4.6.2/../../../../avr/lib/avrxmega6\libm.a(divsf3x.o) (__fp_inf)
c:/program files (x86)/atmel/atmel studio 6.0/extensions/atmel/avrgcc/3.4.0.65/avrtoolchain/bin/../lib/gcc/avr/4.6.2/../../../../avr/lib/avrxmega6\libm.a(fp_nan.o)
                              c:/program files (x86)/atmel/atmel studio 6.0/extensions/atmel/avrgcc/3.4.0.65/avrtoolchain/bin/../lib/gcc/avr/4.6.2/../../../../avr/lib/avrxmega6\libm.a(divsf3x.o) (__fp_nan)
c:/program files (x86)/atmel/atmel studio 6.0/extensions/atmel/avrgcc/3.4.0.65/avrtoolchain/bin/../lib/gcc/avr/4.6.2/../../../../avr/lib/avrxmega6\libm.a(fp_pscA.o)
                              c:/program files (x86)/atmel/atmel studio 6.0/extensions/atmel/avrgcc/3.4.0.65/avrtoolchain/bin/../lib/gcc/avr/4.6.2/../../../../avr/lib/avrxmega6\libm.a(divsf3x.o) (__fp_pscA)
c:/program files (x86)/atmel/atmel studio 6.0/extensions/atmel/avrgcc/3.4.0.65/avrtoolchain/bin/../lib/gcc/avr/4.6.2/../../../../avr/lib/avrxmega6\libm.a(fp_pscB.o)
                              c:/program files (x86)/atmel/atmel studio 6.0/extensions/atmel/avrgcc/3.4.0.65/avrtoolchain/bin/../lib/gcc/avr/4.6.2/../../../../avr/lib/avrxmega6\libm.a(divsf3x.o) (__fp_pscB)
c:/program files (x86)/atmel/atmel studio 6.0/extensions/atmel/avrgcc/3.4.0.65/avrtoolchain/bin/../lib/gcc/avr/4.6.2/../../../../avr/lib/avrxmega6\libm.a(fp_round.o)
                              c:/program files (x86)/atmel/atmel studio 6.0/extensions/atmel/avrgcc/3.4.0.65/avrtoolchain/bin/../lib/gcc/avr/4.6.2/../../../../avr/lib/avrxmega6\libm.a(divsf3.o) (__fp_round)
c:/program files (x86)/atmel/atmel studio 6.0/extensions/atmel/avrgcc/3.4.0.65/avrtoolchain/bin/../lib/gcc/avr/4.6.2/../../../../avr/lib/avrxmega6\libm.a(fp_split3.o)
                              c:/program files (x86)/atmel/atmel studio 6.0/extensions/atmel/avrgcc/3.4.0.65/avrtoolchain/bin/../lib/gcc/avr/4.6.2/../../../../avr/lib/avrxmega6\libm.a(divsf3x.o) (__fp_split3)
c:/program files (x86)/atmel/atmel studio 6.0/extensions/atmel/avrgcc/3.4.0.65/avrtoolchain/bin/../lib/gcc/avr/4.6.2/../../../../avr/lib/avrxmega6\libm.a(fp_zero.o)
                              c:/program files (x86)/atmel/atmel studio 6.0/extensions/atmel/avrgcc/3.4.0.65/avrtoolchain/bin/../lib/gcc/avr/4.6.2/../../../../avr/lib/avrxmega6\libm.a(fixunssfsi.o) (__fp_zero)
c:/program files (x86)/atmel/atmel studio 6.0/extensions/atmel/avrgcc/3.4.0.65/avrtoolchain/bin/../lib/gcc/avr/4.6.2/../../../../avr/lib/avrxmega6\libm.a(gesf2.o)
                              ADC.o (__gtsf2)
c:/program files (x86)/atmel/atmel studio 6.0/extensions/atmel/avrgcc/3.4.0.65/avrtoolchain/bin/../lib/gcc/avr/4.6.2/../../../../avr/lib/avrxmega6\libm.a(mulsf3.o)
                              ADC.o (__mulsf3)
c:/program files (x86)/atmel/atmel studio 6.0/extensions/atmel/avrgcc/3.4.0.65/avrtoolchain/bin/../lib/gcc/avr/4.6.2/../../../../avr/lib/avrxmega6\libm.a(mulsf3x.o)
                              c:/program files (x86)/atmel/atmel studio 6.0/extensions/atmel/avrgcc/3.4.0.65/avrtoolchain/bin/../lib/gcc/avr/4.6.2/../../../../avr/lib/avrxmega6\libm.a(mulsf3.o) (__mulsf3x)
c:/program files (x86)/atmel/atmel studio 6.0/extensions/atmel/avrgcc/3.4.0.65/avrtoolchain/bin/../lib/gcc/avr/4.6.2/avrxmega6\libgcc.a(_mulsi3.o)
[...]
Memory Configuration

Name             Origin             Length             Attributes
text             0x00000000         0x00100000         xr
data             0x00802000         0x0000ffa0         rw !x
eeprom           0x00810000         0x00010000         rw !x
fuse             0x00820000         0x00000400         rw !x
lock             0x00830000         0x00000400         rw !x
signature        0x00840000         0x00000400         rw !x
*default*        0x00000000         0xffffffff

Linker script and memory map

LOAD c:/program files (x86)/atmel/atmel studio 6.0/extensions/atmel/avrgcc/3.4.0.65/avrtoolchain/bin/../lib/gcc/avr/4.6.2/../../../../avr/lib/avrxmega6/crtx256a3.o
LOAD Synch.o
LOAD AccelSampler2.o
LOAD ADC.o
LOAD adc_driver.o
LOAD chb.o
LOAD chb_buf.o
LOAD chb_drvr.o
LOAD chb_eeprom.o
LOAD chb_spi.o
LOAD clksys_driver.o
LOAD E-000001-000009__firmware_rev_1_0.o
LOAD FAT32.o
LOAD SD_Card.o
START GROUP
LOAD c:/program files (x86)/atmel/atmel studio 6.0/extensions/atmel/avrgcc/3.4.0.65/avrtoolchain/bin/../lib/gcc/avr/4.6.2/../../../../avr/lib/avrxmega6\libm.a
END GROUP
LOAD c:/program files (x86)/atmel/atmel studio 6.0/extensions/atmel/avrgcc/3.4.0.65/avrtoolchain/bin/../lib/gcc/avr/4.6.2/avrxmega6\libgcc.a
LOAD c:/program files (x86)/atmel/atmel studio 6.0/extensions/atmel/avrgcc/3.4.0.65/avrtoolchain/bin/../lib/gcc/avr/4.6.2/../../../../avr/lib/avrxmega6\libc.a
LOAD c:/program files (x86)/atmel/atmel studio 6.0/extensions/atmel/avrgcc/3.4.0.65/avrtoolchain/bin/../lib/gcc/avr/4.6.2/avrxmega6\libgcc.a

.hash
 *(.hash)

.dynsym
 *(.dynsym)

.dynstr
 *(.dynstr)

.gnu.version
 *(.gnu.version)

.gnu.version_d
 *(.gnu.version_d)

.gnu.version_r
 *(.gnu.version_r)

.rel.init
 *(.rel.init)

.rela.init
 *(.rela.init)

.rel.text
 *(.rel.text)
 *(.rel.text.*)
 *(.rel.gnu.linkonce.t*)

.rela.text
 *(.rela.text)
 *(.rela.text.*)
 *(.rela.gnu.linkonce.t*)

.rel.fini
 *(.rel.fini)

.rela.fini
 *(.rela.fini)

.rel.rodata
 *(.rel.rodata)
 *(.rel.rodata.*)
 *(.rel.gnu.linkonce.r*)

.rela.rodata
 *(.rela.rodata)
 *(.rela.rodata.*)
 *(.rela.gnu.linkonce.r*)

.rel.data
 *(.rel.data)
 *(.rel.data.*)
 *(.rel.gnu.linkonce.d*)

.rela.data
 *(.rela.data)
 *(.rela.data.*)
 *(.rela.gnu.linkonce.d*)

.rel.ctors
 *(.rel.ctors)

.rela.ctors
 *(.rela.ctors)

.rel.dtors
 *(.rel.dtors)

.rela.dtors
 *(.rela.dtors)

.rel.got
 *(.rel.got)

.rela.got
 *(.rela.got)

.rel.bss
 *(.rel.bss)

.rela.bss
 *(.rela.bss)

.rel.plt
 *(.rel.plt)

.rela.plt
 *(.rela.plt)

.text           0x00000000     0xcc06
 *(.vectors)
 .vectors       0x00000000      0x1e8 c:/program files (x86)/atmel/atmel studio 6.0/extensions/atmel/avrgcc/3.4.0.65/avrtoolchain/bin/../lib/gcc/avr/4.6.2/../../../../avr/lib/avrxmega6/crtx256a3.o
                0x00000000                __vector_default
                0x00000000                __vectors
 *(.vectors)
 *(.progmem.gcc*)
 *(.progmem*)
 .progmem.data  0x000001e8       0x44 chb_drvr.o
                0x000001e8                chb_err_overflow
                0x0000020c                chb_err_init
                0x0000022c                . = ALIGN (0x2)
                0x0000022c                __trampolines_start = .
 *(.trampolines)
 .trampolines   0x0000022c        0x0 linker stubs
 *(.trampolines*)
                0x0000022c                __trampolines_end = .
 *(.jumptables)
 *(.jumptables*)
 *(.lowtext)
 *(.lowtext*)
                0x0000022c                __ctors_start = .
 *(.ctors)
                0x0000022c                __ctors_end = .
                0x0000022c                __dtors_start = .
 *(.dtors)
                0x0000022c                __dtors_end = .
 SORT(*)(.ctors)
 SORT(*)(.dtors)
 *(.init0)
 .init0         0x0000022c        0x0 c:/program files (x86)/atmel/atmel studio 6.0/extensions/atmel/avrgcc/3.4.0.65/avrtoolchain/bin/../lib/gcc/avr/4.6.2/../../../../avr/lib/avrxmega6/crtx256a3.o
                0x0000022c                __init
 *(.init0)
 *(.init1)
 *(.init1)
 *(.init2)
 .init2         0x0000022c       0x10 c:/program files (x86)/atmel/atmel studio 6.0/extensions/atmel/avrgcc/3.4.0.65/avrtoolchain/bin/../lib/gcc/avr/4.6.2/../../../../avr/lib/avrxmega6/crtx256a3.o
 *(.init2)
 *(.init3)
 *(.init3)
 *(.init4)
 .init4         0x0000023c       0x1a c:/program files (x86)/atmel/atmel studio 6.0/extensions/atmel/avrgcc/3.4.0.65/avrtoolchain/bin/../lib/gcc/avr/4.6.2/avrxmega6\libgcc.a(_copy_data.o)
                0x0000023c                __do_copy_data
 .init4         0x00000256       0x10 c:/program files (x86)/atmel/atmel studio 6.0/extensions/atmel/avrgcc/3.4.0.65/avrtoolchain/bin/../lib/gcc/avr/4.6.2/avrxmega6\libgcc.a(_clear_bss.o)
                0x00000256                __do_clear_bss
 *(.init4)
 *(.init5)
 *(.init5)
 *(.init6)
 *(.init6)
 *(.init7)
 *(.init7)
 *(.init8)
 *(.init8)
 *(.init9)
 .init9         0x00000266        0x8 c:/program files (x86)/atmel/atmel studio 6.0/extensions/atmel/avrgcc/3.4.0.65/avrtoolchain/bin/../lib/gcc/avr/4.6.2/../../../../avr/lib/avrxmega6/crtx256a3.o
 *(.init9)
 *(.text)
 .text          0x0000026e        0x4 c:/program files (x86)/atmel/atmel studio 6.0/extensions/atmel/avrgcc/3.4.0.65/avrtoolchain/bin/../lib/gcc/avr/4.6.2/../../../../avr/lib/avrxmega6/crtx256a3.o
                0x0000026e                __vector_38
                0x0000026e                __vector_22
                0x0000026e                __vector_63
                0x0000026e                __vector_28
                0x0000026e                __vector_67
                0x0000026e                __vector_1
                0x0000026e                __vector_119
                0x0000026e                __vector_32
                0x0000026e                __vector_75
                0x0000026e                __vector_71
                0x0000026e                __vector_91
                0x0000026e                __vector_34
                0x0000026e                __vector_62
                0x0000026e                __vector_102
                0x0000026e                __vector_24
                0x0000026e                __vector_12
                0x0000026e                __vector_55
                0x0000026e                __vector_69
                0x0000026e                __vector_90
                0x0000026e                __vector_46
                0x0000026e                __bad_interrupt
                0x0000026e                __vector_72
                0x0000026e                __vector_114
                0x0000026e                __vector_6
                0x0000026e                __vector_110
                0x0000026e                __vector_31
                0x0000026e                __vector_92
                0x0000026e                __vector_35
                0x0000026e                __vector_78
                0x0000026e                __vector_74
                0x0000026e                __vector_117
                0x0000026e                __vector_39
                0x0000026e                __vector_107
                0x0000026e                __vector_3
                0x0000026e                __vector_98
                0x0000026e                __vector_23
                0x0000026e                __vector_68
                0x0000026e                __vector_30
                0x0000026e                __vector_73
                0x0000026e                __vector_45
                0x0000026e                __vector_25
                0x0000026e                __vector_93
                0x0000026e                __vector_61
                0x0000026e                __vector_11
                0x0000026e                __vector_54
                0x0000026e                __vector_99
                0x0000026e                __vector_13
                0x0000026e                __vector_56
                0x0000026e                __vector_7
                0x0000026e                __vector_49
                0x0000026e                __vector_41
                0x0000026e                __vector_86
                0x0000026e                __vector_100
                0x0000026e                __vector_101
                0x0000026e                __vector_88
                0x0000026e                __vector_109
                0x0000026e                __vector_27
                0x0000026e                __vector_5
                0x0000026e                __vector_113
                0x0000026e                __vector_33
                0x0000026e                __vector_76
                0x0000026e                __vector_115
                0x0000026e                __vector_47
                0x0000026e                __vector_52
                0x0000026e                __vector_37
                0x0000026e                __vector_95
                0x0000026e                __vector_103
                0x0000026e                __vector_96
                0x0000026e                __vector_89
                0x0000026e                __vector_108
                0x0000026e                __vector_4
                0x0000026e                __vector_44
                0x0000026e                __vector_106
                0x0000026e                __vector_118
                0x0000026e                __vector_51
                0x0000026e                __vector_9
                0x0000026e                __vector_2
                0x0000026e                __vector_21
                0x0000026e                __vector_15
                0x0000026e                __vector_66
                0x0000026e                __vector_36
                0x0000026e                __vector_58
                0x0000026e                __vector_70
                0x0000026e                __vector_29
                0x0000026e                __vector_60
                0x0000026e                __vector_121
                0x0000026e                __vector_40
                0x0000026e                __vector_85
                0x0000026e                __vector_94
                0x0000026e                __vector_8
                0x0000026e                __vector_26
                0x0000026e                __vector_48
                0x0000026e                __vector_116
                0x0000026e                __vector_112
                0x0000026e                __vector_111
                0x0000026e                __vector_84
                0x0000026e                __vector_57
                0x0000026e                __vector_53
                0x0000026e                __vector_10
                0x0000026e                __vector_50
                0x0000026e                __vector_59
                0x0000026e                __vector_97
                0x0000026e                __vector_20
                0x0000026e                __vector_42
                0x0000026e                __vector_87
                0x0000026e                __vector_65
                0x0000026e                __vector_120
 .text          0x00000272      0x19a Synch.o
                0x00000272                synch
                0x0000031c                __vector_83
 .text          0x0000040c       0x74 AccelSampler2.o
                0x0000040c                main
 .text          0x00000480     0x2fb8 ADC.o
                0x00000480                CO_collectTemp
                0x0000078a                CO_collectBatt
                0x00000ba2                ADCPower
                0x00000dee                set_ampGain
                0x0000104c                set_filter
                0x0000114c                enableADCMUX
                0x00001190                CO_collectADC
                0x00001338                CO_collectADC_cont
                0x00001474                ADC_Pause_Sampling
                0x0000148a                ADC_Resume_Sampling
                0x000014a2                __vector_105
                0x000018b8                __vector_104
                0x00001c5a                ACC_DCPassEnable
                0x00001c8e                CO_collectSeismic3Axises
                0x00001f0c                __vector_16
                0x00001f6c                __vector_17
                0x00001fcc                __vector_18
                0x0000202c                __vector_19
                0x000020e4                __vector_14
                0x0000227e                CO_collectSeismic1Channel
                0x000024b2                __vector_79
                0x00002512                __vector_80
                0x00002572                __vector_81
                0x000025d2                __vector_82
                0x00002636                __vector_77
                0x000027d0                sampleCurrentChannel
                0x00002890                writeSE2FRAM
                0x00002b70                calcChecksumFRAM
                0x00003180                FRAMWriteKnowns
                0x000033b8                setADCInput
 .text          0x00003438      0x746 adc_driver.o
                0x00003438                ADC_CalibrationValues_Load
                0x000034a0                ADC_ResultCh_GetWord_Unsigned
                0x000034ea                ADC_ResultCh_GetWord_Signed
                0x00003536                ADC_ResultCh_GetWord
                0x00003564                ADC_ResultCh_GetLowByte
                0x00003590                ADC_ResultCh_GetHighByte
                0x000035bc                ADC_Wait_8MHz
                0x000037a8                ADC_Wait_32MHz
                0x00003996                ADC_Offset_Get_Unsigned
                0x00003a60                ADC_Offset_Get_Signed
                0x00003b32                SP_ReadCalibrationByte
 .text          0x00003b7e      0x5dc chb.o
                0x00003b7e                chb_init
                0x00003bb0                radio_msg_received_int_enable
                0x00003c04                chb_get_pcb
                0x00003d0c                chb_write
                0x00004022                chb_read
 .text          0x0000415a       0xbc chb_buf.o
                0x0000415a                chb_buf_init
                0x00004174                chb_buf_write
                0x000041bc                chb_buf_read
                0x00004204                chb_buf_get_len
 .text          0x00004216     0x1b42 chb_drvr.o
                0x00004246                chb_reset
                0x0000461e                chb_reg_read
                0x00004678                chb_reg_read16
                0x000046de                chb_reg_write
                0x00004736                chb_reg_write16
                0x00004798                chb_reg_write64
                0x000047e8                chb_reg_read_mod_write
                0x00004832                chb_frame_write
                0x00004a28                chb_set_mode
                0x00004aba                chb_set_channel
                0x00004cc8                chb_set_pwr
                0x00004ce4                chb_set_state
                0x0000564e                chb_set_ieee_addr
                0x00005686                chb_get_ieee_addr
                0x000056b2                chb_set_short_addr
                0x0000570a                chb_get_short_addr
                0x0000573e                chb_tx
                0x000057c6                chb_sleep
                0x00005afa                chb_drvr_init
                0x00005b34                __vector_64
                0x00005d28                RadioCS
 .text          0x00005d58      0x234 chb_eeprom.o
                0x00005e94                chb_eeprom_write
                0x00005f0c                chb_eeprom_read
 .text          0x00005f8c       0x92 chb_spi.o
                0x00005f8c                chb_spi_init
                0x00005fe2                SPID_write
 .text          0x0000601e      0x23c clksys_driver.o
                0x0000601e                CCPWrite
                0x00006074                CLKSYS_XOSC_Config
                0x000060ac                CLKSYS_PLL_Config
                0x000060da                CLKSYS_Disable
                0x0000611a                CLKSYS_Prescalers_Config
                0x00006146                CLKSYS_Main_ClockSource_Select
                0x0000618a                CLKSYS_RTC_ClockSource_Enable
                0x000061b8                CLKSYS_AutoCalibration_Enable
                0x0000622a                CLKSYS_XOSC_FailureDetection_Enable
                0x00006242                CLKSYS_Configuration_Lock
 .text          0x0000625a     0x1c0a E-000001-000009__firmware_rev_1_0.o
                0x0000625a                setXOSC_32MHz
                0x000062d2                set_16MHz
                0x0000631a                set_32MHz
                0x00006362                portExCS
                0x0000654c                PortEx_DIRSET
                0x00006614                PortEx_DIRCLR
                0x000066e4                PortEx_OUTSET
                0x000067aa                PortEx_OUTCLR
                0x00006878                Ext1Power
                0x000069ce                Ext2Power
                0x00006b24                HVPower
                0x00006e24                lowerMuxCS
                0x00006e54                upperMuxCS
                0x00006e84                SPIInit
                0x00006ed4                SPIInit2
                0x00006f2e                SPICS
                0x00006f5e                SPIDisable
                0x00006f92                readFRAM
                0x000070a2                FRAMTest3Channel
                0x00007284                FRAMTest1Channel
                0x00007460                FRAMWriteKnownsCheck
                0x00007640                checkMote
                0x0000797a                SD_write_and_read_knowns
                0x00007a96                SD_write_and_read_knowns_FAT
                0x00007b26                chibi_test_radio
                0x00007b3e                TestCard
                0x00007bac                __vector_43
                0x00007d5c                DeciToString
 .text          0x00007e64     0x1800 FAT32.o
                0x00007e64                getBootSectorData
                0x000080f6                getFirstSector
                0x0000815a                getSetNextCluster
                0x000082ae                getSetFreeCluster
                0x00008410                findFiles
                0x000087c4                readFile
                0x00008922                convertFileName
                0x00008b8e                writeFile
                0x0000933a                searchNextFreeCluster
                0x000094b2                deleteFile
                0x000094ec                freeMemoryUpdate
 .text          0x00009664      0xc2e SD_Card.o
                0x00009664                SD_init
                0x00009a7a                SPI_write
                0x00009ab6                SD_command
                0x00009bb2                SD_write_block
                0x00009d4e                SD_read_block
                0x00009e3a                SD_write_multiple_blocks
                0x0000a0f6                SD_read_multiple_blocks
                0x0000a24c                SD_disable
 .text          0x0000a292        0x0 c:/program files (x86)/atmel/atmel studio 6.0/extensions/atmel/avrgcc/3.4.0.65/avrtoolchain/bin/../lib/gcc/avr/4.6.2/../../../../avr/lib/avrxmega6\libm.a(cmpsf2.o)
 .text          0x0000a292        0x0 c:/program files (x86)/atmel/atmel studio 6.0/extensions/atmel/avrgcc/3.4.0.65/avrtoolchain/bin/../lib/gcc/avr/4.6.2/../../../../avr/lib/avrxmega6\libm.a(divsf3.o)
 .text          0x0000a292        0x0 c:/program files (x86)/atmel/atmel studio 6.0/extensions/atmel/avrgcc/3.4.0.65/avrtoolchain/bin/../lib/gcc/avr/4.6.2/../../../../avr/lib/avrxmega6\libm.a(divsf3x.o)
 .text          0x0000a292        0x0 c:/program files (x86)/atmel/atmel studio 6.0/extensions/atmel/avrgcc/3.4.0.65/avrtoolchain/bin/../lib/gcc/avr/4.6.2/../../../../avr/lib/avrxmega6\libm.a(fixunssfsi.o)
 .text          0x0000a292        0x0 c:/program files (x86)/atmel/atmel studio 6.0/extensions/atmel/avrgcc/3.4.0.65/avrtoolchain/bin/../lib/gcc/avr/4.6.2/../../../../avr/lib/avrxmega6\libm.a(fp_cmp.o)
 .text          0x0000a292        0x0 c:/program files (x86)/atmel/atmel studio 6.0/extensions/atmel/avrgcc/3.4.0.65/avrtoolchain/bin/../lib/gcc/avr/4.6.2/../../../../avr/lib/avrxmega6\libm.a(fp_inf.o)
 .text          0x0000a292        0x0 c:/program files (x86)/atmel/atmel studio 6.0/extensions/atmel/avrgcc/3.4.0.65/avrtoolchain/bin/../lib/gcc/avr/4.6.2/../../../../avr/lib/avrxmega6\libm.a(fp_nan.o)
 .text          0x0000a292        0x0 c:/program files (x86)/atmel/atmel studio 6.0/extensions/atmel/avrgcc/3.4.0.65/avrtoolchain/bin/../lib/gcc/avr/4.6.2/../../../../avr/lib/avrxmega6\libm.a(fp_pscA.o)
 .text          0x0000a292        0x0 c:/program files (x86)/atmel/atmel studio 6.0/extensions/atmel/avrgcc/3.4.0.65/avrtoolchain/bin/../lib/gcc/avr/4.6.2/../../../../avr/lib/avrxmega6\libm.a(fp_pscB.o)
 .text          0x0000a292        0x0 c:/program files (x86)/atmel/atmel studio 6.0/extensions/atmel/avrgcc/3.4.0.65/avrtoolchain/bin/../lib/gcc/avr/4.6.2/../../../../avr/lib/avrxmega6\libm.a(fp_round.o)
 .text          0x0000a292        0x0 c:/program files (x86)/atmel/atmel studio 6.0/extensions/atmel/avrgcc/3.4.0.65/avrtoolchain/bin/../lib/gcc/avr/4.6.2/../../../../avr/lib/avrxmega6\libm.a(fp_split3.o)
 .text          0x0000a292        0x0 c:/program files (x86)/atmel/atmel studio 6.0/extensions/atmel/avrgcc/3.4.0.65/avrtoolchain/bin/../lib/gcc/avr/4.6.2/../../../../avr/lib/avrxmega6\libm.a(fp_zero.o)
 .text          0x0000a292        0x0 c:/program files (x86)/atmel/atmel studio 6.0/extensions/atmel/avrgcc/3.4.0.65/avrtoolchain/bin/../lib/gcc/avr/4.6.2/../../../../avr/lib/avrxmega6\libm.a(gesf2.o)
 .text          0x0000a292        0x0 c:/program files (x86)/atmel/atmel studio 6.0/extensions/atmel/avrgcc/3.4.0.65/avrtoolchain/bin/../lib/gcc/avr/4.6.2/../../../../avr/lib/avrxmega6\libm.a(mulsf3.o)
 .text          0x0000a292        0x0 c:/program files (x86)/atmel/atmel studio 6.0/extensions/atmel/avrgcc/3.4.0.65/avrtoolchain/bin/../lib/gcc/avr/4.6.2/../../../../avr/lib/avrxmega6\libm.a(mulsf3x.o)
 .text          0x0000a292        0x0 c:/program files (x86)/atmel/atmel studio 6.0/extensions/atmel/avrgcc/3.4.0.65/avrtoolchain/bin/../lib/gcc/avr/4.6.2/avrxmega6\libgcc.a(_mulsi3.o)
 .text          0x0000a292        0x0 c:/program files (x86)/atmel/atmel studio 6.0/extensions/atmel/avrgcc/3.4.0.65/avrtoolchain/bin/../lib/gcc/avr/4.6.2/avrxmega6\libgcc.a(_udivmodhi4.o)
 .text          0x0000a292        0x0 c:/program files (x86)/atmel/atmel studio 6.0/extensions/atmel/avrgcc/3.4.0.65/avrtoolchain/bin/../lib/gcc/avr/4.6.2/avrxmega6\libgcc.a(_divmodhi4.o)
 .text          0x0000a292        0x0 c:/program files (x86)/atmel/atmel studio 6.0/extensions/atmel/avrgcc/3.4.0.65/avrtoolchain/bin/../lib/gcc/avr/4.6.2/avrxmega6\libgcc.a(_udivmodsi4.o)
 .text          0x0000a292        0x0 c:/program files (x86)/atmel/atmel studio 6.0/extensions/atmel/avrgcc/3.4.0.65/avrtoolchain/bin/../lib/gcc/avr/4.6.2/avrxmega6\libgcc.a(_divmodsi4.o)
 .text          0x0000a292        0x0 c:/program files (x86)/atmel/atmel studio 6.0/extensions/atmel/avrgcc/3.4.0.65/avrtoolchain/bin/../lib/gcc/avr/4.6.2/avrxmega6\libgcc.a(_exit.o)
 .text          0x0000a292        0x0 c:/program files (x86)/atmel/atmel studio 6.0/extensions/atmel/avrgcc/3.4.0.65/avrtoolchain/bin/../lib/gcc/avr/4.6.2/avrxmega6\libgcc.a(_copy_data.o)
 .text          0x0000a292        0x0 c:/program files (x86)/atmel/atmel studio 6.0/extensions/atmel/avrgcc/3.4.0.65/avrtoolchain/bin/../lib/gcc/avr/4.6.2/avrxmega6\libgcc.a(_clear_bss.o)
 .text          0x0000a292      0x1a6 c:/program files (x86)/atmel/atmel studio 6.0/extensions/atmel/avrgcc/3.4.0.65/avrtoolchain/bin/../lib/gcc/avr/4.6.2/avrxmega6\libgcc.a(_muldi3.o)
                0x0000a292                __muldi3
 .text          0x0000a438       0xe8 c:/program files (x86)/atmel/atmel studio 6.0/extensions/atmel/avrgcc/3.4.0.65/avrtoolchain/bin/../lib/gcc/avr/4.6.2/avrxmega6\libgcc.a(_ashldi3.o)
                0x0000a438                __ashldi3
 .text          0x0000a520      0xf78 c:/program files (x86)/atmel/atmel studio 6.0/extensions/atmel/avrgcc/3.4.0.65/avrtoolchain/bin/../lib/gcc/avr/4.6.2/avrxmega6\libgcc.a(_divdi3.o)
                0x0000a520                __divdi3
 .text          0x0000b498      0xc8a c:/program files (x86)/atmel/atmel studio 6.0/extensions/atmel/avrgcc/3.4.0.65/avrtoolchain/bin/../lib/gcc/avr/4.6.2/avrxmega6\libgcc.a(_udivdi3.o)
                0x0000b498                __udivdi3
 .text          0x0000c122        0x0 c:/program files (x86)/atmel/atmel studio 6.0/extensions/atmel/avrgcc/3.4.0.65/avrtoolchain/bin/../lib/gcc/avr/4.6.2/avrxmega6\libgcc.a(_prologue.o)
 .text          0x0000c122        0x0 c:/program files (x86)/atmel/atmel studio 6.0/extensions/atmel/avrgcc/3.4.0.65/avrtoolchain/bin/../lib/gcc/avr/4.6.2/avrxmega6\libgcc.a(_epilogue.o)
 .text          0x0000c122        0x0 c:/program files (x86)/atmel/atmel studio 6.0/extensions/atmel/avrgcc/3.4.0.65/avrtoolchain/bin/../lib/gcc/avr/4.6.2/avrxmega6\libgcc.a(_clz.o)
 .text          0x0000c122        0x0 c:/program files (x86)/atmel/atmel studio 6.0/extensions/atmel/avrgcc/3.4.0.65/avrtoolchain/bin/../lib/gcc/avr/4.6.2/../../../../avr/lib/avrxmega6\libc.a(strcpy_P.o)
 .text          0x0000c122        0x0 c:/program files (x86)/atmel/atmel studio 6.0/extensions/atmel/avrgcc/3.4.0.65/avrtoolchain/bin/../lib/gcc/avr/4.6.2/../../../../avr/lib/avrxmega6\libc.a(memcpy.o)
 .text          0x0000c122        0x0 c:/program files (x86)/atmel/atmel studio 6.0/extensions/atmel/avrgcc/3.4.0.65/avrtoolchain/bin/../lib/gcc/avr/4.6.2/../../../../avr/lib/avrxmega6\libc.a(memmove.o)
 .text          0x0000c122        0x0 c:/program files (x86)/atmel/atmel studio 6.0/extensions/atmel/avrgcc/3.4.0.65/avrtoolchain/bin/../lib/gcc/avr/4.6.2/../../../../avr/lib/avrxmega6\libc.a(strcat.o)
 .text          0x0000c122        0x0 c:/program files (x86)/atmel/atmel studio 6.0/extensions/atmel/avrgcc/3.4.0.65/avrtoolchain/bin/../lib/gcc/avr/4.6.2/../../../../avr/lib/avrxmega6\libc.a(strncmp.o)
 .text          0x0000c122        0x0 c:/program files (x86)/atmel/atmel studio 6.0/extensions/atmel/avrgcc/3.4.0.65/avrtoolchain/bin/../lib/gcc/avr/4.6.2/../../../../avr/lib/avrxmega6\libc.a(itoa.o)
 .text          0x0000c122        0x0 c:/program files (x86)/atmel/atmel studio 6.0/extensions/atmel/avrgcc/3.4.0.65/avrtoolchain/bin/../lib/gcc/avr/4.6.2/../../../../avr/lib/avrxmega6\libc.a(printf.o)
 .text          0x0000c122        0x0 c:/program files (x86)/atmel/atmel studio 6.0/extensions/atmel/avrgcc/3.4.0.65/avrtoolchain/bin/../lib/gcc/avr/4.6.2/../../../../avr/lib/avrxmega6\libc.a(sprintf.o)
 .text          0x0000c122        0x0 c:/program files (x86)/atmel/atmel studio 6.0/extensions/atmel/avrgcc/3.4.0.65/avrtoolchain/bin/../lib/gcc/avr/4.6.2/../../../../avr/lib/avrxmega6\libc.a(vfprintf_std.o)
 .text          0x0000c122        0x0 c:/program files (x86)/atmel/atmel studio 6.0/extensions/atmel/avrgcc/3.4.0.65/avrtoolchain/bin/../lib/gcc/avr/4.6.2/../../../../avr/lib/avrxmega6\libc.a(strnlen_P.o)
 .text          0x0000c122        0x0 c:/program files (x86)/atmel/atmel studio 6.0/extensions/atmel/avrgcc/3.4.0.65/avrtoolchain/bin/../lib/gcc/avr/4.6.2/../../../../avr/lib/avrxmega6\libc.a(strnlen.o)
 .text          0x0000c122        0x0 c:/program files (x86)/atmel/atmel studio 6.0/extensions/atmel/avrgcc/3.4.0.65/avrtoolchain/bin/../lib/gcc/avr/4.6.2/../../../../avr/lib/avrxmega6\libc.a(strrev.o)
 .text          0x0000c122        0x0 c:/program files (x86)/atmel/atmel studio 6.0/extensions/atmel/avrgcc/3.4.0.65/avrtoolchain/bin/../lib/gcc/avr/4.6.2/../../../../avr/lib/avrxmega6\libc.a(fputc.o)
 .text          0x0000c122        0x0 c:/program files (x86)/atmel/atmel studio 6.0/extensions/atmel/avrgcc/3.4.0.65/avrtoolchain/bin/../lib/gcc/avr/4.6.2/../../../../avr/lib/avrxmega6\libc.a(iob.o)
 .text          0x0000c122        0x0 c:/program files (x86)/atmel/atmel studio 6.0/extensions/atmel/avrgcc/3.4.0.65/avrtoolchain/bin/../lib/gcc/avr/4.6.2/../../../../avr/lib/avrxmega6\libc.a(ultoa_invert.o)
                0x0000c122                . = ALIGN (0x2)
 *(.text.*)
 .text.avr-libc.fplib
                0x0000c122        0x8 c:/program files (x86)/atmel/atmel studio 6.0/extensions/atmel/avrgcc/3.4.0.65/avrtoolchain/bin/../lib/gcc/avr/4.6.2/../../../../avr/lib/avrxmega6\libm.a(cmpsf2.o)
                0x0000c122                __nesf2
                0x0000c122                __eqsf2
                0x0000c122                __cmpsf2
                0x0000c122                __ltsf2
                0x0000c122                __lesf2
 .text.avr-libc.fplib
                0x0000c12a        0x4 c:/program files (x86)/atmel/atmel studio 6.0/extensions/atmel/avrgcc/3.4.0.65/avrtoolchain/bin/../lib/gcc/avr/4.6.2/../../../../avr/lib/avrxmega6\libm.a(divsf3.o)
                0x0000c12a                __divsf3
 .text.avr-libc.fplib
                0x0000c12e       0xcc c:/program files (x86)/atmel/atmel studio 6.0/extensions/atmel/avrgcc/3.4.0.65/avrtoolchain/bin/../lib/gcc/avr/4.6.2/../../../../avr/lib/avrxmega6\libm.a(divsf3x.o)
                0x0000c144                __divsf3x
                0x0000c148                __divsf3_pse
 .text.avr-libc.fplib
                0x0000c1fa       0x58 c:/program files (x86)/atmel/atmel studio 6.0/extensions/atmel/avrgcc/3.4.0.65/avrtoolchain/bin/../lib/gcc/avr/4.6.2/../../../../avr/lib/avrxmega6\libm.a(fixunssfsi.o)
                0x0000c1fa                __fixunssfsi
 .text.avr-libc.fplib
                0x0000c252       0x48 c:/program files (x86)/atmel/atmel studio 6.0/extensions/atmel/avrgcc/3.4.0.65/avrtoolchain/bin/../lib/gcc/avr/4.6.2/../../../../avr/lib/avrxmega6\libm.a(fp_cmp.o)
                0x0000c252                __fp_cmp
 .text.avr-libc.fplib
                0x0000c29a        0xc c:/program files (x86)/atmel/atmel studio 6.0/extensions/atmel/avrgcc/3.4.0.65/avrtoolchain/bin/../lib/gcc/avr/4.6.2/../../../../avr/lib/avrxmega6\libm.a(fp_inf.o)
                0x0000c29a                __fp_inf
 .text.avr-libc.fplib
                0x0000c2a6        0x6 c:/program files (x86)/atmel/atmel studio 6.0/extensions/atmel/avrgcc/3.4.0.65/avrtoolchain/bin/../lib/gcc/avr/4.6.2/../../../../avr/lib/avrxmega6\libm.a(fp_nan.o)
                0x0000c2a6                __fp_nan
 .text.avr-libc.fplib
                0x0000c2ac        0xe c:/program files (x86)/atmel/atmel studio 6.0/extensions/atmel/avrgcc/3.4.0.65/avrtoolchain/bin/../lib/gcc/avr/4.6.2/../../../../avr/lib/avrxmega6\libm.a(fp_pscA.o)
                0x0000c2ac                __fp_pscA
 .text.avr-libc.fplib
                0x0000c2ba        0xe c:/program files (x86)/atmel/atmel studio 6.0/extensions/atmel/avrgcc/3.4.0.65/avrtoolchain/bin/../lib/gcc/avr/4.6.2/../../../../avr/lib/avrxmega6\libm.a(fp_pscB.o)
                0x0000c2ba                __fp_pscB
 .text.avr-libc.fplib
                0x0000c2c8       0x22 c:/program files (x86)/atmel/atmel studio 6.0/extensions/atmel/avrgcc/3.4.0.65/avrtoolchain/bin/../lib/gcc/avr/4.6.2/../../../../avr/lib/avrxmega6\libm.a(fp_round.o)
                0x0000c2c8                __fp_round
 .text.avr-libc.fplib
                0x0000c2ea       0x44 c:/program files (x86)/atmel/atmel studio 6.0/extensions/atmel/avrgcc/3.4.0.65/avrtoolchain/bin/../lib/gcc/avr/4.6.2/../../../../avr/lib/avrxmega6\libm.a(fp_split3.o)
                0x0000c2ea                __fp_split3
                0x0000c2fa                __fp_splitA
 .text.avr-libc.fplib
                0x0000c32e        0xe c:/program files (x86)/atmel/atmel studio 6.0/extensions/atmel/avrgcc/3.4.0.65/avrtoolchain/bin/../lib/gcc/avr/4.6.2/../../../../avr/lib/avrxmega6\libm.a(fp_zero.o)
                0x0000c32e                __fp_zero
                0x0000c330                __fp_szero
 .text.avr-libc.fplib
                0x0000c33c        0x8 c:/program files (x86)/atmel/atmel studio 6.0/extensions/atmel/avrgcc/3.4.0.65/avrtoolchain/bin/../lib/gcc/avr/4.6.2/../../../../avr/lib/avrxmega6\libm.a(gesf2.o)
                0x0000c33c                __gesf2
                0x0000c33c                __gtsf2
 .text.avr-libc.fplib
                0x0000c344        0x4 c:/program files (x86)/atmel/atmel studio 6.0/extensions/atmel/avrgcc/3.4.0.65/avrtoolchain/bin/../lib/gcc/avr/4.6.2/../../../../avr/lib/avrxmega6\libm.a(mulsf3.o)
                0x0000c344                __mulsf3
 .text.avr-libc.fplib
                0x0000c348       0xc2 c:/program files (x86)/atmel/atmel studio 6.0/extensions/atmel/avrgcc/3.4.0.65/avrtoolchain/bin/../lib/gcc/avr/4.6.2/../../../../avr/lib/avrxmega6\libm.a(mulsf3x.o)
                0x0000c35c                __mulsf3x
                0x0000c360                __mulsf3_pse
 .text.libgcc   0x0000c40a       0x3e c:/program files (x86)/atmel/atmel studio 6.0/extensions/atmel/avrgcc/3.4.0.65/avrtoolchain/bin/../lib/gcc/avr/4.6.2/avrxmega6\libgcc.a(_mulsi3.o)
                0x0000c40a                __mulsi3
 .text.libgcc   0x0000c448       0x28 c:/program files (x86)/atmel/atmel studio 6.0/extensions/atmel/avrgcc/3.4.0.65/avrtoolchain/bin/../lib/gcc/avr/4.6.2/avrxmega6\libgcc.a(_udivmodhi4.o)
                0x0000c448                __udivmodhi4
 .text.libgcc   0x0000c470       0x26 c:/program files (x86)/atmel/atmel studio 6.0/extensions/atmel/avrgcc/3.4.0.65/avrtoolchain/bin/../lib/gcc/avr/4.6.2/avrxmega6\libgcc.a(_divmodhi4.o)
                0x0000c470                _div
                0x0000c470                __divmodhi4
 .text.libgcc   0x0000c496       0x44 c:/program files (x86)/atmel/atmel studio 6.0/extensions/atmel/avrgcc/3.4.0.65/avrtoolchain/bin/../lib/gcc/avr/4.6.2/avrxmega6\libgcc.a(_udivmodsi4.o)
                0x0000c496                __udivmodsi4
 .text.libgcc   0x0000c4da       0x36 c:/program files (x86)/atmel/atmel studio 6.0/extensions/atmel/avrgcc/3.4.0.65/avrtoolchain/bin/../lib/gcc/avr/4.6.2/avrxmega6\libgcc.a(_divmodsi4.o)
                0x0000c4da                __divmodsi4
 .text.libgcc   0x0000c510        0x0 c:/program files (x86)/atmel/atmel studio 6.0/extensions/atmel/avrgcc/3.4.0.65/avrtoolchain/bin/../lib/gcc/avr/4.6.2/avrxmega6\libgcc.a(_exit.o)
 .text.libgcc   0x0000c510        0x0 c:/program files (x86)/atmel/atmel studio 6.0/extensions/atmel/avrgcc/3.4.0.65/avrtoolchain/bin/../lib/gcc/avr/4.6.2/avrxmega6\libgcc.a(_copy_data.o)
 .text.libgcc   0x0000c510        0x0 c:/program files (x86)/atmel/atmel studio 6.0/extensions/atmel/avrgcc/3.4.0.65/avrtoolchain/bin/../lib/gcc/avr/4.6.2/avrxmega6\libgcc.a(_clear_bss.o)
 .text.libgcc   0x0000c510       0x32 c:/program files (x86)/atmel/atmel studio 6.0/extensions/atmel/avrgcc/3.4.0.65/avrtoolchain/bin/../lib/gcc/avr/4.6.2/avrxmega6\libgcc.a(_prologue.o)
                0x0000c510                __prologue_saves__
 .text.libgcc   0x0000c542       0x30 c:/program files (x86)/atmel/atmel studio 6.0/extensions/atmel/avrgcc/3.4.0.65/avrtoolchain/bin/../lib/gcc/avr/4.6.2/avrxmega6\libgcc.a(_epilogue.o)
                0x0000c542                __epilogue_restores__
 .text.avr-libc
                0x0000c572        0xe c:/program files (x86)/atmel/atmel studio 6.0/extensions/atmel/avrgcc/3.4.0.65/avrtoolchain/bin/../lib/gcc/avr/4.6.2/../../../../avr/lib/avrxmega6\libc.a(strcpy_P.o)
                0x0000c572                strcpy_P
 .text.avr-libc
                0x0000c580       0x12 c:/program files (x86)/atmel/atmel studio 6.0/extensions/atmel/avrgcc/3.4.0.65/avrtoolchain/bin/../lib/gcc/avr/4.6.2/../../../../avr/lib/avrxmega6\libc.a(memcpy.o)
                0x0000c580                memcpy
 .text.avr-libc
                0x0000c592       0x24 c:/program files (x86)/atmel/atmel studio 6.0/extensions/atmel/avrgcc/3.4.0.65/avrtoolchain/bin/../lib/gcc/avr/4.6.2/../../../../avr/lib/avrxmega6\libc.a(memmove.o)
                0x0000c592                memmove
 .text.avr-libc
                0x0000c5b6       0x16 c:/program files (x86)/atmel/atmel studio 6.0/extensions/atmel/avrgcc/3.4.0.65/avrtoolchain/bin/../lib/gcc/avr/4.6.2/../../../../avr/lib/avrxmega6\libc.a(strcat.o)
                0x0000c5b6                strcat
 .text.avr-libc
                0x0000c5cc       0x1c c:/program files (x86)/atmel/atmel studio 6.0/extensions/atmel/avrgcc/3.4.0.65/avrtoolchain/bin/../lib/gcc/avr/4.6.2/../../../../avr/lib/avrxmega6\libc.a(strncmp.o)
                0x0000c5cc                strncmp
 .text.avr-libc
                0x0000c5e8       0x42 c:/program files (x86)/atmel/atmel studio 6.0/extensions/atmel/avrgcc/3.4.0.65/avrtoolchain/bin/../lib/gcc/avr/4.6.2/../../../../avr/lib/avrxmega6\libc.a(itoa.o)
                0x0000c5e8                itoa
 .text.avr-libc
                0x0000c62a       0x24 c:/program files (x86)/atmel/atmel studio 6.0/extensions/atmel/avrgcc/3.4.0.65/avrtoolchain/bin/../lib/gcc/avr/4.6.2/../../../../avr/lib/avrxmega6\libc.a(printf.o)
                0x0000c62a                printf
 .text.avr-libc
                0x0000c64e       0x52 c:/program files (x86)/atmel/atmel studio 6.0/extensions/atmel/avrgcc/3.4.0.65/avrtoolchain/bin/../lib/gcc/avr/4.6.2/../../../../avr/lib/avrxmega6\libc.a(sprintf.o)
                0x0000c64e                sprintf
 .text.avr-libc
                0x0000c6a0      0x402 c:/program files (x86)/atmel/atmel studio 6.0/extensions/atmel/avrgcc/3.4.0.65/avrtoolchain/bin/../lib/gcc/avr/4.6.2/../../../../avr/lib/avrxmega6\libc.a(vfprintf_std.o)
                0x0000c6a0                vfprintf
 .text.avr-libc
                0x0000caa2       0x16 c:/program files (x86)/atmel/atmel studio 6.0/extensions/atmel/avrgcc/3.4.0.65/avrtoolchain/bin/../lib/gcc/avr/4.6.2/../../../../avr/lib/avrxmega6\libc.a(strnlen_P.o)
                0x0000caa2                strnlen_P
 .text.avr-libc
                0x0000cab8       0x16 c:/program files (x86)/atmel/atmel studio 6.0/extensions/atmel/avrgcc/3.4.0.65/avrtoolchain/bin/../lib/gcc/avr/4.6.2/../../../../avr/lib/avrxmega6\libc.a(strnlen.o)
                0x0000cab8                strnlen
 .text.avr-libc
                0x0000cace       0x20 c:/program files (x86)/atmel/atmel studio 6.0/extensions/atmel/avrgcc/3.4.0.65/avrtoolchain/bin/../lib/gcc/avr/4.6.2/../../../../avr/lib/avrxmega6\libc.a(strrev.o)
                0x0000cace                strrev
 .text.avr-libc
                0x0000caee       0x58 c:/program files (x86)/atmel/atmel studio 6.0/extensions/atmel/avrgcc/3.4.0.65/avrtoolchain/bin/../lib/gcc/avr/4.6.2/../../../../avr/lib/avrxmega6\libc.a(fputc.o)
                0x0000caee                fputc
 .text.avr-libc
                0x0000cb46       0xbc c:/program files (x86)/atmel/atmel studio 6.0/extensions/atmel/avrgcc/3.4.0.65/avrtoolchain/bin/../lib/gcc/avr/4.6.2/../../../../avr/lib/avrxmega6\libc.a(ultoa_invert.o)
                0x0000cb46                __ultoa_invert
                0x0000cc02                . = ALIGN (0x2)
 *(.fini9)
 .fini9         0x0000cc02        0x0 c:/program files (x86)/atmel/atmel studio 6.0/extensions/atmel/avrgcc/3.4.0.65/avrtoolchain/bin/../lib/gcc/avr/4.6.2/avrxmega6\libgcc.a(_exit.o)
                0x0000cc02                _exit
                0x0000cc02                exit
 *(.fini9)
 *(.fini8)
 *(.fini8)
 *(.fini7)
 *(.fini7)
 *(.fini6)
 *(.fini6)
 *(.fini5)
 *(.fini5)
 *(.fini4)
 *(.fini4)
 *(.fini3)
 *(.fini3)
 *(.fini2)
 *(.fini2)
 *(.fini1)
 *(.fini1)
 *(.fini0)
 .fini0         0x0000cc02        0x4 c:/program files (x86)/atmel/atmel studio 6.0/extensions/atmel/avrgcc/3.4.0.65/avrtoolchain/bin/../lib/gcc/avr/4.6.2/avrxmega6\libgcc.a(_exit.o)
 *(.fini0)
                0x0000cc06                _etext = .

.data           0x00802000      0x132 load address 0x0000cc06
                0x00802000                PROVIDE (__data_start, .)
 *(.data)
 .data          0x00802000        0x0 c:/program files (x86)/atmel/atmel studio 6.0/extensions/atmel/avrgcc/3.4.0.65/avrtoolchain/bin/../lib/gcc/avr/4.6.2/../../../../avr/lib/avrxmega6/crtx256a3.o
 .data          0x00802000        0x6 Synch.o
 .data          0x00802006        0x8 AccelSampler2.o
 .data          0x0080200e        0x0 ADC.o
 .data          0x0080200e        0x0 adc_driver.o
 .data          0x0080200e        0x3 chb.o
 .data          0x00802011        0x0 chb_buf.o
 .data          0x00802011        0x0 chb_drvr.o
 .data          0x00802011        0x0 chb_eeprom.o
 .data          0x00802011        0x0 chb_spi.o
 .data          0x00802011        0x0 clksys_driver.o
 .data          0x00802011       0x20 E-000001-000009__firmware_rev_1_0.o
 .data          0x00802031        0x0 FAT32.o
 .data          0x00802031        0x0 SD_Card.o
 .data          0x00802031        0x0 c:/program files (x86)/atmel/atmel studio 6.0/extensions/atmel/avrgcc/3.4.0.65/avrtoolchain/bin/../lib/gcc/avr/4.6.2/../../../../avr/lib/avrxmega6\libm.a(cmpsf2.o)
 .data          0x00802031        0x0 c:/program files (x86)/atmel/atmel studio 6.0/extensions/atmel/avrgcc/3.4.0.65/avrtoolchain/bin/../lib/gcc/avr/4.6.2/../../../../avr/lib/avrxmega6\libm.a(divsf3.o)
 .data          0x00802031        0x0 c:/program files (x86)/atmel/atmel studio 6.0/extensions/atmel/avrgcc/3.4.0.65/avrtoolchain/bin/../lib/gcc/avr/4.6.2/../../../../avr/lib/avrxmega6\libm.a(divsf3x.o)
 .data          0x00802031        0x0 c:/program files (x86)/atmel/atmel studio 6.0/extensions/atmel/avrgcc/3.4.0.65/avrtoolchain/bin/../lib/gcc/avr/4.6.2/../../../../avr/lib/avrxmega6\libm.a(fixunssfsi.o)
 .data          0x00802031        0x0 c:/program files (x86)/atmel/atmel studio 6.0/extensions/atmel/avrgcc/3.4.0.65/avrtoolchain/bin/../lib/gcc/avr/4.6.2/../../../../avr/lib/avrxmega6\libm.a(fp_cmp.o)
 .data          0x00802031        0x0 c:/program files (x86)/atmel/atmel studio 6.0/extensions/atmel/avrgcc/3.4.0.65/avrtoolchain/bin/../lib/gcc/avr/4.6.2/../../../../avr/lib/avrxmega6\libm.a(fp_inf.o)
 .data          0x00802031        0x0 c:/program files (x86)/atmel/atmel studio 6.0/extensions/atmel/avrgcc/3.4.0.65/avrtoolchain/bin/../lib/gcc/avr/4.6.2/../../../../avr/lib/avrxmega6\libm.a(fp_nan.o)
 .data          0x00802031        0x0 c:/program files (x86)/atmel/atmel studio 6.0/extensions/atmel/avrgcc/3.4.0.65/avrtoolchain/bin/../lib/gcc/avr/4.6.2/../../../../avr/lib/avrxmega6\libm.a(fp_pscA.o)
 .data          0x00802031        0x0 c:/program files (x86)/atmel/atmel studio 6.0/extensions/atmel/avrgcc/3.4.0.65/avrtoolchain/bin/../lib/gcc/avr/4.6.2/../../../../avr/lib/avrxmega6\libm.a(fp_pscB.o)
 .data          0x00802031        0x0 c:/program files (x86)/atmel/atmel studio 6.0/extensions/atmel/avrgcc/3.4.0.65/avrtoolchain/bin/../lib/gcc/avr/4.6.2/../../../../avr/lib/avrxmega6\libm.a(fp_round.o)
 .data          0x00802031        0x0 c:/program files (x86)/atmel/atmel studio 6.0/extensions/atmel/avrgcc/3.4.0.65/avrtoolchain/bin/../lib/gcc/avr/4.6.2/../../../../avr/lib/avrxmega6\libm.a(fp_split3.o)
 .data          0x00802031        0x0 c:/program files (x86)/atmel/atmel studio 6.0/extensions/atmel/avrgcc/3.4.0.65/avrtoolchain/bin/../lib/gcc/avr/4.6.2/../../../../avr/lib/avrxmega6\libm.a(fp_zero.o)
 .data          0x00802031        0x0 c:/program files (x86)/atmel/atmel studio 6.0/extensions/atmel/avrgcc/3.4.0.65/avrtoolchain/bin/../lib/gcc/avr/4.6.2/../../../../avr/lib/avrxmega6\libm.a(gesf2.o)
 .data          0x00802031        0x0 c:/program files (x86)/atmel/atmel studio 6.0/extensions/atmel/avrgcc/3.4.0.65/avrtoolchain/bin/../lib/gcc/avr/4.6.2/../../../../avr/lib/avrxmega6\libm.a(mulsf3.o)
 .data          0x00802031        0x0 c:/program files (x86)/atmel/atmel studio 6.0/extensions/atmel/avrgcc/3.4.0.65/avrtoolchain/bin/../lib/gcc/avr/4.6.2/../../../../avr/lib/avrxmega6\libm.a(mulsf3x.o)
 .data          0x00802031        0x0 c:/program files (x86)/atmel/atmel studio 6.0/extensions/atmel/avrgcc/3.4.0.65/avrtoolchain/bin/../lib/gcc/avr/4.6.2/avrxmega6\libgcc.a(_mulsi3.o)
 .data          0x00802031        0x0 c:/program files (x86)/atmel/atmel studio 6.0/extensions/atmel/avrgcc/3.4.0.65/avrtoolchain/bin/../lib/gcc/avr/4.6.2/avrxmega6\libgcc.a(_udivmodhi4.o)
 .data          0x00802031        0x0 c:/program files (x86)/atmel/atmel studio 6.0/extensions/atmel/avrgcc/3.4.0.65/avrtoolchain/bin/../lib/gcc/avr/4.6.2/avrxmega6\libgcc.a(_divmodhi4.o)
 .data          0x00802031        0x0 c:/program files (x86)/atmel/atmel studio 6.0/extensions/atmel/avrgcc/3.4.0.65/avrtoolchain/bin/../lib/gcc/avr/4.6.2/avrxmega6\libgcc.a(_udivmodsi4.o)
 .data          0x00802031        0x0 c:/program files (x86)/atmel/atmel studio 6.0/extensions/atmel/avrgcc/3.4.0.65/avrtoolchain/bin/../lib/gcc/avr/4.6.2/avrxmega6\libgcc.a(_divmodsi4.o)
 .data          0x00802031        0x0 c:/program files (x86)/atmel/atmel studio 6.0/extensions/atmel/avrgcc/3.4.0.65/avrtoolchain/bin/../lib/gcc/avr/4.6.2/avrxmega6\libgcc.a(_exit.o)
 .data          0x00802031        0x0 c:/program files (x86)/atmel/atmel studio 6.0/extensions/atmel/avrgcc/3.4.0.65/avrtoolchain/bin/../lib/gcc/avr/4.6.2/avrxmega6\libgcc.a(_copy_data.o)
 .data          0x00802031        0x0 c:/program files (x86)/atmel/atmel studio 6.0/extensions/atmel/avrgcc/3.4.0.65/avrtoolchain/bin/../lib/gcc/avr/4.6.2/avrxmega6\libgcc.a(_clear_bss.o)
 .data          0x00802031        0x0 c:/program files (x86)/atmel/atmel studio 6.0/extensions/atmel/avrgcc/3.4.0.65/avrtoolchain/bin/../lib/gcc/avr/4.6.2/avrxmega6\libgcc.a(_muldi3.o)
 .data          0x00802031        0x0 c:/program files (x86)/atmel/atmel studio 6.0/extensions/atmel/avrgcc/3.4.0.65/avrtoolchain/bin/../lib/gcc/avr/4.6.2/avrxmega6\libgcc.a(_ashldi3.o)
 .data          0x00802031        0x0 c:/program files (x86)/atmel/atmel studio 6.0/extensions/atmel/avrgcc/3.4.0.65/avrtoolchain/bin/../lib/gcc/avr/4.6.2/avrxmega6\libgcc.a(_divdi3.o)
 .data          0x00802031        0x0 c:/program files (x86)/atmel/atmel studio 6.0/extensions/atmel/avrgcc/3.4.0.65/avrtoolchain/bin/../lib/gcc/avr/4.6.2/avrxmega6\libgcc.a(_udivdi3.o)
 .data          0x00802031        0x0 c:/program files (x86)/atmel/atmel studio 6.0/extensions/atmel/avrgcc/3.4.0.65/avrtoolchain/bin/../lib/gcc/avr/4.6.2/avrxmega6\libgcc.a(_prologue.o)
 .data          0x00802031        0x0 c:/program files (x86)/atmel/atmel studio 6.0/extensions/atmel/avrgcc/3.4.0.65/avrtoolchain/bin/../lib/gcc/avr/4.6.2/avrxmega6\libgcc.a(_epilogue.o)
 .data          0x00802031      0x100 c:/program files (x86)/atmel/atmel studio 6.0/extensions/atmel/avrgcc/3.4.0.65/avrtoolchain/bin/../lib/gcc/avr/4.6.2/avrxmega6\libgcc.a(_clz.o)
                0x00802031                __clz_tab
 .data          0x00802131        0x0 c:/program files (x86)/atmel/atmel studio 6.0/extensions/atmel/avrgcc/3.4.0.65/avrtoolchain/bin/../lib/gcc/avr/4.6.2/../../../../avr/lib/avrxmega6\libc.a(strcpy_P.o)
 .data          0x00802131        0x0 c:/program files (x86)/atmel/atmel studio 6.0/extensions/atmel/avrgcc/3.4.0.65/avrtoolchain/bin/../lib/gcc/avr/4.6.2/../../../../avr/lib/avrxmega6\libc.a(memcpy.o)
 .data          0x00802131        0x0 c:/program files (x86)/atmel/atmel studio 6.0/extensions/atmel/avrgcc/3.4.0.65/avrtoolchain/bin/../lib/gcc/avr/4.6.2/../../../../avr/lib/avrxmega6\libc.a(memmove.o)
 .data          0x00802131        0x0 c:/program files (x86)/atmel/atmel studio 6.0/extensions/atmel/avrgcc/3.4.0.65/avrtoolchain/bin/../lib/gcc/avr/4.6.2/../../../../avr/lib/avrxmega6\libc.a(strcat.o)
 .data          0x00802131        0x0 c:/program files (x86)/atmel/atmel studio 6.0/extensions/atmel/avrgcc/3.4.0.65/avrtoolchain/bin/../lib/gcc/avr/4.6.2/../../../../avr/lib/avrxmega6\libc.a(strncmp.o)
 .data          0x00802131        0x0 c:/program files (x86)/atmel/atmel studio 6.0/extensions/atmel/avrgcc/3.4.0.65/avrtoolchain/bin/../lib/gcc/avr/4.6.2/../../../../avr/lib/avrxmega6\libc.a(itoa.o)
 .data          0x00802131        0x0 c:/program files (x86)/atmel/atmel studio 6.0/extensions/atmel/avrgcc/3.4.0.65/avrtoolchain/bin/../lib/gcc/avr/4.6.2/../../../../avr/lib/avrxmega6\libc.a(printf.o)
 .data          0x00802131        0x0 c:/program files (x86)/atmel/atmel studio 6.0/extensions/atmel/avrgcc/3.4.0.65/avrtoolchain/bin/../lib/gcc/avr/4.6.2/../../../../avr/lib/avrxmega6\libc.a(sprintf.o)
 .data          0x00802131        0x0 c:/program files (x86)/atmel/atmel studio 6.0/extensions/atmel/avrgcc/3.4.0.65/avrtoolchain/bin/../lib/gcc/avr/4.6.2/../../../../avr/lib/avrxmega6\libc.a(vfprintf_std.o)
 .data          0x00802131        0x0 c:/program files (x86)/atmel/atmel studio 6.0/extensions/atmel/avrgcc/3.4.0.65/avrtoolchain/bin/../lib/gcc/avr/4.6.2/../../../../avr/lib/avrxmega6\libc.a(strnlen_P.o)
 .data          0x00802131        0x0 c:/program files (x86)/atmel/atmel studio 6.0/extensions/atmel/avrgcc/3.4.0.65/avrtoolchain/bin/../lib/gcc/avr/4.6.2/../../../../avr/lib/avrxmega6\libc.a(strnlen.o)
 .data          0x00802131        0x0 c:/program files (x86)/atmel/atmel studio 6.0/extensions/atmel/avrgcc/3.4.0.65/avrtoolchain/bin/../lib/gcc/avr/4.6.2/../../../../avr/lib/avrxmega6\libc.a(strrev.o)
 .data          0x00802131        0x0 c:/program files (x86)/atmel/atmel studio 6.0/extensions/atmel/avrgcc/3.4.0.65/avrtoolchain/bin/../lib/gcc/avr/4.6.2/../../../../avr/lib/avrxmega6\libc.a(fputc.o)
 .data          0x00802131        0x0 c:/program files (x86)/atmel/atmel studio 6.0/extensions/atmel/avrgcc/3.4.0.65/avrtoolchain/bin/../lib/gcc/avr/4.6.2/../../../../avr/lib/avrxmega6\libc.a(iob.o)
 .data          0x00802131        0x0 c:/program files (x86)/atmel/atmel studio 6.0/extensions/atmel/avrgcc/3.4.0.65/avrtoolchain/bin/../lib/gcc/avr/4.6.2/../../../../avr/lib/avrxmega6\libc.a(ultoa_invert.o)
 *(.data*)
 *(.rodata)
 *(.rodata*)
 *(.gnu.linkonce.d*)
                0x00802132                . = ALIGN (0x2)
 *fill*         0x00802131        0x1 00
                0x00802132                _edata = .
                0x00802132                PROVIDE (__data_end, .)

.bss            0x00802132     0x2fab
                0x00802132                PROVIDE (__bss_start, .)
 *(.bss)
 .bss           0x00802132        0x0 c:/program files (x86)/atmel/atmel studio 6.0/extensions/atmel/avrgcc/3.4.0.65/avrtoolchain/bin/../lib/gcc/avr/4.6.2/../../../../avr/lib/avrxmega6/crtx256a3.o
 .bss           0x00802132        0x0 Synch.o
 .bss           0x00802132        0x0 AccelSampler2.o
 .bss           0x00802132        0x6 ADC.o
                0x00802132                checksumADC
                0x00802135                checksumFRAM
 .bss           0x00802138        0x0 adc_driver.o
 .bss           0x00802138       0x14 chb.o
 .bss           0x0080214c       0x83 chb_buf.o
 .bss           0x008021cf        0x0 chb_drvr.o
 .bss           0x008021cf        0x0 chb_eeprom.o
 .bss           0x008021cf        0x0 chb_spi.o
 .bss           0x008021cf        0x0 clksys_driver.o
 .bss           0x008021cf        0x0 E-000001-000009__firmware_rev_1_0.o
 .bss           0x008021cf        0x0 FAT32.o
 .bss           0x008021cf        0x0 SD_Card.o
 .bss           0x008021cf        0x0 c:/program files (x86)/atmel/atmel studio 6.0/extensions/atmel/avrgcc/3.4.0.65/avrtoolchain/bin/../lib/gcc/avr/4.6.2/../../../../avr/lib/avrxmega6\libm.a(cmpsf2.o)
 .bss           0x008021cf        0x0 c:/program files (x86)/atmel/atmel studio 6.0/extensions/atmel/avrgcc/3.4.0.65/avrtoolchain/bin/../lib/gcc/avr/4.6.2/../../../../avr/lib/avrxmega6\libm.a(divsf3.o)
 .bss           0x008021cf        0x0 c:/program files (x86)/atmel/atmel studio 6.0/extensions/atmel/avrgcc/3.4.0.65/avrtoolchain/bin/../lib/gcc/avr/4.6.2/../../../../avr/lib/avrxmega6\libm.a(divsf3x.o)
 .bss           0x008021cf        0x0 c:/program files (x86)/atmel/atmel studio 6.0/extensions/atmel/avrgcc/3.4.0.65/avrtoolchain/bin/../lib/gcc/avr/4.6.2/../../../../avr/lib/avrxmega6\libm.a(fixunssfsi.o)
 .bss           0x008021cf        0x0 c:/program files (x86)/atmel/atmel studio 6.0/extensions/atmel/avrgcc/3.4.0.65/avrtoolchain/bin/../lib/gcc/avr/4.6.2/../../../../avr/lib/avrxmega6\libm.a(fp_cmp.o)
 .bss           0x008021cf        0x0 c:/program files (x86)/atmel/atmel studio 6.0/extensions/atmel/avrgcc/3.4.0.65/avrtoolchain/bin/../lib/gcc/avr/4.6.2/../../../../avr/lib/avrxmega6\libm.a(fp_inf.o)
 .bss           0x008021cf        0x0 c:/program files (x86)/atmel/atmel studio 6.0/extensions/atmel/avrgcc/3.4.0.65/avrtoolchain/bin/../lib/gcc/avr/4.6.2/../../../../avr/lib/avrxmega6\libm.a(fp_nan.o)
 .bss           0x008021cf        0x0 c:/program files (x86)/atmel/atmel studio 6.0/extensions/atmel/avrgcc/3.4.0.65/avrtoolchain/bin/../lib/gcc/avr/4.6.2/../../../../avr/lib/avrxmega6\libm.a(fp_pscA.o)
 .bss           0x008021cf        0x0 c:/program files (x86)/atmel/atmel studio 6.0/extensions/atmel/avrgcc/3.4.0.65/avrtoolchain/bin/../lib/gcc/avr/4.6.2/../../../../avr/lib/avrxmega6\libm.a(fp_pscB.o)
 .bss           0x008021cf        0x0 c:/program files (x86)/atmel/atmel studio 6.0/extensions/atmel/avrgcc/3.4.0.65/avrtoolchain/bin/../lib/gcc/avr/4.6.2/../../../../avr/lib/avrxmega6\libm.a(fp_round.o)
 .bss           0x008021cf        0x0 c:/program files (x86)/atmel/atmel studio 6.0/extensions/atmel/avrgcc/3.4.0.65/avrtoolchain/bin/../lib/gcc/avr/4.6.2/../../../../avr/lib/avrxmega6\libm.a(fp_split3.o)
 .bss           0x008021cf        0x0 c:/program files (x86)/atmel/atmel studio 6.0/extensions/atmel/avrgcc/3.4.0.65/avrtoolchain/bin/../lib/gcc/avr/4.6.2/../../../../avr/lib/avrxmega6\libm.a(fp_zero.o)
 .bss           0x008021cf        0x0 c:/program files (x86)/atmel/atmel studio 6.0/extensions/atmel/avrgcc/3.4.0.65/avrtoolchain/bin/../lib/gcc/avr/4.6.2/../../../../avr/lib/avrxmega6\libm.a(gesf2.o)
 .bss           0x008021cf        0x0 c:/program files (x86)/atmel/atmel studio 6.0/extensions/atmel/avrgcc/3.4.0.65/avrtoolchain/bin/../lib/gcc/avr/4.6.2/../../../../avr/lib/avrxmega6\libm.a(mulsf3.o)
 .bss           0x008021cf        0x0 c:/program files (x86)/atmel/atmel studio 6.0/extensions/atmel/avrgcc/3.4.0.65/avrtoolchain/bin/../lib/gcc/avr/4.6.2/../../../../avr/lib/avrxmega6\libm.a(mulsf3x.o)
 .bss           0x008021cf        0x0 c:/program files (x86)/atmel/atmel studio 6.0/extensions/atmel/avrgcc/3.4.0.65/avrtoolchain/bin/../lib/gcc/avr/4.6.2/avrxmega6\libgcc.a(_mulsi3.o)
 .bss           0x008021cf        0x0 c:/program files (x86)/atmel/atmel studio 6.0/extensions/atmel/avrgcc/3.4.0.65/avrtoolchain/bin/../lib/gcc/avr/4.6.2/avrxmega6\libgcc.a(_udivmodhi4.o)
 .bss           0x008021cf        0x0 c:/program files (x86)/atmel/atmel studio 6.0/extensions/atmel/avrgcc/3.4.0.65/avrtoolchain/bin/../lib/gcc/avr/4.6.2/avrxmega6\libgcc.a(_divmodhi4.o)
 .bss           0x008021cf        0x0 c:/program files (x86)/atmel/atmel studio 6.0/extensions/atmel/avrgcc/3.4.0.65/avrtoolchain/bin/../lib/gcc/avr/4.6.2/avrxmega6\libgcc.a(_udivmodsi4.o)
 .bss           0x008021cf        0x0 c:/program files (x86)/atmel/atmel studio 6.0/extensions/atmel/avrgcc/3.4.0.65/avrtoolchain/bin/../lib/gcc/avr/4.6.2/avrxmega6\libgcc.a(_divmodsi4.o)
 .bss           0x008021cf        0x0 c:/program files (x86)/atmel/atmel studio 6.0/extensions/atmel/avrgcc/3.4.0.65/avrtoolchain/bin/../lib/gcc/avr/4.6.2/avrxmega6\libgcc.a(_exit.o)
 .bss           0x008021cf        0x0 c:/program files (x86)/atmel/atmel studio 6.0/extensions/atmel/avrgcc/3.4.0.65/avrtoolchain/bin/../lib/gcc/avr/4.6.2/avrxmega6\libgcc.a(_copy_data.o)
 .bss           0x008021cf        0x0 c:/program files (x86)/atmel/atmel studio 6.0/extensions/atmel/avrgcc/3.4.0.65/avrtoolchain/bin/../lib/gcc/avr/4.6.2/avrxmega6\libgcc.a(_clear_bss.o)
 .bss           0x008021cf        0x0 c:/program files (x86)/atmel/atmel studio 6.0/extensions/atmel/avrgcc/3.4.0.65/avrtoolchain/bin/../lib/gcc/avr/4.6.2/avrxmega6\libgcc.a(_muldi3.o)
 .bss           0x008021cf        0x0 c:/program files (x86)/atmel/atmel studio 6.0/extensions/atmel/avrgcc/3.4.0.65/avrtoolchain/bin/../lib/gcc/avr/4.6.2/avrxmega6\libgcc.a(_ashldi3.o)
 .bss           0x008021cf        0x0 c:/program files (x86)/atmel/atmel studio 6.0/extensions/atmel/avrgcc/3.4.0.65/avrtoolchain/bin/../lib/gcc/avr/4.6.2/avrxmega6\libgcc.a(_divdi3.o)
 .bss           0x008021cf        0x0 c:/program files (x86)/atmel/atmel studio 6.0/extensions/atmel/avrgcc/3.4.0.65/avrtoolchain/bin/../lib/gcc/avr/4.6.2/avrxmega6\libgcc.a(_udivdi3.o)
 .bss           0x008021cf        0x0 c:/program files (x86)/atmel/atmel studio 6.0/extensions/atmel/avrgcc/3.4.0.65/avrtoolchain/bin/../lib/gcc/avr/4.6.2/avrxmega6\libgcc.a(_prologue.o)
 .bss           0x008021cf        0x0 c:/program files (x86)/atmel/atmel studio 6.0/extensions/atmel/avrgcc/3.4.0.65/avrtoolchain/bin/../lib/gcc/avr/4.6.2/avrxmega6\libgcc.a(_epilogue.o)
 .bss           0x008021cf        0x0 c:/program files (x86)/atmel/atmel studio 6.0/extensions/atmel/avrgcc/3.4.0.65/avrtoolchain/bin/../lib/gcc/avr/4.6.2/avrxmega6\libgcc.a(_clz.o)
 .bss           0x008021cf        0x0 c:/program files (x86)/atmel/atmel studio 6.0/extensions/atmel/avrgcc/3.4.0.65/avrtoolchain/bin/../lib/gcc/avr/4.6.2/../../../../avr/lib/avrxmega6\libc.a(strcpy_P.o)
 .bss           0x008021cf        0x0 c:/program files (x86)/atmel/atmel studio 6.0/extensions/atmel/avrgcc/3.4.0.65/avrtoolchain/bin/../lib/gcc/avr/4.6.2/../../../../avr/lib/avrxmega6\libc.a(memcpy.o)
 .bss           0x008021cf        0x0 c:/program files (x86)/atmel/atmel studio 6.0/extensions/atmel/avrgcc/3.4.0.65/avrtoolchain/bin/../lib/gcc/avr/4.6.2/../../../../avr/lib/avrxmega6\libc.a(memmove.o)
 .bss           0x008021cf        0x0 c:/program files (x86)/atmel/atmel studio 6.0/extensions/atmel/avrgcc/3.4.0.65/avrtoolchain/bin/../lib/gcc/avr/4.6.2/../../../../avr/lib/avrxmega6\libc.a(strcat.o)
 .bss           0x008021cf        0x0 c:/program files (x86)/atmel/atmel studio 6.0/extensions/atmel/avrgcc/3.4.0.65/avrtoolchain/bin/../lib/gcc/avr/4.6.2/../../../../avr/lib/avrxmega6\libc.a(strncmp.o)
 .bss           0x008021cf        0x0 c:/program files (x86)/atmel/atmel studio 6.0/extensions/atmel/avrgcc/3.4.0.65/avrtoolchain/bin/../lib/gcc/avr/4.6.2/../../../../avr/lib/avrxmega6\libc.a(itoa.o)
 .bss           0x008021cf        0x0 c:/program files (x86)/atmel/atmel studio 6.0/extensions/atmel/avrgcc/3.4.0.65/avrtoolchain/bin/../lib/gcc/avr/4.6.2/../../../../avr/lib/avrxmega6\libc.a(printf.o)
 .bss           0x008021cf        0x0 c:/program files (x86)/atmel/atmel studio 6.0/extensions/atmel/avrgcc/3.4.0.65/avrtoolchain/bin/../lib/gcc/avr/4.6.2/../../../../avr/lib/avrxmega6\libc.a(sprintf.o)
 .bss           0x008021cf        0x0 c:/program files (x86)/atmel/atmel studio 6.0/extensions/atmel/avrgcc/3.4.0.65/avrtoolchain/bin/../lib/gcc/avr/4.6.2/../../../../avr/lib/avrxmega6\libc.a(vfprintf_std.o)
 .bss           0x008021cf        0x0 c:/program files (x86)/atmel/atmel studio 6.0/extensions/atmel/avrgcc/3.4.0.65/avrtoolchain/bin/../lib/gcc/avr/4.6.2/../../../../avr/lib/avrxmega6\libc.a(strnlen_P.o)
 .bss           0x008021cf        0x0 c:/program files (x86)/atmel/atmel studio 6.0/extensions/atmel/avrgcc/3.4.0.65/avrtoolchain/bin/../lib/gcc/avr/4.6.2/../../../../avr/lib/avrxmega6\libc.a(strnlen.o)
 .bss           0x008021cf        0x0 c:/program files (x86)/atmel/atmel studio 6.0/extensions/atmel/avrgcc/3.4.0.65/avrtoolchain/bin/../lib/gcc/avr/4.6.2/../../../../avr/lib/avrxmega6\libc.a(strrev.o)
 .bss           0x008021cf        0x0 c:/program files (x86)/atmel/atmel studio 6.0/extensions/atmel/avrgcc/3.4.0.65/avrtoolchain/bin/../lib/gcc/avr/4.6.2/../../../../avr/lib/avrxmega6\libc.a(fputc.o)
 .bss           0x008021cf        0x0 c:/program files (x86)/atmel/atmel studio 6.0/extensions/atmel/avrgcc/3.4.0.65/avrtoolchain/bin/../lib/gcc/avr/4.6.2/../../../../avr/lib/avrxmega6\libc.a(iob.o)
 .bss           0x008021cf        0x0 c:/program files (x86)/atmel/atmel studio 6.0/extensions/atmel/avrgcc/3.4.0.65/avrtoolchain/bin/../lib/gcc/avr/4.6.2/../../../../avr/lib/avrxmega6\libc.a(ultoa_invert.o)
 *(.bss*)
 *(COMMON)
 COMMON         0x008021cf     0x2f08 Synch.o
                0x008021cf                SDBuffer
                0x008023cf                bankA_OUT
                0x008023d0                appendFileLocation
                0x008023d4                firstDataSector
                0x008023d8                FRAMReadBuffer
                0x00804049                fileSize
                0x0080404d                bytesPerSector
                0x0080404f                saved_sreg
                0x00804050                FRAMAddress
                0x00804052                buff
                0x0080405a                totalClusters
                0x0080405e                discardCount
                0x0080405f                RadioMonitorMode
                0x00804060                rootCluster
                0x00804064                data24Bit
                0x00805064                temp64
                0x00805066                SPIBuffer
                0x00805073                ADC_BUFFER
                0x00805075                sampleCount
                0x00805079                MotesReadyToSynch
                0x0080507b                bankA_DIR
                0x0080507c                sectorPerCluster
                0x0080507e                unusedSectors
                0x00805082                channelStatus
                0x00805083                bankB_OUT
                0x00805084                reservedSectorCount
                0x00805086                temp32
                0x00805088                appendStartCluster
                0x0080508c                sumFRAM
                0x008050a4                error
                0x008050a5                TotalSampleCount
                0x008050a7                var
                0x008050af                Buffer
                0x008050bc                Filename
                0x008050cb                StartOfFreeSpace
                0x008050cf                SPICount
                0x008050d0                freeClusterCountUpdated
                0x008050d1                moteID
                0x008050d2                appendFileSector
                0x008050d6                bankB_DIR
 COMMON         0x008050d7        0x6 c:/program files (x86)/atmel/atmel studio 6.0/extensions/atmel/avrgcc/3.4.0.65/avrtoolchain/bin/../lib/gcc/avr/4.6.2/../../../../avr/lib/avrxmega6\libc.a(iob.o)
                0x008050d7                __iob
                0x008050dd                PROVIDE (__bss_end, .)
                0x0000cc06                __data_load_start = LOADADDR (.data)
                0x0000cd38                __data_load_end = (__data_load_start + SIZEOF (.data))

.noinit         0x008050dd        0x0
                0x008050dd                PROVIDE (__noinit_start, .)
 *(.noinit*)
                0x008050dd                PROVIDE (__noinit_end, .)
                0x008050dd                _end = .
                0x008050dd                PROVIDE (__heap_start, .)

.eeprom         0x00810000        0x0
 *(.eeprom*)
                0x00810000                __eeprom_end = .

.fuse
 *(.fuse)
 *(.lfuse)
 *(.hfuse)
 *(.efuse)

.lock
 *(.lock*)

.signature
 *(.signature*)

.stab           0x00000000     0x2718
 *(.stab)
 .stab          0x00000000      0x6e4 c:/program files (x86)/atmel/atmel studio 6.0/extensions/atmel/avrgcc/3.4.0.65/avrtoolchain/bin/../lib/gcc/avr/4.6.2/../../../../avr/lib/avrxmega6/crtx256a3.o
 .stab          0x000006e4       0x90 c:/program files (x86)/atmel/atmel studio 6.0/extensions/atmel/avrgcc/3.4.0.65/avrtoolchain/bin/../lib/gcc/avr/4.6.2/../../../../avr/lib/avrxmega6\libm.a(cmpsf2.o)
                                 0x9c (size before relaxing)
 .stab          0x00000774       0x48 c:/program files (x86)/atmel/atmel studio 6.0/extensions/atmel/avrgcc/3.4.0.65/avrtoolchain/bin/../lib/gcc/avr/4.6.2/../../../../avr/lib/avrxmega6\libm.a(divsf3.o)
                                 0x54 (size before relaxing)
 .stab          0x000007bc      0x510 c:/program files (x86)/atmel/atmel studio 6.0/extensions/atmel/avrgcc/3.4.0.65/avrtoolchain/bin/../lib/gcc/avr/4.6.2/../../../../avr/lib/avrxmega6\libm.a(divsf3x.o)
                                0x51c (size before relaxing)
 .stab          0x00000ccc      0x240 c:/program files (x86)/atmel/atmel studio 6.0/extensions/atmel/avrgcc/3.4.0.65/avrtoolchain/bin/../lib/gcc/avr/4.6.2/../../../../avr/lib/avrxmega6\libm.a(fixunssfsi.o)
                                0x24c (size before relaxing)
 .stab          0x00000f0c      0x1e0 c:/program files (x86)/atmel/atmel studio 6.0/extensions/atmel/avrgcc/3.4.0.65/avrtoolchain/bin/../lib/gcc/avr/4.6.2/../../../../avr/lib/avrxmega6\libm.a(fp_cmp.o)
                                0x1ec (size before relaxing)
 .stab          0x000010ec       0x78 c:/program files (x86)/atmel/atmel studio 6.0/extensions/atmel/avrgcc/3.4.0.65/avrtoolchain/bin/../lib/gcc/avr/4.6.2/../../../../avr/lib/avrxmega6\libm.a(fp_inf.o)
                                 0x84 (size before relaxing)
 .stab          0x00001164       0x54 c:/program files (x86)/atmel/atmel studio 6.0/extensions/atmel/avrgcc/3.4.0.65/avrtoolchain/bin/../lib/gcc/avr/4.6.2/../../../../avr/lib/avrxmega6\libm.a(fp_nan.o)
                                 0x60 (size before relaxing)
 .stab          0x000011b8       0x84 c:/program files (x86)/atmel/atmel studio 6.0/extensions/atmel/avrgcc/3.4.0.65/avrtoolchain/bin/../lib/gcc/avr/4.6.2/../../../../avr/lib/avrxmega6\libm.a(fp_pscA.o)
                                 0x90 (size before relaxing)
 .stab          0x0000123c       0x84 c:/program files (x86)/atmel/atmel studio 6.0/extensions/atmel/avrgcc/3.4.0.65/avrtoolchain/bin/../lib/gcc/avr/4.6.2/../../../../avr/lib/avrxmega6\libm.a(fp_pscB.o)
                                 0x90 (size before relaxing)
 .stab          0x000012c0       0xfc c:/program files (x86)/atmel/atmel studio 6.0/extensions/atmel/avrgcc/3.4.0.65/avrtoolchain/bin/../lib/gcc/avr/4.6.2/../../../../avr/lib/avrxmega6\libm.a(fp_round.o)
                                0x108 (size before relaxing)
 .stab          0x000013bc      0x1d4 c:/program files (x86)/atmel/atmel studio 6.0/extensions/atmel/avrgcc/3.4.0.65/avrtoolchain/bin/../lib/gcc/avr/4.6.2/../../../../avr/lib/avrxmega6\libm.a(fp_split3.o)
                                0x1e0 (size before relaxing)
 .stab          0x00001590       0x90 c:/program files (x86)/atmel/atmel studio 6.0/extensions/atmel/avrgcc/3.4.0.65/avrtoolchain/bin/../lib/gcc/avr/4.6.2/../../../../avr/lib/avrxmega6\libm.a(fp_zero.o)
                                 0x9c (size before relaxing)
 .stab          0x00001620       0x6c c:/program files (x86)/atmel/atmel studio 6.0/extensions/atmel/avrgcc/3.4.0.65/avrtoolchain/bin/../lib/gcc/avr/4.6.2/../../../../avr/lib/avrxmega6\libm.a(gesf2.o)
                                 0x78 (size before relaxing)
 .stab          0x0000168c       0x48 c:/program files (x86)/atmel/atmel studio 6.0/extensions/atmel/avrgcc/3.4.0.65/avrtoolchain/bin/../lib/gcc/avr/4.6.2/../../../../avr/lib/avrxmega6\libm.a(mulsf3.o)
                                 0x54 (size before relaxing)
 .stab          0x000016d4      0x4d4 c:/program files (x86)/atmel/atmel studio 6.0/extensions/atmel/avrgcc/3.4.0.65/avrtoolchain/bin/../lib/gcc/avr/4.6.2/../../../../avr/lib/avrxmega6\libm.a(mulsf3x.o)
                                0x4e0 (size before relaxing)
 .stab          0x00001ba8       0x6c c:/program files (x86)/atmel/atmel studio 6.0/extensions/atmel/avrgcc/3.4.0.65/avrtoolchain/bin/../lib/gcc/avr/4.6.2/../../../../avr/lib/avrxmega6\libc.a(strcpy_P.o)
                                 0x78 (size before relaxing)
 .stab          0x00001c14       0x84 c:/program files (x86)/atmel/atmel studio 6.0/extensions/atmel/avrgcc/3.4.0.65/avrtoolchain/bin/../lib/gcc/avr/4.6.2/../../../../avr/lib/avrxmega6\libc.a(memcpy.o)
                                 0x90 (size before relaxing)
 .stab          0x00001c98       0xe4 c:/program files (x86)/atmel/atmel studio 6.0/extensions/atmel/avrgcc/3.4.0.65/avrtoolchain/bin/../lib/gcc/avr/4.6.2/../../../../avr/lib/avrxmega6\libc.a(memmove.o)
                                 0xf0 (size before relaxing)
 .stab          0x00001d7c       0x9c c:/program files (x86)/atmel/atmel studio 6.0/extensions/atmel/avrgcc/3.4.0.65/avrtoolchain/bin/../lib/gcc/avr/4.6.2/../../../../avr/lib/avrxmega6\libc.a(strcat.o)
                                 0xa8 (size before relaxing)
 .stab          0x00001e18       0xc0 c:/program files (x86)/atmel/atmel studio 6.0/extensions/atmel/avrgcc/3.4.0.65/avrtoolchain/bin/../lib/gcc/avr/4.6.2/../../../../avr/lib/avrxmega6\libc.a(strncmp.o)
                                 0xcc (size before relaxing)
 .stab          0x00001ed8      0x1b0 c:/program files (x86)/atmel/atmel studio 6.0/extensions/atmel/avrgcc/3.4.0.65/avrtoolchain/bin/../lib/gcc/avr/4.6.2/../../../../avr/lib/avrxmega6\libc.a(itoa.o)
                                0x1bc (size before relaxing)
 .stab          0x00002088       0x9c c:/program files (x86)/atmel/atmel studio 6.0/extensions/atmel/avrgcc/3.4.0.65/avrtoolchain/bin/../lib/gcc/avr/4.6.2/../../../../avr/lib/avrxmega6\libc.a(strnlen_P.o)
                                 0xa8 (size before relaxing)
 .stab          0x00002124       0x9c c:/program files (x86)/atmel/atmel studio 6.0/extensions/atmel/avrgcc/3.4.0.65/avrtoolchain/bin/../lib/gcc/avr/4.6.2/../../../../avr/lib/avrxmega6\libc.a(strnlen.o)
                                 0xa8 (size before relaxing)
 .stab          0x000021c0       0xd8 c:/program files (x86)/atmel/atmel studio 6.0/extensions/atmel/avrgcc/3.4.0.65/avrtoolchain/bin/../lib/gcc/avr/4.6.2/../../../../avr/lib/avrxmega6\libc.a(strrev.o)
                                 0xe4 (size before relaxing)
 .stab          0x00002298      0x480 c:/program files (x86)/atmel/atmel studio 6.0/extensions/atmel/avrgcc/3.4.0.65/avrtoolchain/bin/../lib/gcc/avr/4.6.2/../../../../avr/lib/avrxmega6\libc.a(ultoa_invert.o)
                                0x48c (size before relaxing)

.stabstr        0x00000000      0xa2a
 *(.stabstr)
 .stabstr       0x00000000      0xa2a c:/program files (x86)/atmel/atmel studio 6.0/extensions/atmel/avrgcc/3.4.0.65/avrtoolchain/bin/../lib/gcc/avr/4.6.2/../../../../avr/lib/avrxmega6/crtx256a3.o

.stab.excl
 *(.stab.excl)

.stab.exclstr
 *(.stab.exclstr)

.stab.index
 *(.stab.index)

.stab.indexstr
 *(.stab.indexstr)

.comment
 *(.comment)

.debug
 *(.debug)

.line
 *(.line)

.debug_srcinfo
 *(.debug_srcinfo)

.debug_sfnames
 *(.debug_sfnames)

.debug_aranges  0x00000000      0x3e0
 *(.debug_aranges)
 .debug_aranges
                0x00000000       0x20 Synch.o
 .debug_aranges
                0x00000020       0x20 AccelSampler2.o
 .debug_aranges
                0x00000040       0x20 ADC.o
 .debug_aranges
                0x00000060       0x20 adc_driver.o
 .debug_aranges
                0x00000080       0x20 chb.o
 .debug_aranges
                0x000000a0       0x20 chb_buf.o
 .debug_aranges
                0x000000c0       0x20 chb_drvr.o
 .debug_aranges
                0x000000e0       0x20 chb_eeprom.o
 .debug_aranges
                0x00000100       0x20 chb_spi.o
 .debug_aranges
                0x00000120       0x20 clksys_driver.o
 .debug_aranges
                0x00000140       0x20 E-000001-000009__firmware_rev_1_0.o
 .debug_aranges
                0x00000160       0x20 FAT32.o
 .debug_aranges
                0x00000180       0x20 SD_Card.o
 .debug_aranges
                0x000001a0       0x20 c:/program files (x86)/atmel/atmel studio 6.0/extensions/atmel/avrgcc/3.4.0.65/avrtoolchain/bin/../lib/gcc/avr/4.6.2/avrxmega6\libgcc.a(_mulsi3.o)
 .debug_aranges
                0x000001c0       0x20 c:/program files (x86)/atmel/atmel studio 6.0/extensions/atmel/avrgcc/3.4.0.65/avrtoolchain/bin/../lib/gcc/avr/4.6.2/avrxmega6\libgcc.a(_udivmodhi4.o)
 .debug_aranges
                0x000001e0       0x20 c:/program files (x86)/atmel/atmel studio 6.0/extensions/atmel/avrgcc/3.4.0.65/avrtoolchain/bin/../lib/gcc/avr/4.6.2/avrxmega6\libgcc.a(_divmodhi4.o)
 .debug_aranges
                0x00000200       0x20 c:/program files (x86)/atmel/atmel studio 6.0/extensions/atmel/avrgcc/3.4.0.65/avrtoolchain/bin/../lib/gcc/avr/4.6.2/avrxmega6\libgcc.a(_udivmodsi4.o)
 .debug_aranges
                0x00000220       0x20 c:/program files (x86)/atmel/atmel studio 6.0/extensions/atmel/avrgcc/3.4.0.65/avrtoolchain/bin/../lib/gcc/avr/4.6.2/avrxmega6\libgcc.a(_divmodsi4.o)
 .debug_aranges
                0x00000240       0x20 c:/program files (x86)/atmel/atmel studio 6.0/extensions/atmel/avrgcc/3.4.0.65/avrtoolchain/bin/../lib/gcc/avr/4.6.2/avrxmega6\libgcc.a(_exit.o)
 .debug_aranges
                0x00000260       0x20 c:/program files (x86)/atmel/atmel studio 6.0/extensions/atmel/avrgcc/3.4.0.65/avrtoolchain/bin/../lib/gcc/avr/4.6.2/avrxmega6\libgcc.a(_copy_data.o)
 .debug_aranges
                0x00000280       0x20 c:/program files (x86)/atmel/atmel studio 6.0/extensions/atmel/avrgcc/3.4.0.65/avrtoolchain/bin/../lib/gcc/avr/4.6.2/avrxmega6\libgcc.a(_clear_bss.o)
 .debug_aranges
                0x000002a0       0x20 c:/program files (x86)/atmel/atmel studio 6.0/extensions/atmel/avrgcc/3.4.0.65/avrtoolchain/bin/../lib/gcc/avr/4.6.2/avrxmega6\libgcc.a(_muldi3.o)
 .debug_aranges
                0x000002c0       0x20 c:/program files (x86)/atmel/atmel studio 6.0/extensions/atmel/avrgcc/3.4.0.65/avrtoolchain/bin/../lib/gcc/avr/4.6.2/avrxmega6\libgcc.a(_ashldi3.o)
 .debug_aranges
                0x000002e0       0x20 c:/program files (x86)/atmel/atmel studio 6.0/extensions/atmel/avrgcc/3.4.0.65/avrtoolchain/bin/../lib/gcc/avr/4.6.2/avrxmega6\libgcc.a(_divdi3.o)
 .debug_aranges
                0x00000300       0x20 c:/program files (x86)/atmel/atmel studio 6.0/extensions/atmel/avrgcc/3.4.0.65/avrtoolchain/bin/../lib/gcc/avr/4.6.2/avrxmega6\libgcc.a(_udivdi3.o)
 .debug_aranges
                0x00000320       0x20 c:/program files (x86)/atmel/atmel studio 6.0/extensions/atmel/avrgcc/3.4.0.65/avrtoolchain/bin/../lib/gcc/avr/4.6.2/avrxmega6\libgcc.a(_prologue.o)
 .debug_aranges
                0x00000340       0x20 c:/program files (x86)/atmel/atmel studio 6.0/extensions/atmel/avrgcc/3.4.0.65/avrtoolchain/bin/../lib/gcc/avr/4.6.2/avrxmega6\libgcc.a(_epilogue.o)
 .debug_aranges
                0x00000360       0x20 c:/program files (x86)/atmel/atmel studio 6.0/extensions/atmel/avrgcc/3.4.0.65/avrtoolchain/bin/../lib/gcc/avr/4.6.2/../../../../avr/lib/avrxmega6\libc.a(printf.o)
 .debug_aranges
                0x00000380       0x20 c:/program files (x86)/atmel/atmel studio 6.0/extensions/atmel/avrgcc/3.4.0.65/avrtoolchain/bin/../lib/gcc/avr/4.6.2/../../../../avr/lib/avrxmega6\libc.a(sprintf.o)
 .debug_aranges
                0x000003a0       0x20 c:/program files (x86)/atmel/atmel studio 6.0/extensions/atmel/avrgcc/3.4.0.65/avrtoolchain/bin/../lib/gcc/avr/4.6.2/../../../../avr/lib/avrxmega6\libc.a(vfprintf_std.o)
 .debug_aranges
                0x000003c0       0x20 c:/program files (x86)/atmel/atmel studio 6.0/extensions/atmel/avrgcc/3.4.0.65/avrtoolchain/bin/../lib/gcc/avr/4.6.2/../../../../avr/lib/avrxmega6\libc.a(fputc.o)

.debug_pubnames
 *(.debug_pubnames)

.debug_info     0x00000000     0xcd26
 *(.debug_info)
 .debug_info    0x00000000      0xf4a Synch.o
 .debug_info    0x00000f4a      0x496 AccelSampler2.o
 .debug_info    0x000013e0     0x28c1 ADC.o
 .debug_info    0x00003ca1      0xacc adc_driver.o
 .debug_info    0x0000476d      0x8e8 chb.o
 .debug_info    0x00005055      0x154 chb_buf.o
 .debug_info    0x000051a9     0x17c5 chb_drvr.o
 .debug_info    0x0000696e      0x367 chb_eeprom.o
 .debug_info    0x00006cd5      0x10e chb_spi.o
 .debug_info    0x00006de3      0x597 clksys_driver.o
 .debug_info    0x0000737a     0x1b0b E-000001-000009__firmware_rev_1_0.o
 .debug_info    0x00008e85      0xf01 FAT32.o
 .debug_info    0x00009d86      0xa35 SD_Card.o
 .debug_info    0x0000a7bb       0xe2 c:/program files (x86)/atmel/atmel studio 6.0/extensions/atmel/avrgcc/3.4.0.65/avrtoolchain/bin/../lib/gcc/avr/4.6.2/avrxmega6\libgcc.a(_mulsi3.o)
 .debug_info    0x0000a89d       0xe2 c:/program files (x86)/atmel/atmel studio 6.0/extensions/atmel/avrgcc/3.4.0.65/avrtoolchain/bin/../lib/gcc/avr/4.6.2/avrxmega6\libgcc.a(_udivmodhi4.o)
 .debug_info    0x0000a97f       0xe2 c:/program files (x86)/atmel/atmel studio 6.0/extensions/atmel/avrgcc/3.4.0.65/avrtoolchain/bin/../lib/gcc/avr/4.6.2/avrxmega6\libgcc.a(_divmodhi4.o)
 .debug_info    0x0000aa61       0xe2 c:/program files (x86)/atmel/atmel studio 6.0/extensions/atmel/avrgcc/3.4.0.65/avrtoolchain/bin/../lib/gcc/avr/4.6.2/avrxmega6\libgcc.a(_udivmodsi4.o)
 .debug_info    0x0000ab43       0xe2 c:/program files (x86)/atmel/atmel studio 6.0/extensions/atmel/avrgcc/3.4.0.65/avrtoolchain/bin/../lib/gcc/avr/4.6.2/avrxmega6\libgcc.a(_divmodsi4.o)
 .debug_info    0x0000ac25       0xe2 c:/program files (x86)/atmel/atmel studio 6.0/extensions/atmel/avrgcc/3.4.0.65/avrtoolchain/bin/../lib/gcc/avr/4.6.2/avrxmega6\libgcc.a(_exit.o)
 .debug_info    0x0000ad07       0xe2 c:/program files (x86)/atmel/atmel studio 6.0/extensions/atmel/avrgcc/3.4.0.65/avrtoolchain/bin/../lib/gcc/avr/4.6.2/avrxmega6\libgcc.a(_copy_data.o)
 .debug_info    0x0000ade9       0xe2 c:/program files (x86)/atmel/atmel studio 6.0/extensions/atmel/avrgcc/3.4.0.65/avrtoolchain/bin/../lib/gcc/avr/4.6.2/avrxmega6\libgcc.a(_clear_bss.o)
 .debug_info    0x0000aecb      0x20c c:/program files (x86)/atmel/atmel studio 6.0/extensions/atmel/avrgcc/3.4.0.65/avrtoolchain/bin/../lib/gcc/avr/4.6.2/avrxmega6\libgcc.a(_muldi3.o)
 .debug_info    0x0000b0d7      0x184 c:/program files (x86)/atmel/atmel studio 6.0/extensions/atmel/avrgcc/3.4.0.65/avrtoolchain/bin/../lib/gcc/avr/4.6.2/avrxmega6\libgcc.a(_ashldi3.o)
 .debug_info    0x0000b25b      0x792 c:/program files (x86)/atmel/atmel studio 6.0/extensions/atmel/avrgcc/3.4.0.65/avrtoolchain/bin/../lib/gcc/avr/4.6.2/avrxmega6\libgcc.a(_divdi3.o)
 .debug_info    0x0000b9ed      0x75a c:/program files (x86)/atmel/atmel studio 6.0/extensions/atmel/avrgcc/3.4.0.65/avrtoolchain/bin/../lib/gcc/avr/4.6.2/avrxmega6\libgcc.a(_udivdi3.o)
 .debug_info    0x0000c147       0xe2 c:/program files (x86)/atmel/atmel studio 6.0/extensions/atmel/avrgcc/3.4.0.65/avrtoolchain/bin/../lib/gcc/avr/4.6.2/avrxmega6\libgcc.a(_prologue.o)
 .debug_info    0x0000c229       0xe2 c:/program files (x86)/atmel/atmel studio 6.0/extensions/atmel/avrgcc/3.4.0.65/avrtoolchain/bin/../lib/gcc/avr/4.6.2/avrxmega6\libgcc.a(_epilogue.o)
 .debug_info    0x0000c30b       0xa6 c:/program files (x86)/atmel/atmel studio 6.0/extensions/atmel/avrgcc/3.4.0.65/avrtoolchain/bin/../lib/gcc/avr/4.6.2/avrxmega6\libgcc.a(_clz.o)
 .debug_info    0x0000c3b1      0x1c6 c:/program files (x86)/atmel/atmel studio 6.0/extensions/atmel/avrgcc/3.4.0.65/avrtoolchain/bin/../lib/gcc/avr/4.6.2/../../../../avr/lib/avrxmega6\libc.a(printf.o)
 .debug_info    0x0000c577      0x1b7 c:/program files (x86)/atmel/atmel studio 6.0/extensions/atmel/avrgcc/3.4.0.65/avrtoolchain/bin/../lib/gcc/avr/4.6.2/../../../../avr/lib/avrxmega6\libc.a(sprintf.o)
 .debug_info    0x0000c72e      0x342 c:/program files (x86)/atmel/atmel studio 6.0/extensions/atmel/avrgcc/3.4.0.65/avrtoolchain/bin/../lib/gcc/avr/4.6.2/../../../../avr/lib/avrxmega6\libc.a(vfprintf_std.o)
 .debug_info    0x0000ca70      0x167 c:/program files (x86)/atmel/atmel studio 6.0/extensions/atmel/avrgcc/3.4.0.65/avrtoolchain/bin/../lib/gcc/avr/4.6.2/../../../../avr/lib/avrxmega6\libc.a(fputc.o)
 .debug_info    0x0000cbd7      0x14f c:/program files (x86)/atmel/atmel studio 6.0/extensions/atmel/avrgcc/3.4.0.65/avrtoolchain/bin/../lib/gcc/avr/4.6.2/../../../../avr/lib/avrxmega6\libc.a(iob.o)
 *(.gnu.linkonce.wi.*)

.debug_abbrev   0x00000000     0x22f6
 *(.debug_abbrev)
 .debug_abbrev  0x00000000      0x1a1 Synch.o
 .debug_abbrev  0x000001a1       0xcd AccelSampler2.o
 .debug_abbrev  0x0000026e      0x2ec ADC.o
 .debug_abbrev  0x0000055a      0x226 adc_driver.o
 .debug_abbrev  0x00000780      0x20a chb.o
 .debug_abbrev  0x0000098a       0xd9 chb_buf.o
 .debug_abbrev  0x00000a63      0x30a chb_drvr.o
 .debug_abbrev  0x00000d6d      0x134 chb_eeprom.o
 .debug_abbrev  0x00000ea1       0xb1 chb_spi.o
 .debug_abbrev  0x00000f52      0x140 clksys_driver.o
 .debug_abbrev  0x00001092      0x31f E-000001-000009__firmware_rev_1_0.o
 .debug_abbrev  0x000013b1      0x1ca FAT32.o
 .debug_abbrev  0x0000157b      0x1fa SD_Card.o
 .debug_abbrev  0x00001775       0x14 c:/program files (x86)/atmel/atmel studio 6.0/extensions/atmel/avrgcc/3.4.0.65/avrtoolchain/bin/../lib/gcc/avr/4.6.2/avrxmega6\libgcc.a(_mulsi3.o)
 .debug_abbrev  0x00001789       0x14 c:/program files (x86)/atmel/atmel studio 6.0/extensions/atmel/avrgcc/3.4.0.65/avrtoolchain/bin/../lib/gcc/avr/4.6.2/avrxmega6\libgcc.a(_udivmodhi4.o)
 .debug_abbrev  0x0000179d       0x14 c:/program files (x86)/atmel/atmel studio 6.0/extensions/atmel/avrgcc/3.4.0.65/avrtoolchain/bin/../lib/gcc/avr/4.6.2/avrxmega6\libgcc.a(_divmodhi4.o)
 .debug_abbrev  0x000017b1       0x14 c:/program files (x86)/atmel/atmel studio 6.0/extensions/atmel/avrgcc/3.4.0.65/avrtoolchain/bin/../lib/gcc/avr/4.6.2/avrxmega6\libgcc.a(_udivmodsi4.o)
 .debug_abbrev  0x000017c5       0x14 c:/program files (x86)/atmel/atmel studio 6.0/extensions/atmel/avrgcc/3.4.0.65/avrtoolchain/bin/../lib/gcc/avr/4.6.2/avrxmega6\libgcc.a(_divmodsi4.o)
 .debug_abbrev  0x000017d9       0x14 c:/program files (x86)/atmel/atmel studio 6.0/extensions/atmel/avrgcc/3.4.0.65/avrtoolchain/bin/../lib/gcc/avr/4.6.2/avrxmega6\libgcc.a(_exit.o)
 .debug_abbrev  0x000017ed       0x14 c:/program files (x86)/atmel/atmel studio 6.0/extensions/atmel/avrgcc/3.4.0.65/avrtoolchain/bin/../lib/gcc/avr/4.6.2/avrxmega6\libgcc.a(_copy_data.o)
 .debug_abbrev  0x00001801       0x14 c:/program files (x86)/atmel/atmel studio 6.0/extensions/atmel/avrgcc/3.4.0.65/avrtoolchain/bin/../lib/gcc/avr/4.6.2/avrxmega6\libgcc.a(_clear_bss.o)
 .debug_abbrev  0x00001815       0xf0 c:/program files (x86)/atmel/atmel studio 6.0/extensions/atmel/avrgcc/3.4.0.65/avrtoolchain/bin/../lib/gcc/avr/4.6.2/avrxmega6\libgcc.a(_muldi3.o)
 .debug_abbrev  0x00001905       0xf0 c:/program files (x86)/atmel/atmel studio 6.0/extensions/atmel/avrgcc/3.4.0.65/avrtoolchain/bin/../lib/gcc/avr/4.6.2/avrxmega6\libgcc.a(_ashldi3.o)
 .debug_abbrev  0x000019f5      0x1bf c:/program files (x86)/atmel/atmel studio 6.0/extensions/atmel/avrgcc/3.4.0.65/avrtoolchain/bin/../lib/gcc/avr/4.6.2/avrxmega6\libgcc.a(_divdi3.o)
 .debug_abbrev  0x00001bb4      0x1a1 c:/program files (x86)/atmel/atmel studio 6.0/extensions/atmel/avrgcc/3.4.0.65/avrtoolchain/bin/../lib/gcc/avr/4.6.2/avrxmega6\libgcc.a(_udivdi3.o)
 .debug_abbrev  0x00001d55       0x14 c:/program files (x86)/atmel/atmel studio 6.0/extensions/atmel/avrgcc/3.4.0.65/avrtoolchain/bin/../lib/gcc/avr/4.6.2/avrxmega6\libgcc.a(_prologue.o)
 .debug_abbrev  0x00001d69       0x14 c:/program files (x86)/atmel/atmel studio 6.0/extensions/atmel/avrgcc/3.4.0.65/avrtoolchain/bin/../lib/gcc/avr/4.6.2/avrxmega6\libgcc.a(_epilogue.o)
 .debug_abbrev  0x00001d7d       0x61 c:/program files (x86)/atmel/atmel studio 6.0/extensions/atmel/avrgcc/3.4.0.65/avrtoolchain/bin/../lib/gcc/avr/4.6.2/avrxmega6\libgcc.a(_clz.o)
 .debug_abbrev  0x00001dde      0x11c c:/program files (x86)/atmel/atmel studio 6.0/extensions/atmel/avrgcc/3.4.0.65/avrtoolchain/bin/../lib/gcc/avr/4.6.2/../../../../avr/lib/avrxmega6\libc.a(printf.o)
 .debug_abbrev  0x00001efa       0xfd c:/program files (x86)/atmel/atmel studio 6.0/extensions/atmel/avrgcc/3.4.0.65/avrtoolchain/bin/../lib/gcc/avr/4.6.2/../../../../avr/lib/avrxmega6\libc.a(sprintf.o)
 .debug_abbrev  0x00001ff7      0x161 c:/program files (x86)/atmel/atmel studio 6.0/extensions/atmel/avrgcc/3.4.0.65/avrtoolchain/bin/../lib/gcc/avr/4.6.2/../../../../avr/lib/avrxmega6\libc.a(vfprintf_std.o)
 .debug_abbrev  0x00002158       0xd9 c:/program files (x86)/atmel/atmel studio 6.0/extensions/atmel/avrgcc/3.4.0.65/avrtoolchain/bin/../lib/gcc/avr/4.6.2/../../../../avr/lib/avrxmega6\libc.a(fputc.o)
 .debug_abbrev  0x00002231       0xc5 c:/program files (x86)/atmel/atmel studio 6.0/extensions/atmel/avrgcc/3.4.0.65/avrtoolchain/bin/../lib/gcc/avr/4.6.2/../../../../avr/lib/avrxmega6\libc.a(iob.o)

.debug_line     0x00000000     0x401f
 *(.debug_line)
 .debug_line    0x00000000      0x218 Synch.o
 .debug_line    0x00000218      0x174 AccelSampler2.o
 .debug_line    0x0000038c      0x785 ADC.o
 .debug_line    0x00000b11      0x335 adc_driver.o
 .debug_line    0x00000e46      0x35d chb.o
 .debug_line    0x000011a3      0x10d chb_buf.o
 .debug_line    0x000012b0      0x68a chb_drvr.o
 .debug_line    0x0000193a      0x1ec chb_eeprom.o
 .debug_line    0x00001b26      0x1a3 chb_spi.o
 .debug_line    0x00001cc9      0x202 clksys_driver.o
 .debug_line    0x00001ecb      0x733 E-000001-000009__firmware_rev_1_0.o
 .debug_line    0x000025fe      0x403 FAT32.o
 .debug_line    0x00002a01      0x550 SD_Card.o
 .debug_line    0x00002f51       0xa5 c:/program files (x86)/atmel/atmel studio 6.0/extensions/atmel/avrgcc/3.4.0.65/avrtoolchain/bin/../lib/gcc/avr/4.6.2/avrxmega6\libgcc.a(_mulsi3.o)
 .debug_line    0x00002ff6       0x9a c:/program files (x86)/atmel/atmel studio 6.0/extensions/atmel/avrgcc/3.4.0.65/avrtoolchain/bin/../lib/gcc/avr/4.6.2/avrxmega6\libgcc.a(_udivmodhi4.o)
 .debug_line    0x00003090       0x99 c:/program files (x86)/atmel/atmel studio 6.0/extensions/atmel/avrgcc/3.4.0.65/avrtoolchain/bin/../lib/gcc/avr/4.6.2/avrxmega6\libgcc.a(_divmodhi4.o)
 .debug_line    0x00003129       0xa8 c:/program files (x86)/atmel/atmel studio 6.0/extensions/atmel/avrgcc/3.4.0.65/avrtoolchain/bin/../lib/gcc/avr/4.6.2/avrxmega6\libgcc.a(_udivmodsi4.o)
 .debug_line    0x000031d1       0xa1 c:/program files (x86)/atmel/atmel studio 6.0/extensions/atmel/avrgcc/3.4.0.65/avrtoolchain/bin/../lib/gcc/avr/4.6.2/avrxmega6\libgcc.a(_divmodsi4.o)
 .debug_line    0x00003272       0x88 c:/program files (x86)/atmel/atmel studio 6.0/extensions/atmel/avrgcc/3.4.0.65/avrtoolchain/bin/../lib/gcc/avr/4.6.2/avrxmega6\libgcc.a(_exit.o)
 .debug_line    0x000032fa       0x93 c:/program files (x86)/atmel/atmel studio 6.0/extensions/atmel/avrgcc/3.4.0.65/avrtoolchain/bin/../lib/gcc/avr/4.6.2/avrxmega6\libgcc.a(_copy_data.o)
 .debug_line    0x0000338d       0x8e c:/program files (x86)/atmel/atmel studio 6.0/extensions/atmel/avrgcc/3.4.0.65/avrtoolchain/bin/../lib/gcc/avr/4.6.2/avrxmega6\libgcc.a(_clear_bss.o)
 .debug_line    0x0000341b       0xb6 c:/program files (x86)/atmel/atmel studio 6.0/extensions/atmel/avrgcc/3.4.0.65/avrtoolchain/bin/../lib/gcc/avr/4.6.2/avrxmega6\libgcc.a(_muldi3.o)
 .debug_line    0x000034d1       0x97 c:/program files (x86)/atmel/atmel studio 6.0/extensions/atmel/avrgcc/3.4.0.65/avrtoolchain/bin/../lib/gcc/avr/4.6.2/avrxmega6\libgcc.a(_ashldi3.o)
 .debug_line    0x00003568      0x118 c:/program files (x86)/atmel/atmel studio 6.0/extensions/atmel/avrgcc/3.4.0.65/avrtoolchain/bin/../lib/gcc/avr/4.6.2/avrxmega6\libgcc.a(_divdi3.o)
 .debug_line    0x00003680      0x105 c:/program files (x86)/atmel/atmel studio 6.0/extensions/atmel/avrgcc/3.4.0.65/avrtoolchain/bin/../lib/gcc/avr/4.6.2/avrxmega6\libgcc.a(_udivdi3.o)
 .debug_line    0x00003785       0xa1 c:/program files (x86)/atmel/atmel studio 6.0/extensions/atmel/avrgcc/3.4.0.65/avrtoolchain/bin/../lib/gcc/avr/4.6.2/avrxmega6\libgcc.a(_prologue.o)
 .debug_line    0x00003826       0x9e c:/program files (x86)/atmel/atmel studio 6.0/extensions/atmel/avrgcc/3.4.0.65/avrtoolchain/bin/../lib/gcc/avr/4.6.2/avrxmega6\libgcc.a(_epilogue.o)
 .debug_line    0x000038c4       0x7a c:/program files (x86)/atmel/atmel studio 6.0/extensions/atmel/avrgcc/3.4.0.65/avrtoolchain/bin/../lib/gcc/avr/4.6.2/avrxmega6\libgcc.a(_clz.o)
 .debug_line    0x0000393e      0x151 c:/program files (x86)/atmel/atmel studio 6.0/extensions/atmel/avrgcc/3.4.0.65/avrtoolchain/bin/../lib/gcc/avr/4.6.2/../../../../avr/lib/avrxmega6\libc.a(printf.o)
 .debug_line    0x00003a8f      0x157 c:/program files (x86)/atmel/atmel studio 6.0/extensions/atmel/avrgcc/3.4.0.65/avrtoolchain/bin/../lib/gcc/avr/4.6.2/../../../../avr/lib/avrxmega6\libc.a(sprintf.o)
 .debug_line    0x00003be6      0x291 c:/program files (x86)/atmel/atmel studio 6.0/extensions/atmel/avrgcc/3.4.0.65/avrtoolchain/bin/../lib/gcc/avr/4.6.2/../../../../avr/lib/avrxmega6\libc.a(vfprintf_std.o)
 .debug_line    0x00003e77       0xe1 c:/program files (x86)/atmel/atmel studio 6.0/extensions/atmel/avrgcc/3.4.0.65/avrtoolchain/bin/../lib/gcc/avr/4.6.2/../../../../avr/lib/avrxmega6\libc.a(fputc.o)
 .debug_line    0x00003f58       0xc7 c:/program files (x86)/atmel/atmel studio 6.0/extensions/atmel/avrgcc/3.4.0.65/avrtoolchain/bin/../lib/gcc/avr/4.6.2/../../../../avr/lib/avrxmega6\libc.a(iob.o)

.debug_frame    0x00000000     0x1c10
 *(.debug_frame)
 .debug_frame   0x00000000       0x98 Synch.o
 .debug_frame   0x00000098       0x54 AccelSampler2.o
 .debug_frame   0x000000ec      0x884 ADC.o
 .debug_frame   0x00000970      0x188 adc_driver.o
 .debug_frame   0x00000af8       0xe8 chb.o
 .debug_frame   0x00000be0       0x94 chb_buf.o
 .debug_frame   0x00000c74      0x3ac chb_drvr.o
 .debug_frame   0x00001020       0x9c chb_eeprom.o
 .debug_frame   0x000010bc       0x54 chb_spi.o
 .debug_frame   0x00001110      0x15c clksys_driver.o
 .debug_frame   0x0000126c      0x420 E-000001-000009__firmware_rev_1_0.o
 .debug_frame   0x0000168c      0x1e8 FAT32.o
 .debug_frame   0x00001874      0x144 SD_Card.o
 .debug_frame   0x000019b8       0x48 c:/program files (x86)/atmel/atmel studio 6.0/extensions/atmel/avrgcc/3.4.0.65/avrtoolchain/bin/../lib/gcc/avr/4.6.2/avrxmega6\libgcc.a(_muldi3.o)
 .debug_frame   0x00001a00       0x4c c:/program files (x86)/atmel/atmel studio 6.0/extensions/atmel/avrgcc/3.4.0.65/avrtoolchain/bin/../lib/gcc/avr/4.6.2/avrxmega6\libgcc.a(_ashldi3.o)
 .debug_frame   0x00001a4c       0x4c c:/program files (x86)/atmel/atmel studio 6.0/extensions/atmel/avrgcc/3.4.0.65/avrtoolchain/bin/../lib/gcc/avr/4.6.2/avrxmega6\libgcc.a(_divdi3.o)
 .debug_frame   0x00001a98       0x4c c:/program files (x86)/atmel/atmel studio 6.0/extensions/atmel/avrgcc/3.4.0.65/avrtoolchain/bin/../lib/gcc/avr/4.6.2/avrxmega6\libgcc.a(_udivdi3.o)
 .debug_frame   0x00001ae4       0x34 c:/program files (x86)/atmel/atmel studio 6.0/extensions/atmel/avrgcc/3.4.0.65/avrtoolchain/bin/../lib/gcc/avr/4.6.2/../../../../avr/lib/avrxmega6\libc.a(printf.o)
 .debug_frame   0x00001b18       0x3c c:/program files (x86)/atmel/atmel studio 6.0/extensions/atmel/avrgcc/3.4.0.65/avrtoolchain/bin/../lib/gcc/avr/4.6.2/../../../../avr/lib/avrxmega6\libc.a(sprintf.o)
 .debug_frame   0x00001b54       0x84 c:/program files (x86)/atmel/atmel studio 6.0/extensions/atmel/avrgcc/3.4.0.65/avrtoolchain/bin/../lib/gcc/avr/4.6.2/../../../../avr/lib/avrxmega6\libc.a(vfprintf_std.o)
 .debug_frame   0x00001bd8       0x38 c:/program files (x86)/atmel/atmel studio 6.0/extensions/atmel/avrgcc/3.4.0.65/avrtoolchain/bin/../lib/gcc/avr/4.6.2/../../../../avr/lib/avrxmega6\libc.a(fputc.o)

.debug_str      0x00000000     0x45f0
 *(.debug_str)
 .debug_str     0x00000000     0x1385 Synch.o
                               0x13f5 (size before relaxing)
 .debug_str     0x00001385       0x39 AccelSampler2.o
                                0x332 (size before relaxing)
 .debug_str     0x000013be      0xe93 ADC.o
                               0x2289 (size before relaxing)
 .debug_str     0x00002251      0x448 adc_driver.o
                                0x811 (size before relaxing)
 .debug_str     0x00002699      0x45e chb.o
                                0x871 (size before relaxing)
 .debug_str     0x00002af7       0x79 chb_buf.o
                                0x140 (size before relaxing)
 .debug_str     0x00002b70      0x6fd chb_drvr.o
                                0xf92 (size before relaxing)
 .debug_str     0x0000326d       0xcb chb_eeprom.o
                                0x4b2 (size before relaxing)
 .debug_str     0x00003338       0x4e chb_spi.o
                                0x134 (size before relaxing)
 .debug_str     0x00003386      0x5fa clksys_driver.o
                                0x6ee (size before relaxing)
 .debug_str     0x00003980      0x2c8 E-000001-000009__firmware_rev_1_0.o
                                0xefa (size before relaxing)
 .debug_str     0x00003c48      0x510 FAT32.o
                                0x83a (size before relaxing)
 .debug_str     0x00004158       0xde SD_Card.o
                                0x4ae (size before relaxing)
 .debug_str     0x00004236      0x10f c:/program files (x86)/atmel/atmel studio 6.0/extensions/atmel/avrgcc/3.4.0.65/avrtoolchain/bin/../lib/gcc/avr/4.6.2/avrxmega6\libgcc.a(_muldi3.o)
                                0x19b (size before relaxing)
 .debug_str     0x00004345       0x23 c:/program files (x86)/atmel/atmel studio 6.0/extensions/atmel/avrgcc/3.4.0.65/avrtoolchain/bin/../lib/gcc/avr/4.6.2/avrxmega6\libgcc.a(_ashldi3.o)
                                0x18d (size before relaxing)
 .debug_str     0x00004368       0x53 c:/program files (x86)/atmel/atmel studio 6.0/extensions/atmel/avrgcc/3.4.0.65/avrtoolchain/bin/../lib/gcc/avr/4.6.2/avrxmega6\libgcc.a(_divdi3.o)
                                0x1e5 (size before relaxing)
 .debug_str     0x000043bb        0xa c:/program files (x86)/atmel/atmel studio 6.0/extensions/atmel/avrgcc/3.4.0.65/avrtoolchain/bin/../lib/gcc/avr/4.6.2/avrxmega6\libgcc.a(_udivdi3.o)
                                0x1e6 (size before relaxing)
 .debug_str     0x00000000      0x150 c:/program files (x86)/atmel/atmel studio 6.0/extensions/atmel/avrgcc/3.4.0.65/avrtoolchain/bin/../lib/gcc/avr/4.6.2/avrxmega6\libgcc.a(_clz.o)
 .debug_str     0x000043c5       0x91 c:/program files (x86)/atmel/atmel studio 6.0/extensions/atmel/avrgcc/3.4.0.65/avrtoolchain/bin/../lib/gcc/avr/4.6.2/../../../../avr/lib/avrxmega6\libc.a(printf.o)
                                0x125 (size before relaxing)
 .debug_str     0x00004456       0x52 c:/program files (x86)/atmel/atmel studio 6.0/extensions/atmel/avrgcc/3.4.0.65/avrtoolchain/bin/../lib/gcc/avr/4.6.2/../../../../avr/lib/avrxmega6\libc.a(sprintf.o)
                                0x121 (size before relaxing)
 .debug_str     0x000044a8       0xa4 c:/program files (x86)/atmel/atmel studio 6.0/extensions/atmel/avrgcc/3.4.0.65/avrtoolchain/bin/../lib/gcc/avr/4.6.2/../../../../avr/lib/avrxmega6\libc.a(vfprintf_std.o)
                                0x16b (size before relaxing)