Archive member included because of file (symbol)

c:/program files (x86)/atmel/atmel studio 6.0/extensions/atmel/avrgcc/3.4.0.65/avrtoolchain/bin/../lib/gcc/avr/4.6.2/../../../../avr/lib/avrxmega6\libm.a(cmpsf2.o)
                              ADC.o (__ltsf2)
c:/program files (x86)/atmel/atmel studio 6.0/extensions/atmel/avrgcc/3.4.0.65/avrtoolchain/bin/../lib/gcc/avr/4.6.2/../../../../avr/lib/avrxmega6\libm.a(divsf3.o)
                              ADC.o (__divsf3)
c:/program files (x86)/atmel/atmel studio 6.0/extensions/atmel/avrgcc/3.4.0.65/avrtoolchain/bin/../lib/gcc/avr/4.6.2/../../../../avr/lib/avrxmega6\libm.a(divsf3x.o)
                              c:/program files (x86)/atmel/atmel studio 6.0/extensions/atmel/avrgcc/3.4.0.65/avrtoolchain/bin/../lib/gcc/avr/4.6.2/../../../../avr/lib/avrxmega6\libm.a(divsf3.o) (__divsf3x)
c:/program files (x86)/atmel/atmel studio 6.0/extensions/atmel/avrgcc/3.4.0.65/avrtoolchain/bin/../lib/gcc/avr/4.6.2/../../../../avr/lib/avrxmega6\libm.a(fixunssfsi.o)
                              ADC.o (__fixunssfsi)
c:/program files (x86)/atmel/atmel studio 6.0/extensions/atmel/avrgcc/3.4.0.65/avrtoolchain/bin/../lib/gcc/avr/4.6.2/../../../../avr/lib/avrxmega6\libm.a(fp_cmp.o)
                              c:/program files (x86)/atmel/atmel studio 6.0/extensions/atmel/avrgcc/3.4.0.65/avrtoolchain/bin/../lib/gcc/avr/4.6.2/../../../../avr/lib/avrxmega6\libm.a(cmpsf2.o) (__fp_cmp)
c:/program files (x86)/atmel/atmel studio 6.0/extensions/atmel/avrgcc/3.4.0.65/avrtoolchain/bin/../lib/gcc/avr/4.6.2/../../../../avr/lib/avrxmega6\libm.a(fp_inf.o)
                              c:/program files (x86)/atmel/atmel studio 6.0/extensions/atmel/avrgcc/3.4.0.65/avrtoolchain/bin/../lib/gcc/avr/4.6.2/../../../../avr/lib/avrxmega6\libm.a(divsf3x.o) (__fp_inf)
c:/program files (x86)/atmel/atmel studio 6.0/extensions/atmel/avrgcc/3.4.0.65/avrtoolchain/bin/../lib/gcc/avr/4.6.2/../../../../avr/lib/avrxmega6\libm.a(fp_nan.o)
                              c:/program files (x86)/atmel/atmel studio 6.0/extensions/atmel/avrgcc/3.4.0.65/avrtoolchain/bin/../lib/gcc/avr/4.6.2/../../../../avr/lib/avrxmega6\libm.a(divsf3x.o) (__fp_nan)
c:/program files (x86)/atmel/atmel studio 6.0/extensions/atmel/avrgcc/3.4.0.65/avrtoolchain/bin/../lib/gcc/avr/4.6.2/../../../../avr/lib/avrxmega6\libm.a(fp_pscA.o)
                              c:/program files (x86)/atmel/atmel studio 6.0/extensions/atmel/avrgcc/3.4.0.65/avrtoolchain/bin/../lib/gcc/avr/4.6.2/../../../../avr/lib/avrxmega6\libm.a(divsf3x.o) (__fp_pscA)
c:/program files (x86)/atmel/atmel studio 6.0/extensions/atmel/avrgcc/3.4.0.65/avrtoolchain/bin/../lib/gcc/avr/4.6.2/../../../../avr/lib/avrxmega6\libm.a(fp_pscB.o)
                              c:/program files (x86)/atmel/atmel studio 6.0/extensions/atmel/avrgcc/3.4.0.65/avrtoolchain/bin/../lib/gcc/avr/4.6.2/../../../../avr/lib/avrxmega6\libm.a(divsf3x.o) (__fp_pscB)
c:/program files (x86)/atmel/atmel studio 6.0/extensions/atmel/avrgcc/3.4.0.65/avrtoolchain/bin/../lib/gcc/avr/4.6.2/../../../../avr/lib/avrxmega6\libm.a(fp_round.o)
                              c:/program files (x86)/atmel/atmel studio 6.0/extensions/atmel/avrgcc/3.4.0.65/avrtoolchain/bin/../lib/gcc/avr/4.6.2/../../../../avr/lib/avrxmega6\libm.a(divsf3.o) (__fp_round)
c:/program files (x86)/atmel/atmel studio 6.0/extensions/atmel/avrgcc/3.4.0.65/avrtoolchain/bin/../lib/gcc/avr/4.6.2/../../../../avr/lib/avrxmega6\libm.a(fp_split3.o)
                              c:/program files (x86)/atmel/atmel studio 6.0/extensions/atmel/avrgcc/3.4.0.65/avrtoolchain/bin/../lib/gcc/avr/4.6.2/../../../../avr/lib/avrxmega6\libm.a(divsf3x.o) (__fp_split3)
c:/program files (x86)/atmel/atmel studio 6.0/extensions/atmel/avrgcc/3.4.0.65/avrtoolchain/bin/../lib/gcc/avr/4.6.2/../../../../avr/lib/avrxmega6\libm.a(fp_zero.o)
                              c:/program files (x86)/atmel/atmel studio 6.0/extensions/atmel/avrgcc/3.4.0.65/avrtoolchain/bin/../lib/gcc/avr/4.6.2/../../../../avr/lib/avrxmega6\libm.a(fixunssfsi.o) (__fp_zero)
c:/program files (x86)/atmel/atmel studio 6.0/extensions/atmel/avrgcc/3.4.0.65/avrtoolchain/bin/../lib/gcc/avr/4.6.2/../../../../avr/lib/avrxmega6\libm.a(gesf2.o)
                              ADC.o (__gtsf2)
c:/program files (x86)/atmel/atmel studio 6.0/extensions/atmel/avrgcc/3.4.0.65/avrtoolchain/bin/../lib/gcc/avr/4.6.2/../../../../avr/lib/avrxmega6\libm.a(mulsf3.o)
                              ADC.o (__mulsf3)
c:/program files (x86)/atmel/atmel studio 6.0/extensions/atmel/avrgcc/3.4.0.65/avrtoolchain/bin/../lib/gcc/avr/4.6.2/../../../../avr/lib/avrxmega6\libm.a(mulsf3x.o)
                              c:/program files (x86)/atmel/atmel studio 6.0/extensions/atmel/avrgcc/3.4.0.65/avrtoolchain/bin/../lib/gcc/avr/4.6.2/../../../../avr/lib/avrxmega6\libm.a(mulsf3.o) (__mulsf3x)
c:/program files (x86)/atmel/atmel studio 6.0/extensions/atmel/avrgcc/3.4.0.65/avrtoolchain/bin/../lib/gcc/avr/4.6.2/avrxmega6\libgcc.a(_mulsi3.o)
[...]
Memory Configuration

Name             Origin             Length             Attributes
text             0x00000000         0x00100000         xr
data             0x00802000         0x0000ffa0         rw !x
eeprom           0x00810000         0x00010000         rw !x
fuse             0x00820000         0x00000400         rw !x
lock             0x00830000         0x00000400         rw !x
signature        0x00840000         0x00000400         rw !x
*default*        0x00000000         0xffffffff

Linker script and memory map

LOAD c:/program files (x86)/atmel/atmel studio 6.0/extensions/atmel/avrgcc/3.4.0.65/avrtoolchain/bin/../lib/gcc/avr/4.6.2/../../../../avr/lib/avrxmega6/crtx256a3.o
LOAD Synch.o
LOAD ADC.o
LOAD adc_driver.o
LOAD chb.o
LOAD chb_buf.o
LOAD chb_drvr.o
LOAD chb_eeprom.o
LOAD chb_spi.o
LOAD clksys_driver.o
LOAD E-000001-000009__firmware_rev_1_0.o
LOAD FAT32.o
LOAD SD_Card.o
LOAD AccelSampler.o
START GROUP
LOAD c:/program files (x86)/atmel/atmel studio 6.0/extensions/atmel/avrgcc/3.4.0.65/avrtoolchain/bin/../lib/gcc/avr/4.6.2/../../../../avr/lib/avrxmega6\libm.a
END GROUP
LOAD c:/program files (x86)/atmel/atmel studio 6.0/extensions/atmel/avrgcc/3.4.0.65/avrtoolchain/bin/../lib/gcc/avr/4.6.2/avrxmega6\libgcc.a
LOAD c:/program files (x86)/atmel/atmel studio 6.0/extensions/atmel/avrgcc/3.4.0.65/avrtoolchain/bin/../lib/gcc/avr/4.6.2/../../../../avr/lib/avrxmega6\libc.a
LOAD c:/program files (x86)/atmel/atmel studio 6.0/extensions/atmel/avrgcc/3.4.0.65/avrtoolchain/bin/../lib/gcc/avr/4.6.2/avrxmega6\libgcc.a

.hash
 *(.hash)

.dynsym
 *(.dynsym)

.dynstr
 *(.dynstr)

.gnu.version
 *(.gnu.version)

.gnu.version_d
 *(.gnu.version_d)

.gnu.version_r
 *(.gnu.version_r)

.rel.init
 *(.rel.init)

.rela.init
 *(.rela.init)

.rel.text
 *(.rel.text)
 *(.rel.text.*)
 *(.rel.gnu.linkonce.t*)

.rela.text
 *(.rela.text)
 *(.rela.text.*)
 *(.rela.gnu.linkonce.t*)

.rel.fini
 *(.rel.fini)

.rela.fini
 *(.rela.fini)

.rel.rodata
 *(.rel.rodata)
 *(.rel.rodata.*)
 *(.rel.gnu.linkonce.r*)

.rela.rodata
 *(.rela.rodata)
 *(.rela.rodata.*)
 *(.rela.gnu.linkonce.r*)

.rel.data
 *(.rel.data)
 *(.rel.data.*)
 *(.rel.gnu.linkonce.d*)

.rela.data
 *(.rela.data)
 *(.rela.data.*)
 *(.rela.gnu.linkonce.d*)

.rel.ctors
 *(.rel.ctors)

.rela.ctors
 *(.rela.ctors)

.rel.dtors
 *(.rel.dtors)

.rela.dtors
 *(.rela.dtors)

.rel.got
 *(.rel.got)

.rela.got
 *(.rela.got)

.rel.bss
 *(.rel.bss)

.rela.bss
 *(.rela.bss)

.rel.plt
 *(.rel.plt)

.rela.plt
 *(.rela.plt)

.text           0x00000000     0xcdbc
 *(.vectors)
 .vectors       0x00000000      0x1e8 c:/program files (x86)/atmel/atmel studio 6.0/extensions/atmel/avrgcc/3.4.0.65/avrtoolchain/bin/../lib/gcc/avr/4.6.2/../../../../avr/lib/avrxmega6/crtx256a3.o
                0x00000000                __vector_default
                0x00000000                __vectors
 *(.vectors)
 *(.progmem.gcc*)
 *(.progmem*)
 .progmem.data  0x000001e8       0x44 chb_drvr.o
                0x000001e8                chb_err_overflow
                0x0000020c                chb_err_init
                0x0000022c                . = ALIGN (0x2)
                0x0000022c                __trampolines_start = .
 *(.trampolines)
 .trampolines   0x0000022c        0x0 linker stubs
 *(.trampolines*)
                0x0000022c                __trampolines_end = .
 *(.jumptables)
 *(.jumptables*)
 *(.lowtext)
 *(.lowtext*)
                0x0000022c                __ctors_start = .
 *(.ctors)
                0x0000022c                __ctors_end = .
                0x0000022c                __dtors_start = .
 *(.dtors)
                0x0000022c                __dtors_end = .
 SORT(*)(.ctors)
 SORT(*)(.dtors)
 *(.init0)
 .init0         0x0000022c        0x0 c:/program files (x86)/atmel/atmel studio 6.0/extensions/atmel/avrgcc/3.4.0.65/avrtoolchain/bin/../lib/gcc/avr/4.6.2/../../../../avr/lib/avrxmega6/crtx256a3.o
                0x0000022c                __init
 *(.init0)
 *(.init1)
 *(.init1)
 *(.init2)
 .init2         0x0000022c       0x10 c:/program files (x86)/atmel/atmel studio 6.0/extensions/atmel/avrgcc/3.4.0.65/avrtoolchain/bin/../lib/gcc/avr/4.6.2/../../../../avr/lib/avrxmega6/crtx256a3.o
 *(.init2)
 *(.init3)
 *(.init3)
 *(.init4)
 .init4         0x0000023c       0x1a c:/program files (x86)/atmel/atmel studio 6.0/extensions/atmel/avrgcc/3.4.0.65/avrtoolchain/bin/../lib/gcc/avr/4.6.2/avrxmega6\libgcc.a(_copy_data.o)
                0x0000023c                __do_copy_data
 .init4         0x00000256       0x10 c:/program files (x86)/atmel/atmel studio 6.0/extensions/atmel/avrgcc/3.4.0.65/avrtoolchain/bin/../lib/gcc/avr/4.6.2/avrxmega6\libgcc.a(_clear_bss.o)
                0x00000256                __do_clear_bss
 *(.init4)
 *(.init5)
 *(.init5)
 *(.init6)
 *(.init6)
 *(.init7)
 *(.init7)
 *(.init8)
 *(.init8)
 *(.init9)
 .init9         0x00000266        0x8 c:/program files (x86)/atmel/atmel studio 6.0/extensions/atmel/avrgcc/3.4.0.65/avrtoolchain/bin/../lib/gcc/avr/4.6.2/../../../../avr/lib/avrxmega6/crtx256a3.o
 *(.init9)
 *(.text)
 .text          0x0000026e        0x4 c:/program files (x86)/atmel/atmel studio 6.0/extensions/atmel/avrgcc/3.4.0.65/avrtoolchain/bin/../lib/gcc/avr/4.6.2/../../../../avr/lib/avrxmega6/crtx256a3.o
                0x0000026e                __vector_38
                0x0000026e                __vector_22
                0x0000026e                __vector_63
                0x0000026e                __vector_28
                0x0000026e                __vector_67
                0x0000026e                __vector_1
                0x0000026e                __vector_119
                0x0000026e                __vector_32
                0x0000026e                __vector_75
                0x0000026e                __vector_71
                0x0000026e                __vector_91
                0x0000026e                __vector_34
                0x0000026e                __vector_62
                0x0000026e                __vector_102
                0x0000026e                __vector_24
                0x0000026e                __vector_12
                0x0000026e                __vector_55
                0x0000026e                __vector_69
                0x0000026e                __vector_90
                0x0000026e                __vector_46
                0x0000026e                __bad_interrupt
                0x0000026e                __vector_72
                0x0000026e                __vector_114
                0x0000026e                __vector_6
                0x0000026e                __vector_110
                0x0000026e                __vector_31
                0x0000026e                __vector_92
                0x0000026e                __vector_35
                0x0000026e                __vector_78
                0x0000026e                __vector_74
                0x0000026e                __vector_117
                0x0000026e                __vector_39
                0x0000026e                __vector_107
                0x0000026e                __vector_3
                0x0000026e                __vector_98
                0x0000026e                __vector_23
                0x0000026e                __vector_68
                0x0000026e                __vector_30
                0x0000026e                __vector_73
                0x0000026e                __vector_45
                0x0000026e                __vector_25
                0x0000026e                __vector_93
                0x0000026e                __vector_61
                0x0000026e                __vector_11
                0x0000026e                __vector_54
                0x0000026e                __vector_99
                0x0000026e                __vector_13
                0x0000026e                __vector_56
                0x0000026e                __vector_7
                0x0000026e                __vector_49
                0x0000026e                __vector_41
                0x0000026e                __vector_86
                0x0000026e                __vector_100
                0x0000026e                __vector_101
                0x0000026e                __vector_88
                0x0000026e                __vector_109
                0x0000026e                __vector_27
                0x0000026e                __vector_5
                0x0000026e                __vector_113
                0x0000026e                __vector_33
                0x0000026e                __vector_76
                0x0000026e                __vector_115
                0x0000026e                __vector_47
                0x0000026e                __vector_52
                0x0000026e                __vector_37
                0x0000026e                __vector_95
                0x0000026e                __vector_103
                0x0000026e                __vector_96
                0x0000026e                __vector_89
                0x0000026e                __vector_108
                0x0000026e                __vector_4
                0x0000026e                __vector_44
                0x0000026e                __vector_106
                0x0000026e                __vector_118
                0x0000026e                __vector_51
                0x0000026e                __vector_9
                0x0000026e                __vector_2
                0x0000026e                __vector_21
                0x0000026e                __vector_15
                0x0000026e                __vector_66
                0x0000026e                __vector_36
                0x0000026e                __vector_58
                0x0000026e                __vector_70
                0x0000026e                __vector_29
                0x0000026e                __vector_60
                0x0000026e                __vector_121
                0x0000026e                __vector_40
                0x0000026e                __vector_85
                0x0000026e                __vector_94
                0x0000026e                __vector_8
                0x0000026e                __vector_26
                0x0000026e                __vector_48
                0x0000026e                __vector_116
                0x0000026e                __vector_112
                0x0000026e                __vector_111
                0x0000026e                __vector_84
                0x0000026e                __vector_57
                0x0000026e                __vector_53
                0x0000026e                __vector_10
                0x0000026e                __vector_50
                0x0000026e                __vector_59
                0x0000026e                __vector_97
                0x0000026e                __vector_20
                0x0000026e                __vector_42
                0x0000026e                __vector_87
                0x0000026e                __vector_65
                0x0000026e                __vector_120
 .text          0x00000272      0x19a Synch.o
                0x00000272                synch
                0x0000031c                __vector_83
 .text          0x0000040c     0x3230 ADC.o
                0x0000040c                CO_collectTemp
                0x00000716                CO_collectBatt
                0x00000b2e                ADCPower
                0x00000d7a                set_ampGain
                0x00000fd8                set_filter
                0x000010d8                enableADCMUX
                0x0000111c                CO_collectADC
                0x000012ca                CO_collectADC_cont
                0x00001406                ADC_Pause_Sampling
                0x0000141c                ADC_Resume_Sampling
                0x00001434                __vector_105
                0x0000184a                __vector_104
                0x00001bec                ACC_DCPassEnable
                0x00001c20                CO_collectSeismic3Channel
                0x00001e92                CO_collectSeismic3Channel_2
                0x00002110                __vector_16
                0x00002170                __vector_17
                0x000021d0                __vector_18
                0x00002230                __vector_19
                0x000022e8                __vector_14
                0x00002482                CO_collectSeismic1Channel
                0x000026b6                __vector_79
                0x00002716                __vector_80
                0x00002776                __vector_81
                0x000027d6                __vector_82
                0x0000283a                __vector_77
                0x000029d4                sampleCurrentChannel
                0x00002a94                writeSE2FRAM
                0x00002d74                calcChecksumFRAM
                0x00003384                FRAMWriteKnowns
                0x000035bc                setADCInput
 .text          0x0000363c      0x746 adc_driver.o
                0x0000363c                ADC_CalibrationValues_Load
                0x000036a4                ADC_ResultCh_GetWord_Unsigned
                0x000036ee                ADC_ResultCh_GetWord_Signed
                0x0000373a                ADC_ResultCh_GetWord
                0x00003768                ADC_ResultCh_GetLowByte
                0x00003794                ADC_ResultCh_GetHighByte
                0x000037c0                ADC_Wait_8MHz
                0x000039ac                ADC_Wait_32MHz
                0x00003b9a                ADC_Offset_Get_Unsigned
                0x00003c64                ADC_Offset_Get_Signed
                0x00003d36                SP_ReadCalibrationByte
 .text          0x00003d82      0x5dc chb.o
                0x00003d82                chb_init
                0x00003db4                radio_msg_received_int_enable
                0x00003e08                chb_get_pcb
                0x00003f10                chb_write
                0x00004226                chb_read
 .text          0x0000435e       0xbc chb_buf.o
                0x0000435e                chb_buf_init
                0x00004378                chb_buf_write
                0x000043c0                chb_buf_read
                0x00004408                chb_buf_get_len
 .text          0x0000441a     0x1b42 chb_drvr.o
                0x0000444a                chb_reset
                0x00004822                chb_reg_read
                0x0000487c                chb_reg_read16
                0x000048e2                chb_reg_write
                0x0000493a                chb_reg_write16
                0x0000499c                chb_reg_write64
                0x000049ec                chb_reg_read_mod_write
                0x00004a36                chb_frame_write
                0x00004c2c                chb_set_mode
                0x00004cbe                chb_set_channel
                0x00004ecc                chb_set_pwr
                0x00004ee8                chb_set_state
                0x00005852                chb_set_ieee_addr
                0x0000588a                chb_get_ieee_addr
                0x000058b6                chb_set_short_addr
                0x0000590e                chb_get_short_addr
                0x00005942                chb_tx
                0x000059ca                chb_sleep
                0x00005cfe                chb_drvr_init
                0x00005d38                __vector_64
                0x00005f2c                RadioCS
 .text          0x00005f5c      0x234 chb_eeprom.o
                0x00006098                chb_eeprom_write
                0x00006110                chb_eeprom_read
 .text          0x00006190       0x92 chb_spi.o
                0x00006190                chb_spi_init
                0x000061e6                SPID_write
 .text          0x00006222      0x23c clksys_driver.o
                0x00006222                CCPWrite
                0x00006278                CLKSYS_XOSC_Config
                0x000062b0                CLKSYS_PLL_Config
                0x000062de                CLKSYS_Disable
                0x0000631e                CLKSYS_Prescalers_Config
                0x0000634a                CLKSYS_Main_ClockSource_Select
                0x0000638e                CLKSYS_RTC_ClockSource_Enable
                0x000063bc                CLKSYS_AutoCalibration_Enable
                0x0000642e                CLKSYS_XOSC_FailureDetection_Enable
                0x00006446                CLKSYS_Configuration_Lock
 .text          0x0000645e     0x1b5c E-000001-000009__firmware_rev_1_0.o
                0x0000645e                setXOSC_32MHz
                0x000064d6                set_16MHz
                0x0000651e                set_32MHz
                0x00006566                portExCS
                0x00006750                PortEx_DIRSET
                0x00006818                PortEx_DIRCLR
                0x000068e8                PortEx_OUTSET
                0x000069ae                PortEx_OUTCLR
                0x00006a7c                Ext1Power
                0x00006bd2                Ext2Power
                0x00006d28                HVPower
                0x00007028                lowerMuxCS
                0x00007058                upperMuxCS
                0x00007088                SPIInit
                0x000070d8                SPIInit2
                0x00007132                SPICS
                0x00007162                SPIDisable
                0x00007196                readFRAM
                0x000072a6                FRAMTest3Channel
                0x000074e2                FRAMTest1Channel
                0x000076be                FRAMWriteKnownsCheck
                0x0000789e                checkMote
                0x00007bd8                SD_write_and_read_knowns
                0x00007cf4                SD_write_and_read_knowns_FAT
                0x00007d84                chibi_test_radio
                0x00007d9c                TestCard
                0x00007e0a                __vector_43
 .text          0x00007fba     0x1800 FAT32.o
                0x00007fba                getBootSectorData
                0x0000824c                getFirstSector
                0x000082b0                getSetNextCluster
                0x00008404                getSetFreeCluster
                0x00008566                findFiles
                0x0000891a                readFile
                0x00008a78                convertFileName
                0x00008ce4                writeFile
                0x00009490                searchNextFreeCluster
                0x00009608                deleteFile
                0x00009642                freeMemoryUpdate
 .text          0x000097ba      0xc2e SD_Card.o
                0x000097ba                SD_init
                0x00009bd0                SPI_write
                0x00009c0c                SD_command
                0x00009d08                SD_write_block
                0x00009ea4                SD_read_block
                0x00009f90                SD_write_multiple_blocks
                0x0000a24c                SD_read_multiple_blocks
                0x0000a3a2                SD_disable
 .text          0x0000a3e8       0xb2 AccelSampler.o
                0x0000a3e8                main
 .text          0x0000a49a        0x0 c:/program files (x86)/atmel/atmel studio 6.0/extensions/atmel/avrgcc/3.4.0.65/avrtoolchain/bin/../lib/gcc/avr/4.6.2/../../../../avr/lib/avrxmega6\libm.a(cmpsf2.o)
 .text          0x0000a49a        0x0 c:/program files (x86)/atmel/atmel studio 6.0/extensions/atmel/avrgcc/3.4.0.65/avrtoolchain/bin/../lib/gcc/avr/4.6.2/../../../../avr/lib/avrxmega6\libm.a(divsf3.o)
 .text          0x0000a49a        0x0 c:/program files (x86)/atmel/atmel studio 6.0/extensions/atmel/avrgcc/3.4.0.65/avrtoolchain/bin/../lib/gcc/avr/4.6.2/../../../../avr/lib/avrxmega6\libm.a(divsf3x.o)
 .text          0x0000a49a        0x0 c:/program files (x86)/atmel/atmel studio 6.0/extensions/atmel/avrgcc/3.4.0.65/avrtoolchain/bin/../lib/gcc/avr/4.6.2/../../../../avr/lib/avrxmega6\libm.a(fixunssfsi.o)
 .text          0x0000a49a        0x0 c:/program files (x86)/atmel/atmel studio 6.0/extensions/atmel/avrgcc/3.4.0.65/avrtoolchain/bin/../lib/gcc/avr/4.6.2/../../../../avr/lib/avrxmega6\libm.a(fp_cmp.o)
 .text          0x0000a49a        0x0 c:/program files (x86)/atmel/atmel studio 6.0/extensions/atmel/avrgcc/3.4.0.65/avrtoolchain/bin/../lib/gcc/avr/4.6.2/../../../../avr/lib/avrxmega6\libm.a(fp_inf.o)
 .text          0x0000a49a        0x0 c:/program files (x86)/atmel/atmel studio 6.0/extensions/atmel/avrgcc/3.4.0.65/avrtoolchain/bin/../lib/gcc/avr/4.6.2/../../../../avr/lib/avrxmega6\libm.a(fp_nan.o)
 .text          0x0000a49a        0x0 c:/program files (x86)/atmel/atmel studio 6.0/extensions/atmel/avrgcc/3.4.0.65/avrtoolchain/bin/../lib/gcc/avr/4.6.2/../../../../avr/lib/avrxmega6\libm.a(fp_pscA.o)
 .text          0x0000a49a        0x0 c:/program files (x86)/atmel/atmel studio 6.0/extensions/atmel/avrgcc/3.4.0.65/avrtoolchain/bin/../lib/gcc/avr/4.6.2/../../../../avr/lib/avrxmega6\libm.a(fp_pscB.o)
 .text          0x0000a49a        0x0 c:/program files (x86)/atmel/atmel studio 6.0/extensions/atmel/avrgcc/3.4.0.65/avrtoolchain/bin/../lib/gcc/avr/4.6.2/../../../../avr/lib/avrxmega6\libm.a(fp_round.o)
 .text          0x0000a49a        0x0 c:/program files (x86)/atmel/atmel studio 6.0/extensions/atmel/avrgcc/3.4.0.65/avrtoolchain/bin/../lib/gcc/avr/4.6.2/../../../../avr/lib/avrxmega6\libm.a(fp_split3.o)
 .text          0x0000a49a        0x0 c:/program files (x86)/atmel/atmel studio 6.0/extensions/atmel/avrgcc/3.4.0.65/avrtoolchain/bin/../lib/gcc/avr/4.6.2/../../../../avr/lib/avrxmega6\libm.a(fp_zero.o)
 .text          0x0000a49a        0x0 c:/program files (x86)/atmel/atmel studio 6.0/extensions/atmel/avrgcc/3.4.0.65/avrtoolchain/bin/../lib/gcc/avr/4.6.2/../../../../avr/lib/avrxmega6\libm.a(gesf2.o)
 .text          0x0000a49a        0x0 c:/program files (x86)/atmel/atmel studio 6.0/extensions/atmel/avrgcc/3.4.0.65/avrtoolchain/bin/../lib/gcc/avr/4.6.2/../../../../avr/lib/avrxmega6\libm.a(mulsf3.o)
 .text          0x0000a49a        0x0 c:/program files (x86)/atmel/atmel studio 6.0/extensions/atmel/avrgcc/3.4.0.65/avrtoolchain/bin/../lib/gcc/avr/4.6.2/../../../../avr/lib/avrxmega6\libm.a(mulsf3x.o)
 .text          0x0000a49a        0x0 c:/program files (x86)/atmel/atmel studio 6.0/extensions/atmel/avrgcc/3.4.0.65/avrtoolchain/bin/../lib/gcc/avr/4.6.2/avrxmega6\libgcc.a(_mulsi3.o)
 .text          0x0000a49a        0x0 c:/program files (x86)/atmel/atmel studio 6.0/extensions/atmel/avrgcc/3.4.0.65/avrtoolchain/bin/../lib/gcc/avr/4.6.2/avrxmega6\libgcc.a(_udivmodhi4.o)
 .text          0x0000a49a        0x0 c:/program files (x86)/atmel/atmel studio 6.0/extensions/atmel/avrgcc/3.4.0.65/avrtoolchain/bin/../lib/gcc/avr/4.6.2/avrxmega6\libgcc.a(_divmodhi4.o)
 .text          0x0000a49a        0x0 c:/program files (x86)/atmel/atmel studio 6.0/extensions/atmel/avrgcc/3.4.0.65/avrtoolchain/bin/../lib/gcc/avr/4.6.2/avrxmega6\libgcc.a(_udivmodsi4.o)
 .text          0x0000a49a        0x0 c:/program files (x86)/atmel/atmel studio 6.0/extensions/atmel/avrgcc/3.4.0.65/avrtoolchain/bin/../lib/gcc/avr/4.6.2/avrxmega6\libgcc.a(_divmodsi4.o)
 .text          0x0000a49a        0x0 c:/program files (x86)/atmel/atmel studio 6.0/extensions/atmel/avrgcc/3.4.0.65/avrtoolchain/bin/../lib/gcc/avr/4.6.2/avrxmega6\libgcc.a(_exit.o)
 .text          0x0000a49a        0x0 c:/program files (x86)/atmel/atmel studio 6.0/extensions/atmel/avrgcc/3.4.0.65/avrtoolchain/bin/../lib/gcc/avr/4.6.2/avrxmega6\libgcc.a(_copy_data.o)
 .text          0x0000a49a        0x0 c:/program files (x86)/atmel/atmel studio 6.0/extensions/atmel/avrgcc/3.4.0.65/avrtoolchain/bin/../lib/gcc/avr/4.6.2/avrxmega6\libgcc.a(_clear_bss.o)
 .text          0x0000a49a      0x1a6 c:/program files (x86)/atmel/atmel studio 6.0/extensions/atmel/avrgcc/3.4.0.65/avrtoolchain/bin/../lib/gcc/avr/4.6.2/avrxmega6\libgcc.a(_muldi3.o)
                0x0000a49a                __muldi3
 .text          0x0000a640       0xe8 c:/program files (x86)/atmel/atmel studio 6.0/extensions/atmel/avrgcc/3.4.0.65/avrtoolchain/bin/../lib/gcc/avr/4.6.2/avrxmega6\libgcc.a(_ashldi3.o)
                0x0000a640                __ashldi3
 .text          0x0000a728      0xf78 c:/program files (x86)/atmel/atmel studio 6.0/extensions/atmel/avrgcc/3.4.0.65/avrtoolchain/bin/../lib/gcc/avr/4.6.2/avrxmega6\libgcc.a(_divdi3.o)
                0x0000a728                __divdi3
 .text          0x0000b6a0      0xc8a c:/program files (x86)/atmel/atmel studio 6.0/extensions/atmel/avrgcc/3.4.0.65/avrtoolchain/bin/../lib/gcc/avr/4.6.2/avrxmega6\libgcc.a(_udivdi3.o)
                0x0000b6a0                __udivdi3
 .text          0x0000c32a        0x0 c:/program files (x86)/atmel/atmel studio 6.0/extensions/atmel/avrgcc/3.4.0.65/avrtoolchain/bin/../lib/gcc/avr/4.6.2/avrxmega6\libgcc.a(_prologue.o)
 .text          0x0000c32a        0x0 c:/program files (x86)/atmel/atmel studio 6.0/extensions/atmel/avrgcc/3.4.0.65/avrtoolchain/bin/../lib/gcc/avr/4.6.2/avrxmega6\libgcc.a(_epilogue.o)
 .text          0x0000c32a        0x0 c:/program files (x86)/atmel/atmel studio 6.0/extensions/atmel/avrgcc/3.4.0.65/avrtoolchain/bin/../lib/gcc/avr/4.6.2/avrxmega6\libgcc.a(_clz.o)
 .text          0x0000c32a        0x0 c:/program files (x86)/atmel/atmel studio 6.0/extensions/atmel/avrgcc/3.4.0.65/avrtoolchain/bin/../lib/gcc/avr/4.6.2/../../../../avr/lib/avrxmega6\libc.a(strcpy_P.o)
 .text          0x0000c32a        0x0 c:/program files (x86)/atmel/atmel studio 6.0/extensions/atmel/avrgcc/3.4.0.65/avrtoolchain/bin/../lib/gcc/avr/4.6.2/../../../../avr/lib/avrxmega6\libc.a(memcpy.o)
 .text          0x0000c32a        0x0 c:/program files (x86)/atmel/atmel studio 6.0/extensions/atmel/avrgcc/3.4.0.65/avrtoolchain/bin/../lib/gcc/avr/4.6.2/../../../../avr/lib/avrxmega6\libc.a(memmove.o)
 .text          0x0000c32a        0x0 c:/program files (x86)/atmel/atmel studio 6.0/extensions/atmel/avrgcc/3.4.0.65/avrtoolchain/bin/../lib/gcc/avr/4.6.2/../../../../avr/lib/avrxmega6\libc.a(strcat.o)
 .text          0x0000c32a        0x0 c:/program files (x86)/atmel/atmel studio 6.0/extensions/atmel/avrgcc/3.4.0.65/avrtoolchain/bin/../lib/gcc/avr/4.6.2/../../../../avr/lib/avrxmega6\libc.a(strncmp.o)
 .text          0x0000c32a        0x0 c:/program files (x86)/atmel/atmel studio 6.0/extensions/atmel/avrgcc/3.4.0.65/avrtoolchain/bin/../lib/gcc/avr/4.6.2/../../../../avr/lib/avrxmega6\libc.a(itoa.o)
 .text          0x0000c32a        0x0 c:/program files (x86)/atmel/atmel studio 6.0/extensions/atmel/avrgcc/3.4.0.65/avrtoolchain/bin/../lib/gcc/avr/4.6.2/../../../../avr/lib/avrxmega6\libc.a(printf.o)
 .text          0x0000c32a        0x0 c:/program files (x86)/atmel/atmel studio 6.0/extensions/atmel/avrgcc/3.4.0.65/avrtoolchain/bin/../lib/gcc/avr/4.6.2/../../../../avr/lib/avrxmega6\libc.a(vfprintf_std.o)
 .text          0x0000c32a        0x0 c:/program files (x86)/atmel/atmel studio 6.0/extensions/atmel/avrgcc/3.4.0.65/avrtoolchain/bin/../lib/gcc/avr/4.6.2/../../../../avr/lib/avrxmega6\libc.a(strnlen_P.o)
 .text          0x0000c32a        0x0 c:/program files (x86)/atmel/atmel studio 6.0/extensions/atmel/avrgcc/3.4.0.65/avrtoolchain/bin/../lib/gcc/avr/4.6.2/../../../../avr/lib/avrxmega6\libc.a(strnlen.o)
 .text          0x0000c32a        0x0 c:/program files (x86)/atmel/atmel studio 6.0/extensions/atmel/avrgcc/3.4.0.65/avrtoolchain/bin/../lib/gcc/avr/4.6.2/../../../../avr/lib/avrxmega6\libc.a(strrev.o)
 .text          0x0000c32a        0x0 c:/program files (x86)/atmel/atmel studio 6.0/extensions/atmel/avrgcc/3.4.0.65/avrtoolchain/bin/../lib/gcc/avr/4.6.2/../../../../avr/lib/avrxmega6\libc.a(fputc.o)
 .text          0x0000c32a        0x0 c:/program files (x86)/atmel/atmel studio 6.0/extensions/atmel/avrgcc/3.4.0.65/avrtoolchain/bin/../lib/gcc/avr/4.6.2/../../../../avr/lib/avrxmega6\libc.a(iob.o)
 .text          0x0000c32a        0x0 c:/program files (x86)/atmel/atmel studio 6.0/extensions/atmel/avrgcc/3.4.0.65/avrtoolchain/bin/../lib/gcc/avr/4.6.2/../../../../avr/lib/avrxmega6\libc.a(ultoa_invert.o)
                0x0000c32a                . = ALIGN (0x2)
 *(.text.*)
 .text.avr-libc.fplib
                0x0000c32a        0x8 c:/program files (x86)/atmel/atmel studio 6.0/extensions/atmel/avrgcc/3.4.0.65/avrtoolchain/bin/../lib/gcc/avr/4.6.2/../../../../avr/lib/avrxmega6\libm.a(cmpsf2.o)
                0x0000c32a                __nesf2
                0x0000c32a                __eqsf2
                0x0000c32a                __cmpsf2
                0x0000c32a                __ltsf2
                0x0000c32a                __lesf2
 .text.avr-libc.fplib
                0x0000c332        0x4 c:/program files (x86)/atmel/atmel studio 6.0/extensions/atmel/avrgcc/3.4.0.65/avrtoolchain/bin/../lib/gcc/avr/4.6.2/../../../../avr/lib/avrxmega6\libm.a(divsf3.o)
                0x0000c332                __divsf3
 .text.avr-libc.fplib
                0x0000c336       0xcc c:/program files (x86)/atmel/atmel studio 6.0/extensions/atmel/avrgcc/3.4.0.65/avrtoolchain/bin/../lib/gcc/avr/4.6.2/../../../../avr/lib/avrxmega6\libm.a(divsf3x.o)
                0x0000c34c                __divsf3x
                0x0000c350                __divsf3_pse
 .text.avr-libc.fplib
                0x0000c402       0x58 c:/program files (x86)/atmel/atmel studio 6.0/extensions/atmel/avrgcc/3.4.0.65/avrtoolchain/bin/../lib/gcc/avr/4.6.2/../../../../avr/lib/avrxmega6\libm.a(fixunssfsi.o)
                0x0000c402                __fixunssfsi
 .text.avr-libc.fplib
                0x0000c45a       0x48 c:/program files (x86)/atmel/atmel studio 6.0/extensions/atmel/avrgcc/3.4.0.65/avrtoolchain/bin/../lib/gcc/avr/4.6.2/../../../../avr/lib/avrxmega6\libm.a(fp_cmp.o)
                0x0000c45a                __fp_cmp
 .text.avr-libc.fplib
                0x0000c4a2        0xc c:/program files (x86)/atmel/atmel studio 6.0/extensions/atmel/avrgcc/3.4.0.65/avrtoolchain/bin/../lib/gcc/avr/4.6.2/../../../../avr/lib/avrxmega6\libm.a(fp_inf.o)
                0x0000c4a2                __fp_inf
 .text.avr-libc.fplib
                0x0000c4ae        0x6 c:/program files (x86)/atmel/atmel studio 6.0/extensions/atmel/avrgcc/3.4.0.65/avrtoolchain/bin/../lib/gcc/avr/4.6.2/../../../../avr/lib/avrxmega6\libm.a(fp_nan.o)
                0x0000c4ae                __fp_nan
 .text.avr-libc.fplib
                0x0000c4b4        0xe c:/program files (x86)/atmel/atmel studio 6.0/extensions/atmel/avrgcc/3.4.0.65/avrtoolchain/bin/../lib/gcc/avr/4.6.2/../../../../avr/lib/avrxmega6\libm.a(fp_pscA.o)
                0x0000c4b4                __fp_pscA
 .text.avr-libc.fplib
                0x0000c4c2        0xe c:/program files (x86)/atmel/atmel studio 6.0/extensions/atmel/avrgcc/3.4.0.65/avrtoolchain/bin/../lib/gcc/avr/4.6.2/../../../../avr/lib/avrxmega6\libm.a(fp_pscB.o)
                0x0000c4c2                __fp_pscB
 .text.avr-libc.fplib
                0x0000c4d0       0x22 c:/program files (x86)/atmel/atmel studio 6.0/extensions/atmel/avrgcc/3.4.0.65/avrtoolchain/bin/../lib/gcc/avr/4.6.2/../../../../avr/lib/avrxmega6\libm.a(fp_round.o)
                0x0000c4d0                __fp_round
 .text.avr-libc.fplib
                0x0000c4f2       0x44 c:/program files (x86)/atmel/atmel studio 6.0/extensions/atmel/avrgcc/3.4.0.65/avrtoolchain/bin/../lib/gcc/avr/4.6.2/../../../../avr/lib/avrxmega6\libm.a(fp_split3.o)
                0x0000c4f2                __fp_split3
                0x0000c502                __fp_splitA
 .text.avr-libc.fplib
                0x0000c536        0xe c:/program files (x86)/atmel/atmel studio 6.0/extensions/atmel/avrgcc/3.4.0.65/avrtoolchain/bin/../lib/gcc/avr/4.6.2/../../../../avr/lib/avrxmega6\libm.a(fp_zero.o)
                0x0000c536                __fp_zero
                0x0000c538                __fp_szero
 .text.avr-libc.fplib
                0x0000c544        0x8 c:/program files (x86)/atmel/atmel studio 6.0/extensions/atmel/avrgcc/3.4.0.65/avrtoolchain/bin/../lib/gcc/avr/4.6.2/../../../../avr/lib/avrxmega6\libm.a(gesf2.o)
                0x0000c544                __gesf2
                0x0000c544                __gtsf2
 .text.avr-libc.fplib
                0x0000c54c        0x4 c:/program files (x86)/atmel/atmel studio 6.0/extensions/atmel/avrgcc/3.4.0.65/avrtoolchain/bin/../lib/gcc/avr/4.6.2/../../../../avr/lib/avrxmega6\libm.a(mulsf3.o)
                0x0000c54c                __mulsf3
 .text.avr-libc.fplib
                0x0000c550       0xc2 c:/program files (x86)/atmel/atmel studio 6.0/extensions/atmel/avrgcc/3.4.0.65/avrtoolchain/bin/../lib/gcc/avr/4.6.2/../../../../avr/lib/avrxmega6\libm.a(mulsf3x.o)
                0x0000c564                __mulsf3x
                0x0000c568                __mulsf3_pse
 .text.libgcc   0x0000c612       0x3e c:/program files (x86)/atmel/atmel studio 6.0/extensions/atmel/avrgcc/3.4.0.65/avrtoolchain/bin/../lib/gcc/avr/4.6.2/avrxmega6\libgcc.a(_mulsi3.o)
                0x0000c612                __mulsi3
 .text.libgcc   0x0000c650       0x28 c:/program files (x86)/atmel/atmel studio 6.0/extensions/atmel/avrgcc/3.4.0.65/avrtoolchain/bin/../lib/gcc/avr/4.6.2/avrxmega6\libgcc.a(_udivmodhi4.o)
                0x0000c650                __udivmodhi4
 .text.libgcc   0x0000c678       0x26 c:/program files (x86)/atmel/atmel studio 6.0/extensions/atmel/avrgcc/3.4.0.65/avrtoolchain/bin/../lib/gcc/avr/4.6.2/avrxmega6\libgcc.a(_divmodhi4.o)
                0x0000c678                _div
                0x0000c678                __divmodhi4
 .text.libgcc   0x0000c69e       0x44 c:/program files (x86)/atmel/atmel studio 6.0/extensions/atmel/avrgcc/3.4.0.65/avrtoolchain/bin/../lib/gcc/avr/4.6.2/avrxmega6\libgcc.a(_udivmodsi4.o)
                0x0000c69e                __udivmodsi4
 .text.libgcc   0x0000c6e2       0x36 c:/program files (x86)/atmel/atmel studio 6.0/extensions/atmel/avrgcc/3.4.0.65/avrtoolchain/bin/../lib/gcc/avr/4.6.2/avrxmega6\libgcc.a(_divmodsi4.o)
                0x0000c6e2                __divmodsi4
 .text.libgcc   0x0000c718        0x0 c:/program files (x86)/atmel/atmel studio 6.0/extensions/atmel/avrgcc/3.4.0.65/avrtoolchain/bin/../lib/gcc/avr/4.6.2/avrxmega6\libgcc.a(_exit.o)
 .text.libgcc   0x0000c718        0x0 c:/program files (x86)/atmel/atmel studio 6.0/extensions/atmel/avrgcc/3.4.0.65/avrtoolchain/bin/../lib/gcc/avr/4.6.2/avrxmega6\libgcc.a(_copy_data.o)
 .text.libgcc   0x0000c718        0x0 c:/program files (x86)/atmel/atmel studio 6.0/extensions/atmel/avrgcc/3.4.0.65/avrtoolchain/bin/../lib/gcc/avr/4.6.2/avrxmega6\libgcc.a(_clear_bss.o)
 .text.libgcc   0x0000c718       0x32 c:/program files (x86)/atmel/atmel studio 6.0/extensions/atmel/avrgcc/3.4.0.65/avrtoolchain/bin/../lib/gcc/avr/4.6.2/avrxmega6\libgcc.a(_prologue.o)
                0x0000c718                __prologue_saves__
 .text.libgcc   0x0000c74a       0x30 c:/program files (x86)/atmel/atmel studio 6.0/extensions/atmel/avrgcc/3.4.0.65/avrtoolchain/bin/../lib/gcc/avr/4.6.2/avrxmega6\libgcc.a(_epilogue.o)
                0x0000c74a                __epilogue_restores__
 .text.avr-libc
                0x0000c77a        0xe c:/program files (x86)/atmel/atmel studio 6.0/extensions/atmel/avrgcc/3.4.0.65/avrtoolchain/bin/../lib/gcc/avr/4.6.2/../../../../avr/lib/avrxmega6\libc.a(strcpy_P.o)
                0x0000c77a                strcpy_P
 .text.avr-libc
                0x0000c788       0x12 c:/program files (x86)/atmel/atmel studio 6.0/extensions/atmel/avrgcc/3.4.0.65/avrtoolchain/bin/../lib/gcc/avr/4.6.2/../../../../avr/lib/avrxmega6\libc.a(memcpy.o)
                0x0000c788                memcpy
 .text.avr-libc
                0x0000c79a       0x24 c:/program files (x86)/atmel/atmel studio 6.0/extensions/atmel/avrgcc/3.4.0.65/avrtoolchain/bin/../lib/gcc/avr/4.6.2/../../../../avr/lib/avrxmega6\libc.a(memmove.o)
                0x0000c79a                memmove
 .text.avr-libc
                0x0000c7be       0x16 c:/program files (x86)/atmel/atmel studio 6.0/extensions/atmel/avrgcc/3.4.0.65/avrtoolchain/bin/../lib/gcc/avr/4.6.2/../../../../avr/lib/avrxmega6\libc.a(strcat.o)
                0x0000c7be                strcat
 .text.avr-libc
                0x0000c7d4       0x1c c:/program files (x86)/atmel/atmel studio 6.0/extensions/atmel/avrgcc/3.4.0.65/avrtoolchain/bin/../lib/gcc/avr/4.6.2/../../../../avr/lib/avrxmega6\libc.a(strncmp.o)
                0x0000c7d4                strncmp
 .text.avr-libc
                0x0000c7f0       0x42 c:/program files (x86)/atmel/atmel studio 6.0/extensions/atmel/avrgcc/3.4.0.65/avrtoolchain/bin/../lib/gcc/avr/4.6.2/../../../../avr/lib/avrxmega6\libc.a(itoa.o)
                0x0000c7f0                itoa
 .text.avr-libc
                0x0000c832       0x24 c:/program files (x86)/atmel/atmel studio 6.0/extensions/atmel/avrgcc/3.4.0.65/avrtoolchain/bin/../lib/gcc/avr/4.6.2/../../../../avr/lib/avrxmega6\libc.a(printf.o)
                0x0000c832                printf
 .text.avr-libc
                0x0000c856      0x402 c:/program files (x86)/atmel/atmel studio 6.0/extensions/atmel/avrgcc/3.4.0.65/avrtoolchain/bin/../lib/gcc/avr/4.6.2/../../../../avr/lib/avrxmega6\libc.a(vfprintf_std.o)
                0x0000c856                vfprintf
 .text.avr-libc
                0x0000cc58       0x16 c:/program files (x86)/atmel/atmel studio 6.0/extensions/atmel/avrgcc/3.4.0.65/avrtoolchain/bin/../lib/gcc/avr/4.6.2/../../../../avr/lib/avrxmega6\libc.a(strnlen_P.o)
                0x0000cc58                strnlen_P
 .text.avr-libc
                0x0000cc6e       0x16 c:/program files (x86)/atmel/atmel studio 6.0/extensions/atmel/avrgcc/3.4.0.65/avrtoolchain/bin/../lib/gcc/avr/4.6.2/../../../../avr/lib/avrxmega6\libc.a(strnlen.o)
                0x0000cc6e                strnlen
 .text.avr-libc
                0x0000cc84       0x20 c:/program files (x86)/atmel/atmel studio 6.0/extensions/atmel/avrgcc/3.4.0.65/avrtoolchain/bin/../lib/gcc/avr/4.6.2/../../../../avr/lib/avrxmega6\libc.a(strrev.o)
                0x0000cc84                strrev
 .text.avr-libc
                0x0000cca4       0x58 c:/program files (x86)/atmel/atmel studio 6.0/extensions/atmel/avrgcc/3.4.0.65/avrtoolchain/bin/../lib/gcc/avr/4.6.2/../../../../avr/lib/avrxmega6\libc.a(fputc.o)
                0x0000cca4                fputc
 .text.avr-libc
                0x0000ccfc       0xbc c:/program files (x86)/atmel/atmel studio 6.0/extensions/atmel/avrgcc/3.4.0.65/avrtoolchain/bin/../lib/gcc/avr/4.6.2/../../../../avr/lib/avrxmega6\libc.a(ultoa_invert.o)
                0x0000ccfc                __ultoa_invert
                0x0000cdb8                . = ALIGN (0x2)
 *(.fini9)
 .fini9         0x0000cdb8        0x0 c:/program files (x86)/atmel/atmel studio 6.0/extensions/atmel/avrgcc/3.4.0.65/avrtoolchain/bin/../lib/gcc/avr/4.6.2/avrxmega6\libgcc.a(_exit.o)
                0x0000cdb8                _exit
                0x0000cdb8                exit
 *(.fini9)
 *(.fini8)
 *(.fini8)
 *(.fini7)
 *(.fini7)
 *(.fini6)
 *(.fini6)
 *(.fini5)
 *(.fini5)
 *(.fini4)
 *(.fini4)
 *(.fini3)
 *(.fini3)
 *(.fini2)
 *(.fini2)
 *(.fini1)
 *(.fini1)
 *(.fini0)
 .fini0         0x0000cdb8        0x4 c:/program files (x86)/atmel/atmel studio 6.0/extensions/atmel/avrgcc/3.4.0.65/avrtoolchain/bin/../lib/gcc/avr/4.6.2/avrxmega6\libgcc.a(_exit.o)
 *(.fini0)
                0x0000cdbc                _etext = .

.data           0x00802000      0x126 load address 0x0000cdbc
                0x00802000                PROVIDE (__data_start, .)
 *(.data)
 .data          0x00802000        0x0 c:/program files (x86)/atmel/atmel studio 6.0/extensions/atmel/avrgcc/3.4.0.65/avrtoolchain/bin/../lib/gcc/avr/4.6.2/../../../../avr/lib/avrxmega6/crtx256a3.o
 .data          0x00802000        0x6 Synch.o
 .data          0x00802006        0x0 ADC.o
 .data          0x00802006        0x0 adc_driver.o
 .data          0x00802006        0x3 chb.o
 .data          0x00802009        0x0 chb_buf.o
 .data          0x00802009        0x0 chb_drvr.o
 .data          0x00802009        0x0 chb_eeprom.o
 .data          0x00802009        0x0 chb_spi.o
 .data          0x00802009        0x0 clksys_driver.o
 .data          0x00802009       0x1d E-000001-000009__firmware_rev_1_0.o
 .data          0x00802026        0x0 FAT32.o
 .data          0x00802026        0x0 SD_Card.o
 .data          0x00802026        0x0 AccelSampler.o
 .data          0x00802026        0x0 c:/program files (x86)/atmel/atmel studio 6.0/extensions/atmel/avrgcc/3.4.0.65/avrtoolchain/bin/../lib/gcc/avr/4.6.2/../../../../avr/lib/avrxmega6\libm.a(cmpsf2.o)
 .data          0x00802026        0x0 c:/program files (x86)/atmel/atmel studio 6.0/extensions/atmel/avrgcc/3.4.0.65/avrtoolchain/bin/../lib/gcc/avr/4.6.2/../../../../avr/lib/avrxmega6\libm.a(divsf3.o)
 .data          0x00802026        0x0 c:/program files (x86)/atmel/atmel studio 6.0/extensions/atmel/avrgcc/3.4.0.65/avrtoolchain/bin/../lib/gcc/avr/4.6.2/../../../../avr/lib/avrxmega6\libm.a(divsf3x.o)
 .data          0x00802026        0x0 c:/program files (x86)/atmel/atmel studio 6.0/extensions/atmel/avrgcc/3.4.0.65/avrtoolchain/bin/../lib/gcc/avr/4.6.2/../../../../avr/lib/avrxmega6\libm.a(fixunssfsi.o)
 .data          0x00802026        0x0 c:/program files (x86)/atmel/atmel studio 6.0/extensions/atmel/avrgcc/3.4.0.65/avrtoolchain/bin/../lib/gcc/avr/4.6.2/../../../../avr/lib/avrxmega6\libm.a(fp_cmp.o)
 .data          0x00802026        0x0 c:/program files (x86)/atmel/atmel studio 6.0/extensions/atmel/avrgcc/3.4.0.65/avrtoolchain/bin/../lib/gcc/avr/4.6.2/../../../../avr/lib/avrxmega6\libm.a(fp_inf.o)
 .data          0x00802026        0x0 c:/program files (x86)/atmel/atmel studio 6.0/extensions/atmel/avrgcc/3.4.0.65/avrtoolchain/bin/../lib/gcc/avr/4.6.2/../../../../avr/lib/avrxmega6\libm.a(fp_nan.o)
 .data          0x00802026        0x0 c:/program files (x86)/atmel/atmel studio 6.0/extensions/atmel/avrgcc/3.4.0.65/avrtoolchain/bin/../lib/gcc/avr/4.6.2/../../../../avr/lib/avrxmega6\libm.a(fp_pscA.o)
 .data          0x00802026        0x0 c:/program files (x86)/atmel/atmel studio 6.0/extensions/atmel/avrgcc/3.4.0.65/avrtoolchain/bin/../lib/gcc/avr/4.6.2/../../../../avr/lib/avrxmega6\libm.a(fp_pscB.o)
 .data          0x00802026        0x0 c:/program files (x86)/atmel/atmel studio 6.0/extensions/atmel/avrgcc/3.4.0.65/avrtoolchain/bin/../lib/gcc/avr/4.6.2/../../../../avr/lib/avrxmega6\libm.a(fp_round.o)
 .data          0x00802026        0x0 c:/program files (x86)/atmel/atmel studio 6.0/extensions/atmel/avrgcc/3.4.0.65/avrtoolchain/bin/../lib/gcc/avr/4.6.2/../../../../avr/lib/avrxmega6\libm.a(fp_split3.o)
 .data          0x00802026        0x0 c:/program files (x86)/atmel/atmel studio 6.0/extensions/atmel/avrgcc/3.4.0.65/avrtoolchain/bin/../lib/gcc/avr/4.6.2/../../../../avr/lib/avrxmega6\libm.a(fp_zero.o)
 .data          0x00802026        0x0 c:/program files (x86)/atmel/atmel studio 6.0/extensions/atmel/avrgcc/3.4.0.65/avrtoolchain/bin/../lib/gcc/avr/4.6.2/../../../../avr/lib/avrxmega6\libm.a(gesf2.o)
 .data          0x00802026        0x0 c:/program files (x86)/atmel/atmel studio 6.0/extensions/atmel/avrgcc/3.4.0.65/avrtoolchain/bin/../lib/gcc/avr/4.6.2/../../../../avr/lib/avrxmega6\libm.a(mulsf3.o)
 .data          0x00802026        0x0 c:/program files (x86)/atmel/atmel studio 6.0/extensions/atmel/avrgcc/3.4.0.65/avrtoolchain/bin/../lib/gcc/avr/4.6.2/../../../../avr/lib/avrxmega6\libm.a(mulsf3x.o)
 .data          0x00802026        0x0 c:/program files (x86)/atmel/atmel studio 6.0/extensions/atmel/avrgcc/3.4.0.65/avrtoolchain/bin/../lib/gcc/avr/4.6.2/avrxmega6\libgcc.a(_mulsi3.o)
 .data          0x00802026        0x0 c:/program files (x86)/atmel/atmel studio 6.0/extensions/atmel/avrgcc/3.4.0.65/avrtoolchain/bin/../lib/gcc/avr/4.6.2/avrxmega6\libgcc.a(_udivmodhi4.o)
 .data          0x00802026        0x0 c:/program files (x86)/atmel/atmel studio 6.0/extensions/atmel/avrgcc/3.4.0.65/avrtoolchain/bin/../lib/gcc/avr/4.6.2/avrxmega6\libgcc.a(_divmodhi4.o)
 .data          0x00802026        0x0 c:/program files (x86)/atmel/atmel studio 6.0/extensions/atmel/avrgcc/3.4.0.65/avrtoolchain/bin/../lib/gcc/avr/4.6.2/avrxmega6\libgcc.a(_udivmodsi4.o)
 .data          0x00802026        0x0 c:/program files (x86)/atmel/atmel studio 6.0/extensions/atmel/avrgcc/3.4.0.65/avrtoolchain/bin/../lib/gcc/avr/4.6.2/avrxmega6\libgcc.a(_divmodsi4.o)
 .data          0x00802026        0x0 c:/program files (x86)/atmel/atmel studio 6.0/extensions/atmel/avrgcc/3.4.0.65/avrtoolchain/bin/../lib/gcc/avr/4.6.2/avrxmega6\libgcc.a(_exit.o)
 .data          0x00802026        0x0 c:/program files (x86)/atmel/atmel studio 6.0/extensions/atmel/avrgcc/3.4.0.65/avrtoolchain/bin/../lib/gcc/avr/4.6.2/avrxmega6\libgcc.a(_copy_data.o)
 .data          0x00802026        0x0 c:/program files (x86)/atmel/atmel studio 6.0/extensions/atmel/avrgcc/3.4.0.65/avrtoolchain/bin/../lib/gcc/avr/4.6.2/avrxmega6\libgcc.a(_clear_bss.o)
 .data          0x00802026        0x0 c:/program files (x86)/atmel/atmel studio 6.0/extensions/atmel/avrgcc/3.4.0.65/avrtoolchain/bin/../lib/gcc/avr/4.6.2/avrxmega6\libgcc.a(_muldi3.o)
 .data          0x00802026        0x0 c:/program files (x86)/atmel/atmel studio 6.0/extensions/atmel/avrgcc/3.4.0.65/avrtoolchain/bin/../lib/gcc/avr/4.6.2/avrxmega6\libgcc.a(_ashldi3.o)
 .data          0x00802026        0x0 c:/program files (x86)/atmel/atmel studio 6.0/extensions/atmel/avrgcc/3.4.0.65/avrtoolchain/bin/../lib/gcc/avr/4.6.2/avrxmega6\libgcc.a(_divdi3.o)
 .data          0x00802026        0x0 c:/program files (x86)/atmel/atmel studio 6.0/extensions/atmel/avrgcc/3.4.0.65/avrtoolchain/bin/../lib/gcc/avr/4.6.2/avrxmega6\libgcc.a(_udivdi3.o)
 .data          0x00802026        0x0 c:/program files (x86)/atmel/atmel studio 6.0/extensions/atmel/avrgcc/3.4.0.65/avrtoolchain/bin/../lib/gcc/avr/4.6.2/avrxmega6\libgcc.a(_prologue.o)
 .data          0x00802026        0x0 c:/program files (x86)/atmel/atmel studio 6.0/extensions/atmel/avrgcc/3.4.0.65/avrtoolchain/bin/../lib/gcc/avr/4.6.2/avrxmega6\libgcc.a(_epilogue.o)
 .data          0x00802026      0x100 c:/program files (x86)/atmel/atmel studio 6.0/extensions/atmel/avrgcc/3.4.0.65/avrtoolchain/bin/../lib/gcc/avr/4.6.2/avrxmega6\libgcc.a(_clz.o)
                0x00802026                __clz_tab
 .data          0x00802126        0x0 c:/program files (x86)/atmel/atmel studio 6.0/extensions/atmel/avrgcc/3.4.0.65/avrtoolchain/bin/../lib/gcc/avr/4.6.2/../../../../avr/lib/avrxmega6\libc.a(strcpy_P.o)
 .data          0x00802126        0x0 c:/program files (x86)/atmel/atmel studio 6.0/extensions/atmel/avrgcc/3.4.0.65/avrtoolchain/bin/../lib/gcc/avr/4.6.2/../../../../avr/lib/avrxmega6\libc.a(memcpy.o)
 .data          0x00802126        0x0 c:/program files (x86)/atmel/atmel studio 6.0/extensions/atmel/avrgcc/3.4.0.65/avrtoolchain/bin/../lib/gcc/avr/4.6.2/../../../../avr/lib/avrxmega6\libc.a(memmove.o)
 .data          0x00802126        0x0 c:/program files (x86)/atmel/atmel studio 6.0/extensions/atmel/avrgcc/3.4.0.65/avrtoolchain/bin/../lib/gcc/avr/4.6.2/../../../../avr/lib/avrxmega6\libc.a(strcat.o)
 .data          0x00802126        0x0 c:/program files (x86)/atmel/atmel studio 6.0/extensions/atmel/avrgcc/3.4.0.65/avrtoolchain/bin/../lib/gcc/avr/4.6.2/../../../../avr/lib/avrxmega6\libc.a(strncmp.o)
 .data          0x00802126        0x0 c:/program files (x86)/atmel/atmel studio 6.0/extensions/atmel/avrgcc/3.4.0.65/avrtoolchain/bin/../lib/gcc/avr/4.6.2/../../../../avr/lib/avrxmega6\libc.a(itoa.o)
 .data          0x00802126        0x0 c:/program files (x86)/atmel/atmel studio 6.0/extensions/atmel/avrgcc/3.4.0.65/avrtoolchain/bin/../lib/gcc/avr/4.6.2/../../../../avr/lib/avrxmega6\libc.a(printf.o)
 .data          0x00802126        0x0 c:/program files (x86)/atmel/atmel studio 6.0/extensions/atmel/avrgcc/3.4.0.65/avrtoolchain/bin/../lib/gcc/avr/4.6.2/../../../../avr/lib/avrxmega6\libc.a(vfprintf_std.o)
 .data          0x00802126        0x0 c:/program files (x86)/atmel/atmel studio 6.0/extensions/atmel/avrgcc/3.4.0.65/avrtoolchain/bin/../lib/gcc/avr/4.6.2/../../../../avr/lib/avrxmega6\libc.a(strnlen_P.o)
 .data          0x00802126        0x0 c:/program files (x86)/atmel/atmel studio 6.0/extensions/atmel/avrgcc/3.4.0.65/avrtoolchain/bin/../lib/gcc/avr/4.6.2/../../../../avr/lib/avrxmega6\libc.a(strnlen.o)
 .data          0x00802126        0x0 c:/program files (x86)/atmel/atmel studio 6.0/extensions/atmel/avrgcc/3.4.0.65/avrtoolchain/bin/../lib/gcc/avr/4.6.2/../../../../avr/lib/avrxmega6\libc.a(strrev.o)
 .data          0x00802126        0x0 c:/program files (x86)/atmel/atmel studio 6.0/extensions/atmel/avrgcc/3.4.0.65/avrtoolchain/bin/../lib/gcc/avr/4.6.2/../../../../avr/lib/avrxmega6\libc.a(fputc.o)
 .data          0x00802126        0x0 c:/program files (x86)/atmel/atmel studio 6.0/extensions/atmel/avrgcc/3.4.0.65/avrtoolchain/bin/../lib/gcc/avr/4.6.2/../../../../avr/lib/avrxmega6\libc.a(iob.o)
 .data          0x00802126        0x0 c:/program files (x86)/atmel/atmel studio 6.0/extensions/atmel/avrgcc/3.4.0.65/avrtoolchain/bin/../lib/gcc/avr/4.6.2/../../../../avr/lib/avrxmega6\libc.a(ultoa_invert.o)
 *(.data*)
 *(.rodata)
 *(.rodata*)
 *(.gnu.linkonce.d*)
                0x00802126                . = ALIGN (0x2)
                0x00802126                _edata = .
                0x00802126                PROVIDE (__data_end, .)

.bss            0x00802126     0x3205
                0x00802126                PROVIDE (__bss_start, .)
 *(.bss)
 .bss           0x00802126        0x0 c:/program files (x86)/atmel/atmel studio 6.0/extensions/atmel/avrgcc/3.4.0.65/avrtoolchain/bin/../lib/gcc/avr/4.6.2/../../../../avr/lib/avrxmega6/crtx256a3.o
 .bss           0x00802126        0x0 Synch.o
 .bss           0x00802126        0x6 ADC.o
                0x00802126                checksumADC
                0x00802129                checksumFRAM
 .bss           0x0080212c        0x0 adc_driver.o
 .bss           0x0080212c       0x14 chb.o
 .bss           0x00802140       0x83 chb_buf.o
 .bss           0x008021c3        0x0 chb_drvr.o
 .bss           0x008021c3        0x0 chb_eeprom.o
 .bss           0x008021c3        0x0 chb_spi.o
 .bss           0x008021c3        0x0 clksys_driver.o
 .bss           0x008021c3        0x0 E-000001-000009__firmware_rev_1_0.o
 .bss           0x008021c3        0x0 FAT32.o
 .bss           0x008021c3        0x0 SD_Card.o
 .bss           0x008021c3        0x0 AccelSampler.o
 .bss           0x008021c3        0x0 c:/program files (x86)/atmel/atmel studio 6.0/extensions/atmel/avrgcc/3.4.0.65/avrtoolchain/bin/../lib/gcc/avr/4.6.2/../../../../avr/lib/avrxmega6\libm.a(cmpsf2.o)
 .bss           0x008021c3        0x0 c:/program files (x86)/atmel/atmel studio 6.0/extensions/atmel/avrgcc/3.4.0.65/avrtoolchain/bin/../lib/gcc/avr/4.6.2/../../../../avr/lib/avrxmega6\libm.a(divsf3.o)
 .bss           0x008021c3        0x0 c:/program files (x86)/atmel/atmel studio 6.0/extensions/atmel/avrgcc/3.4.0.65/avrtoolchain/bin/../lib/gcc/avr/4.6.2/../../../../avr/lib/avrxmega6\libm.a(divsf3x.o)
 .bss           0x008021c3        0x0 c:/program files (x86)/atmel/atmel studio 6.0/extensions/atmel/avrgcc/3.4.0.65/avrtoolchain/bin/../lib/gcc/avr/4.6.2/../../../../avr/lib/avrxmega6\libm.a(fixunssfsi.o)
 .bss           0x008021c3        0x0 c:/program files (x86)/atmel/atmel studio 6.0/extensions/atmel/avrgcc/3.4.0.65/avrtoolchain/bin/../lib/gcc/avr/4.6.2/../../../../avr/lib/avrxmega6\libm.a(fp_cmp.o)
 .bss           0x008021c3        0x0 c:/program files (x86)/atmel/atmel studio 6.0/extensions/atmel/avrgcc/3.4.0.65/avrtoolchain/bin/../lib/gcc/avr/4.6.2/../../../../avr/lib/avrxmega6\libm.a(fp_inf.o)
 .bss           0x008021c3        0x0 c:/program files (x86)/atmel/atmel studio 6.0/extensions/atmel/avrgcc/3.4.0.65/avrtoolchain/bin/../lib/gcc/avr/4.6.2/../../../../avr/lib/avrxmega6\libm.a(fp_nan.o)
 .bss           0x008021c3        0x0 c:/program files (x86)/atmel/atmel studio 6.0/extensions/atmel/avrgcc/3.4.0.65/avrtoolchain/bin/../lib/gcc/avr/4.6.2/../../../../avr/lib/avrxmega6\libm.a(fp_pscA.o)
 .bss           0x008021c3        0x0 c:/program files (x86)/atmel/atmel studio 6.0/extensions/atmel/avrgcc/3.4.0.65/avrtoolchain/bin/../lib/gcc/avr/4.6.2/../../../../avr/lib/avrxmega6\libm.a(fp_pscB.o)
 .bss           0x008021c3        0x0 c:/program files (x86)/atmel/atmel studio 6.0/extensions/atmel/avrgcc/3.4.0.65/avrtoolchain/bin/../lib/gcc/avr/4.6.2/../../../../avr/lib/avrxmega6\libm.a(fp_round.o)
 .bss           0x008021c3        0x0 c:/program files (x86)/atmel/atmel studio 6.0/extensions/atmel/avrgcc/3.4.0.65/avrtoolchain/bin/../lib/gcc/avr/4.6.2/../../../../avr/lib/avrxmega6\libm.a(fp_split3.o)
 .bss           0x008021c3        0x0 c:/program files (x86)/atmel/atmel studio 6.0/extensions/atmel/avrgcc/3.4.0.65/avrtoolchain/bin/../lib/gcc/avr/4.6.2/../../../../avr/lib/avrxmega6\libm.a(fp_zero.o)
 .bss           0x008021c3        0x0 c:/program files (x86)/atmel/atmel studio 6.0/extensions/atmel/avrgcc/3.4.0.65/avrtoolchain/bin/../lib/gcc/avr/4.6.2/../../../../avr/lib/avrxmega6\libm.a(gesf2.o)
 .bss           0x008021c3        0x0 c:/program files (x86)/atmel/atmel studio 6.0/extensions/atmel/avrgcc/3.4.0.65/avrtoolchain/bin/../lib/gcc/avr/4.6.2/../../../../avr/lib/avrxmega6\libm.a(mulsf3.o)
 .bss           0x008021c3        0x0 c:/program files (x86)/atmel/atmel studio 6.0/extensions/atmel/avrgcc/3.4.0.65/avrtoolchain/bin/../lib/gcc/avr/4.6.2/../../../../avr/lib/avrxmega6\libm.a(mulsf3x.o)
 .bss           0x008021c3        0x0 c:/program files (x86)/atmel/atmel studio 6.0/extensions/atmel/avrgcc/3.4.0.65/avrtoolchain/bin/../lib/gcc/avr/4.6.2/avrxmega6\libgcc.a(_mulsi3.o)
 .bss           0x008021c3        0x0 c:/program files (x86)/atmel/atmel studio 6.0/extensions/atmel/avrgcc/3.4.0.65/avrtoolchain/bin/../lib/gcc/avr/4.6.2/avrxmega6\libgcc.a(_udivmodhi4.o)
 .bss           0x008021c3        0x0 c:/program files (x86)/atmel/atmel studio 6.0/extensions/atmel/avrgcc/3.4.0.65/avrtoolchain/bin/../lib/gcc/avr/4.6.2/avrxmega6\libgcc.a(_divmodhi4.o)
 .bss           0x008021c3        0x0 c:/program files (x86)/atmel/atmel studio 6.0/extensions/atmel/avrgcc/3.4.0.65/avrtoolchain/bin/../lib/gcc/avr/4.6.2/avrxmega6\libgcc.a(_udivmodsi4.o)
 .bss           0x008021c3        0x0 c:/program files (x86)/atmel/atmel studio 6.0/extensions/atmel/avrgcc/3.4.0.65/avrtoolchain/bin/../lib/gcc/avr/4.6.2/avrxmega6\libgcc.a(_divmodsi4.o)
 .bss           0x008021c3        0x0 c:/program files (x86)/atmel/atmel studio 6.0/extensions/atmel/avrgcc/3.4.0.65/avrtoolchain/bin/../lib/gcc/avr/4.6.2/avrxmega6\libgcc.a(_exit.o)
 .bss           0x008021c3        0x0 c:/program files (x86)/atmel/atmel studio 6.0/extensions/atmel/avrgcc/3.4.0.65/avrtoolchain/bin/../lib/gcc/avr/4.6.2/avrxmega6\libgcc.a(_copy_data.o)
 .bss           0x008021c3        0x0 c:/program files (x86)/atmel/atmel studio 6.0/extensions/atmel/avrgcc/3.4.0.65/avrtoolchain/bin/../lib/gcc/avr/4.6.2/avrxmega6\libgcc.a(_clear_bss.o)
 .bss           0x008021c3        0x0 c:/program files (x86)/atmel/atmel studio 6.0/extensions/atmel/avrgcc/3.4.0.65/avrtoolchain/bin/../lib/gcc/avr/4.6.2/avrxmega6\libgcc.a(_muldi3.o)
 .bss           0x008021c3        0x0 c:/program files (x86)/atmel/atmel studio 6.0/extensions/atmel/avrgcc/3.4.0.65/avrtoolchain/bin/../lib/gcc/avr/4.6.2/avrxmega6\libgcc.a(_ashldi3.o)
 .bss           0x008021c3        0x0 c:/program files (x86)/atmel/atmel studio 6.0/extensions/atmel/avrgcc/3.4.0.65/avrtoolchain/bin/../lib/gcc/avr/4.6.2/avrxmega6\libgcc.a(_divdi3.o)
 .bss           0x008021c3        0x0 c:/program files (x86)/atmel/atmel studio 6.0/extensions/atmel/avrgcc/3.4.0.65/avrtoolchain/bin/../lib/gcc/avr/4.6.2/avrxmega6\libgcc.a(_udivdi3.o)
 .bss           0x008021c3        0x0 c:/program files (x86)/atmel/atmel studio 6.0/extensions/atmel/avrgcc/3.4.0.65/avrtoolchain/bin/../lib/gcc/avr/4.6.2/avrxmega6\libgcc.a(_prologue.o)
 .bss           0x008021c3        0x0 c:/program files (x86)/atmel/atmel studio 6.0/extensions/atmel/avrgcc/3.4.0.65/avrtoolchain/bin/../lib/gcc/avr/4.6.2/avrxmega6\libgcc.a(_epilogue.o)
 .bss           0x008021c3        0x0 c:/program files (x86)/atmel/atmel studio 6.0/extensions/atmel/avrgcc/3.4.0.65/avrtoolchain/bin/../lib/gcc/avr/4.6.2/avrxmega6\libgcc.a(_clz.o)
 .bss           0x008021c3        0x0 c:/program files (x86)/atmel/atmel studio 6.0/extensions/atmel/avrgcc/3.4.0.65/avrtoolchain/bin/../lib/gcc/avr/4.6.2/../../../../avr/lib/avrxmega6\libc.a(strcpy_P.o)
 .bss           0x008021c3        0x0 c:/program files (x86)/atmel/atmel studio 6.0/extensions/atmel/avrgcc/3.4.0.65/avrtoolchain/bin/../lib/gcc/avr/4.6.2/../../../../avr/lib/avrxmega6\libc.a(memcpy.o)
 .bss           0x008021c3        0x0 c:/program files (x86)/atmel/atmel studio 6.0/extensions/atmel/avrgcc/3.4.0.65/avrtoolchain/bin/../lib/gcc/avr/4.6.2/../../../../avr/lib/avrxmega6\libc.a(memmove.o)
 .bss           0x008021c3        0x0 c:/program files (x86)/atmel/atmel studio 6.0/extensions/atmel/avrgcc/3.4.0.65/avrtoolchain/bin/../lib/gcc/avr/4.6.2/../../../../avr/lib/avrxmega6\libc.a(strcat.o)
 .bss           0x008021c3        0x0 c:/program files (x86)/atmel/atmel studio 6.0/extensions/atmel/avrgcc/3.4.0.65/avrtoolchain/bin/../lib/gcc/avr/4.6.2/../../../../avr/lib/avrxmega6\libc.a(strncmp.o)
 .bss           0x008021c3        0x0 c:/program files (x86)/atmel/atmel studio 6.0/extensions/atmel/avrgcc/3.4.0.65/avrtoolchain/bin/../lib/gcc/avr/4.6.2/../../../../avr/lib/avrxmega6\libc.a(itoa.o)
 .bss           0x008021c3        0x0 c:/program files (x86)/atmel/atmel studio 6.0/extensions/atmel/avrgcc/3.4.0.65/avrtoolchain/bin/../lib/gcc/avr/4.6.2/../../../../avr/lib/avrxmega6\libc.a(printf.o)
 .bss           0x008021c3        0x0 c:/program files (x86)/atmel/atmel studio 6.0/extensions/atmel/avrgcc/3.4.0.65/avrtoolchain/bin/../lib/gcc/avr/4.6.2/../../../../avr/lib/avrxmega6\libc.a(vfprintf_std.o)
 .bss           0x008021c3        0x0 c:/program files (x86)/atmel/atmel studio 6.0/extensions/atmel/avrgcc/3.4.0.65/avrtoolchain/bin/../lib/gcc/avr/4.6.2/../../../../avr/lib/avrxmega6\libc.a(strnlen_P.o)
 .bss           0x008021c3        0x0 c:/program files (x86)/atmel/atmel studio 6.0/extensions/atmel/avrgcc/3.4.0.65/avrtoolchain/bin/../lib/gcc/avr/4.6.2/../../../../avr/lib/avrxmega6\libc.a(strnlen.o)
 .bss           0x008021c3        0x0 c:/program files (x86)/atmel/atmel studio 6.0/extensions/atmel/avrgcc/3.4.0.65/avrtoolchain/bin/../lib/gcc/avr/4.6.2/../../../../avr/lib/avrxmega6\libc.a(strrev.o)
 .bss           0x008021c3        0x0 c:/program files (x86)/atmel/atmel studio 6.0/extensions/atmel/avrgcc/3.4.0.65/avrtoolchain/bin/../lib/gcc/avr/4.6.2/../../../../avr/lib/avrxmega6\libc.a(fputc.o)
 .bss           0x008021c3        0x0 c:/program files (x86)/atmel/atmel studio 6.0/extensions/atmel/avrgcc/3.4.0.65/avrtoolchain/bin/../lib/gcc/avr/4.6.2/../../../../avr/lib/avrxmega6\libc.a(iob.o)
 .bss           0x008021c3        0x0 c:/program files (x86)/atmel/atmel studio 6.0/extensions/atmel/avrgcc/3.4.0.65/avrtoolchain/bin/../lib/gcc/avr/4.6.2/../../../../avr/lib/avrxmega6\libc.a(ultoa_invert.o)
 *(.bss*)
 *(COMMON)
 COMMON         0x008021c3     0x2f08 Synch.o
                0x008021c3                SDBuffer
                0x008023c3                bankA_OUT
                0x008023c4                appendFileLocation
                0x008023c8                firstDataSector
                0x008023cc                FRAMReadBuffer
                0x0080403d                fileSize
                0x00804041                bytesPerSector
                0x00804043                saved_sreg
                0x00804044                FRAMAddress
                0x00804046                buff
                0x0080404e                totalClusters
                0x00804052                discardCount
                0x00804053                RadioMonitorMode
                0x00804054                rootCluster
                0x00804058                data24Bit
                0x00805058                temp64
                0x0080505a                SPIBuffer
                0x00805067                ADC_BUFFER
                0x00805069                sampleCount
                0x0080506d                MotesReadyToSynch
                0x0080506f                bankA_DIR
                0x00805070                sectorPerCluster
                0x00805072                unusedSectors
                0x00805076                channelStatus
                0x00805077                bankB_OUT
                0x00805078                reservedSectorCount
                0x0080507a                temp32
                0x0080507c                appendStartCluster
                0x00805080                sumFRAM
                0x00805098                error
                0x00805099                TotalSampleCount
                0x0080509b                var
                0x008050a3                Buffer
                0x008050b0                Filename
                0x008050bf                StartOfFreeSpace
                0x008050c3                SPICount
                0x008050c4                freeClusterCountUpdated
                0x008050c5                moteID
                0x008050c6                appendFileSector
                0x008050ca                bankB_DIR
 COMMON         0x008050cb      0x25a AccelSampler.o
                0x008050cb                testArray
                0x00805323                numOfSamples
 COMMON         0x00805325        0x6 c:/program files (x86)/atmel/atmel studio 6.0/extensions/atmel/avrgcc/3.4.0.65/avrtoolchain/bin/../lib/gcc/avr/4.6.2/../../../../avr/lib/avrxmega6\libc.a(iob.o)
                0x00805325                __iob
                0x0080532b                PROVIDE (__bss_end, .)
                0x0000cdbc                __data_load_start = LOADADDR (.data)
                0x0000cee2                __data_load_end = (__data_load_start + SIZEOF (.data))

.noinit         0x0080532b        0x0
                0x0080532b                PROVIDE (__noinit_start, .)
 *(.noinit*)
                0x0080532b                PROVIDE (__noinit_end, .)
                0x0080532b                _end = .
                0x0080532b                PROVIDE (__heap_start, .)

.eeprom         0x00810000        0x0
 *(.eeprom*)
                0x00810000                __eeprom_end = .

.fuse
 *(.fuse)
 *(.lfuse)
 *(.hfuse)
 *(.efuse)

.lock
 *(.lock*)

.signature
 *(.signature*)

.stab           0x00000000     0x2718
 *(.stab)
 .stab          0x00000000      0x6e4 c:/program files (x86)/atmel/atmel studio 6.0/extensions/atmel/avrgcc/3.4.0.65/avrtoolchain/bin/../lib/gcc/avr/4.6.2/../../../../avr/lib/avrxmega6/crtx256a3.o
 .stab          0x000006e4       0x90 c:/program files (x86)/atmel/atmel studio 6.0/extensions/atmel/avrgcc/3.4.0.65/avrtoolchain/bin/../lib/gcc/avr/4.6.2/../../../../avr/lib/avrxmega6\libm.a(cmpsf2.o)
                                 0x9c (size before relaxing)
 .stab          0x00000774       0x48 c:/program files (x86)/atmel/atmel studio 6.0/extensions/atmel/avrgcc/3.4.0.65/avrtoolchain/bin/../lib/gcc/avr/4.6.2/../../../../avr/lib/avrxmega6\libm.a(divsf3.o)
                                 0x54 (size before relaxing)
 .stab          0x000007bc      0x510 c:/program files (x86)/atmel/atmel studio 6.0/extensions/atmel/avrgcc/3.4.0.65/avrtoolchain/bin/../lib/gcc/avr/4.6.2/../../../../avr/lib/avrxmega6\libm.a(divsf3x.o)
                                0x51c (size before relaxing)
 .stab          0x00000ccc      0x240 c:/program files (x86)/atmel/atmel studio 6.0/extensions/atmel/avrgcc/3.4.0.65/avrtoolchain/bin/../lib/gcc/avr/4.6.2/../../../../avr/lib/avrxmega6\libm.a(fixunssfsi.o)
                                0x24c (size before relaxing)
 .stab          0x00000f0c      0x1e0 c:/program files (x86)/atmel/atmel studio 6.0/extensions/atmel/avrgcc/3.4.0.65/avrtoolchain/bin/../lib/gcc/avr/4.6.2/../../../../avr/lib/avrxmega6\libm.a(fp_cmp.o)
                                0x1ec (size before relaxing)
 .stab          0x000010ec       0x78 c:/program files (x86)/atmel/atmel studio 6.0/extensions/atmel/avrgcc/3.4.0.65/avrtoolchain/bin/../lib/gcc/avr/4.6.2/../../../../avr/lib/avrxmega6\libm.a(fp_inf.o)
                                 0x84 (size before relaxing)
 .stab          0x00001164       0x54 c:/program files (x86)/atmel/atmel studio 6.0/extensions/atmel/avrgcc/3.4.0.65/avrtoolchain/bin/../lib/gcc/avr/4.6.2/../../../../avr/lib/avrxmega6\libm.a(fp_nan.o)
                                 0x60 (size before relaxing)
 .stab          0x000011b8       0x84 c:/program files (x86)/atmel/atmel studio 6.0/extensions/atmel/avrgcc/3.4.0.65/avrtoolchain/bin/../lib/gcc/avr/4.6.2/../../../../avr/lib/avrxmega6\libm.a(fp_pscA.o)
                                 0x90 (size before relaxing)
 .stab          0x0000123c       0x84 c:/program files (x86)/atmel/atmel studio 6.0/extensions/atmel/avrgcc/3.4.0.65/avrtoolchain/bin/../lib/gcc/avr/4.6.2/../../../../avr/lib/avrxmega6\libm.a(fp_pscB.o)
                                 0x90 (size before relaxing)
 .stab          0x000012c0       0xfc c:/program files (x86)/atmel/atmel studio 6.0/extensions/atmel/avrgcc/3.4.0.65/avrtoolchain/bin/../lib/gcc/avr/4.6.2/../../../../avr/lib/avrxmega6\libm.a(fp_round.o)
                                0x108 (size before relaxing)
 .stab          0x000013bc      0x1d4 c:/program files (x86)/atmel/atmel studio 6.0/extensions/atmel/avrgcc/3.4.0.65/avrtoolchain/bin/../lib/gcc/avr/4.6.2/../../../../avr/lib/avrxmega6\libm.a(fp_split3.o)
                                0x1e0 (size before relaxing)
 .stab          0x00001590       0x90 c:/program files (x86)/atmel/atmel studio 6.0/extensions/atmel/avrgcc/3.4.0.65/avrtoolchain/bin/../lib/gcc/avr/4.6.2/../../../../avr/lib/avrxmega6\libm.a(fp_zero.o)
                                 0x9c (size before relaxing)
 .stab          0x00001620       0x6c c:/program files (x86)/atmel/atmel studio 6.0/extensions/atmel/avrgcc/3.4.0.65/avrtoolchain/bin/../lib/gcc/avr/4.6.2/../../../../avr/lib/avrxmega6\libm.a(gesf2.o)
                                 0x78 (size before relaxing)
 .stab          0x0000168c       0x48 c:/program files (x86)/atmel/atmel studio 6.0/extensions/atmel/avrgcc/3.4.0.65/avrtoolchain/bin/../lib/gcc/avr/4.6.2/../../../../avr/lib/avrxmega6\libm.a(mulsf3.o)
                                 0x54 (size before relaxing)
 .stab          0x000016d4      0x4d4 c:/program files (x86)/atmel/atmel studio 6.0/extensions/atmel/avrgcc/3.4.0.65/avrtoolchain/bin/../lib/gcc/avr/4.6.2/../../../../avr/lib/avrxmega6\libm.a(mulsf3x.o)
                                0x4e0 (size before relaxing)
 .stab          0x00001ba8       0x6c c:/program files (x86)/atmel/atmel studio 6.0/extensions/atmel/avrgcc/3.4.0.65/avrtoolchain/bin/../lib/gcc/avr/4.6.2/../../../../avr/lib/avrxmega6\libc.a(strcpy_P.o)
                                 0x78 (size before relaxing)
 .stab          0x00001c14       0x84 c:/program files (x86)/atmel/atmel studio 6.0/extensions/atmel/avrgcc/3.4.0.65/avrtoolchain/bin/../lib/gcc/avr/4.6.2/../../../../avr/lib/avrxmega6\libc.a(memcpy.o)
                                 0x90 (size before relaxing)
 .stab          0x00001c98       0xe4 c:/program files (x86)/atmel/atmel studio 6.0/extensions/atmel/avrgcc/3.4.0.65/avrtoolchain/bin/../lib/gcc/avr/4.6.2/../../../../avr/lib/avrxmega6\libc.a(memmove.o)
                                 0xf0 (size before relaxing)
 .stab          0x00001d7c       0x9c c:/program files (x86)/atmel/atmel studio 6.0/extensions/atmel/avrgcc/3.4.0.65/avrtoolchain/bin/../lib/gcc/avr/4.6.2/../../../../avr/lib/avrxmega6\libc.a(strcat.o)
                                 0xa8 (size before relaxing)
 .stab          0x00001e18       0xc0 c:/program files (x86)/atmel/atmel studio 6.0/extensions/atmel/avrgcc/3.4.0.65/avrtoolchain/bin/../lib/gcc/avr/4.6.2/../../../../avr/lib/avrxmega6\libc.a(strncmp.o)
                                 0xcc (size before relaxing)
 .stab          0x00001ed8      0x1b0 c:/program files (x86)/atmel/atmel studio 6.0/extensions/atmel/avrgcc/3.4.0.65/avrtoolchain/bin/../lib/gcc/avr/4.6.2/../../../../avr/lib/avrxmega6\libc.a(itoa.o)
                                0x1bc (size before relaxing)
 .stab          0x00002088       0x9c c:/program files (x86)/atmel/atmel studio 6.0/extensions/atmel/avrgcc/3.4.0.65/avrtoolchain/bin/../lib/gcc/avr/4.6.2/../../../../avr/lib/avrxmega6\libc.a(strnlen_P.o)
                                 0xa8 (size before relaxing)
 .stab          0x00002124       0x9c c:/program files (x86)/atmel/atmel studio 6.0/extensions/atmel/avrgcc/3.4.0.65/avrtoolchain/bin/../lib/gcc/avr/4.6.2/../../../../avr/lib/avrxmega6\libc.a(strnlen.o)
                                 0xa8 (size before relaxing)
 .stab          0x000021c0       0xd8 c:/program files (x86)/atmel/atmel studio 6.0/extensions/atmel/avrgcc/3.4.0.65/avrtoolchain/bin/../lib/gcc/avr/4.6.2/../../../../avr/lib/avrxmega6\libc.a(strrev.o)
                                 0xe4 (size before relaxing)
 .stab          0x00002298      0x480 c:/program files (x86)/atmel/atmel studio 6.0/extensions/atmel/avrgcc/3.4.0.65/avrtoolchain/bin/../lib/gcc/avr/4.6.2/../../../../avr/lib/avrxmega6\libc.a(ultoa_invert.o)
                                0x48c (size before relaxing)

.stabstr        0x00000000      0xa2a
 *(.stabstr)
 .stabstr       0x00000000      0xa2a c:/program files (x86)/atmel/atmel studio 6.0/extensions/atmel/avrgcc/3.4.0.65/avrtoolchain/bin/../lib/gcc/avr/4.6.2/../../../../avr/lib/avrxmega6/crtx256a3.o

.stab.excl
 *(.stab.excl)

.stab.exclstr
 *(.stab.exclstr)

.stab.index
 *(.stab.index)

.stab.indexstr
 *(.stab.indexstr)

.comment
 *(.comment)

.debug
 *(.debug)

.line
 *(.line)

.debug_srcinfo
 *(.debug_srcinfo)

.debug_sfnames
 *(.debug_sfnames)

.debug_aranges  0x00000000      0x3c0
 *(.debug_aranges)
 .debug_aranges
                0x00000000       0x20 Synch.o
 .debug_aranges
                0x00000020       0x20 ADC.o
 .debug_aranges
                0x00000040       0x20 adc_driver.o
 .debug_aranges
                0x00000060       0x20 chb.o
 .debug_aranges
                0x00000080       0x20 chb_buf.o
 .debug_aranges
                0x000000a0       0x20 chb_drvr.o
 .debug_aranges
                0x000000c0       0x20 chb_eeprom.o
 .debug_aranges
                0x000000e0       0x20 chb_spi.o
 .debug_aranges
                0x00000100       0x20 clksys_driver.o
 .debug_aranges
                0x00000120       0x20 E-000001-000009__firmware_rev_1_0.o
 .debug_aranges
                0x00000140       0x20 FAT32.o
 .debug_aranges
                0x00000160       0x20 SD_Card.o
 .debug_aranges
                0x00000180       0x20 AccelSampler.o
 .debug_aranges
                0x000001a0       0x20 c:/program files (x86)/atmel/atmel studio 6.0/extensions/atmel/avrgcc/3.4.0.65/avrtoolchain/bin/../lib/gcc/avr/4.6.2/avrxmega6\libgcc.a(_mulsi3.o)
 .debug_aranges
                0x000001c0       0x20 c:/program files (x86)/atmel/atmel studio 6.0/extensions/atmel/avrgcc/3.4.0.65/avrtoolchain/bin/../lib/gcc/avr/4.6.2/avrxmega6\libgcc.a(_udivmodhi4.o)
 .debug_aranges
                0x000001e0       0x20 c:/program files (x86)/atmel/atmel studio 6.0/extensions/atmel/avrgcc/3.4.0.65/avrtoolchain/bin/../lib/gcc/avr/4.6.2/avrxmega6\libgcc.a(_divmodhi4.o)
 .debug_aranges
                0x00000200       0x20 c:/program files (x86)/atmel/atmel studio 6.0/extensions/atmel/avrgcc/3.4.0.65/avrtoolchain/bin/../lib/gcc/avr/4.6.2/avrxmega6\libgcc.a(_udivmodsi4.o)
 .debug_aranges
                0x00000220       0x20 c:/program files (x86)/atmel/atmel studio 6.0/extensions/atmel/avrgcc/3.4.0.65/avrtoolchain/bin/../lib/gcc/avr/4.6.2/avrxmega6\libgcc.a(_divmodsi4.o)
 .debug_aranges
                0x00000240       0x20 c:/program files (x86)/atmel/atmel studio 6.0/extensions/atmel/avrgcc/3.4.0.65/avrtoolchain/bin/../lib/gcc/avr/4.6.2/avrxmega6\libgcc.a(_exit.o)
 .debug_aranges
                0x00000260       0x20 c:/program files (x86)/atmel/atmel studio 6.0/extensions/atmel/avrgcc/3.4.0.65/avrtoolchain/bin/../lib/gcc/avr/4.6.2/avrxmega6\libgcc.a(_copy_data.o)
 .debug_aranges
                0x00000280       0x20 c:/program files (x86)/atmel/atmel studio 6.0/extensions/atmel/avrgcc/3.4.0.65/avrtoolchain/bin/../lib/gcc/avr/4.6.2/avrxmega6\libgcc.a(_clear_bss.o)
 .debug_aranges
                0x000002a0       0x20 c:/program files (x86)/atmel/atmel studio 6.0/extensions/atmel/avrgcc/3.4.0.65/avrtoolchain/bin/../lib/gcc/avr/4.6.2/avrxmega6\libgcc.a(_muldi3.o)
 .debug_aranges
                0x000002c0       0x20 c:/program files (x86)/atmel/atmel studio 6.0/extensions/atmel/avrgcc/3.4.0.65/avrtoolchain/bin/../lib/gcc/avr/4.6.2/avrxmega6\libgcc.a(_ashldi3.o)
 .debug_aranges
                0x000002e0       0x20 c:/program files (x86)/atmel/atmel studio 6.0/extensions/atmel/avrgcc/3.4.0.65/avrtoolchain/bin/../lib/gcc/avr/4.6.2/avrxmega6\libgcc.a(_divdi3.o)
 .debug_aranges
                0x00000300       0x20 c:/program files (x86)/atmel/atmel studio 6.0/extensions/atmel/avrgcc/3.4.0.65/avrtoolchain/bin/../lib/gcc/avr/4.6.2/avrxmega6\libgcc.a(_udivdi3.o)
 .debug_aranges
                0x00000320       0x20 c:/program files (x86)/atmel/atmel studio 6.0/extensions/atmel/avrgcc/3.4.0.65/avrtoolchain/bin/../lib/gcc/avr/4.6.2/avrxmega6\libgcc.a(_prologue.o)
 .debug_aranges
                0x00000340       0x20 c:/program files (x86)/atmel/atmel studio 6.0/extensions/atmel/avrgcc/3.4.0.65/avrtoolchain/bin/../lib/gcc/avr/4.6.2/avrxmega6\libgcc.a(_epilogue.o)
 .debug_aranges
                0x00000360       0x20 c:/program files (x86)/atmel/atmel studio 6.0/extensions/atmel/avrgcc/3.4.0.65/avrtoolchain/bin/../lib/gcc/avr/4.6.2/../../../../avr/lib/avrxmega6\libc.a(printf.o)
 .debug_aranges
                0x00000380       0x20 c:/program files (x86)/atmel/atmel studio 6.0/extensions/atmel/avrgcc/3.4.0.65/avrtoolchain/bin/../lib/gcc/avr/4.6.2/../../../../avr/lib/avrxmega6\libc.a(vfprintf_std.o)
 .debug_aranges
                0x000003a0       0x20 c:/program files (x86)/atmel/atmel studio 6.0/extensions/atmel/avrgcc/3.4.0.65/avrtoolchain/bin/../lib/gcc/avr/4.6.2/../../../../avr/lib/avrxmega6\libc.a(fputc.o)

.debug_pubnames
 *(.debug_pubnames)

.debug_info     0x00000000     0xcb67
 *(.debug_info)
 .debug_info    0x00000000      0xf4a Synch.o
 .debug_info    0x00000f4a     0x2963 ADC.o
 .debug_info    0x000038ad      0xacc adc_driver.o
 .debug_info    0x00004379      0x8e8 chb.o
 .debug_info    0x00004c61      0x154 chb_buf.o
 .debug_info    0x00004db5     0x17c5 chb_drvr.o
 .debug_info    0x0000657a      0x367 chb_eeprom.o
 .debug_info    0x000068e1      0x10e chb_spi.o
 .debug_info    0x000069ef      0x597 clksys_driver.o
 .debug_info    0x00006f86     0x1a41 E-000001-000009__firmware_rev_1_0.o
 .debug_info    0x000089c7      0xf01 FAT32.o
 .debug_info    0x000098c8      0xa35 SD_Card.o
 .debug_info    0x0000a2fd      0x4b6 AccelSampler.o
 .debug_info    0x0000a7b3       0xe2 c:/program files (x86)/atmel/atmel studio 6.0/extensions/atmel/avrgcc/3.4.0.65/avrtoolchain/bin/../lib/gcc/avr/4.6.2/avrxmega6\libgcc.a(_mulsi3.o)
 .debug_info    0x0000a895       0xe2 c:/program files (x86)/atmel/atmel studio 6.0/extensions/atmel/avrgcc/3.4.0.65/avrtoolchain/bin/../lib/gcc/avr/4.6.2/avrxmega6\libgcc.a(_udivmodhi4.o)
 .debug_info    0x0000a977       0xe2 c:/program files (x86)/atmel/atmel studio 6.0/extensions/atmel/avrgcc/3.4.0.65/avrtoolchain/bin/../lib/gcc/avr/4.6.2/avrxmega6\libgcc.a(_divmodhi4.o)
 .debug_info    0x0000aa59       0xe2 c:/program files (x86)/atmel/atmel studio 6.0/extensions/atmel/avrgcc/3.4.0.65/avrtoolchain/bin/../lib/gcc/avr/4.6.2/avrxmega6\libgcc.a(_udivmodsi4.o)
 .debug_info    0x0000ab3b       0xe2 c:/program files (x86)/atmel/atmel studio 6.0/extensions/atmel/avrgcc/3.4.0.65/avrtoolchain/bin/../lib/gcc/avr/4.6.2/avrxmega6\libgcc.a(_divmodsi4.o)
 .debug_info    0x0000ac1d       0xe2 c:/program files (x86)/atmel/atmel studio 6.0/extensions/atmel/avrgcc/3.4.0.65/avrtoolchain/bin/../lib/gcc/avr/4.6.2/avrxmega6\libgcc.a(_exit.o)
 .debug_info    0x0000acff       0xe2 c:/program files (x86)/atmel/atmel studio 6.0/extensions/atmel/avrgcc/3.4.0.65/avrtoolchain/bin/../lib/gcc/avr/4.6.2/avrxmega6\libgcc.a(_copy_data.o)
 .debug_info    0x0000ade1       0xe2 c:/program files (x86)/atmel/atmel studio 6.0/extensions/atmel/avrgcc/3.4.0.65/avrtoolchain/bin/../lib/gcc/avr/4.6.2/avrxmega6\libgcc.a(_clear_bss.o)
 .debug_info    0x0000aec3      0x20c c:/program files (x86)/atmel/atmel studio 6.0/extensions/atmel/avrgcc/3.4.0.65/avrtoolchain/bin/../lib/gcc/avr/4.6.2/avrxmega6\libgcc.a(_muldi3.o)
 .debug_info    0x0000b0cf      0x184 c:/program files (x86)/atmel/atmel studio 6.0/extensions/atmel/avrgcc/3.4.0.65/avrtoolchain/bin/../lib/gcc/avr/4.6.2/avrxmega6\libgcc.a(_ashldi3.o)
 .debug_info    0x0000b253      0x792 c:/program files (x86)/atmel/atmel studio 6.0/extensions/atmel/avrgcc/3.4.0.65/avrtoolchain/bin/../lib/gcc/avr/4.6.2/avrxmega6\libgcc.a(_divdi3.o)
 .debug_info    0x0000b9e5      0x75a c:/program files (x86)/atmel/atmel studio 6.0/extensions/atmel/avrgcc/3.4.0.65/avrtoolchain/bin/../lib/gcc/avr/4.6.2/avrxmega6\libgcc.a(_udivdi3.o)
 .debug_info    0x0000c13f       0xe2 c:/program files (x86)/atmel/atmel studio 6.0/extensions/atmel/avrgcc/3.4.0.65/avrtoolchain/bin/../lib/gcc/avr/4.6.2/avrxmega6\libgcc.a(_prologue.o)
 .debug_info    0x0000c221       0xe2 c:/program files (x86)/atmel/atmel studio 6.0/extensions/atmel/avrgcc/3.4.0.65/avrtoolchain/bin/../lib/gcc/avr/4.6.2/avrxmega6\libgcc.a(_epilogue.o)
 .debug_info    0x0000c303       0xa6 c:/program files (x86)/atmel/atmel studio 6.0/extensions/atmel/avrgcc/3.4.0.65/avrtoolchain/bin/../lib/gcc/avr/4.6.2/avrxmega6\libgcc.a(_clz.o)
 .debug_info    0x0000c3a9      0x1c6 c:/program files (x86)/atmel/atmel studio 6.0/extensions/atmel/avrgcc/3.4.0.65/avrtoolchain/bin/../lib/gcc/avr/4.6.2/../../../../avr/lib/avrxmega6\libc.a(printf.o)
 .debug_info    0x0000c56f      0x342 c:/program files (x86)/atmel/atmel studio 6.0/extensions/atmel/avrgcc/3.4.0.65/avrtoolchain/bin/../lib/gcc/avr/4.6.2/../../../../avr/lib/avrxmega6\libc.a(vfprintf_std.o)
 .debug_info    0x0000c8b1      0x167 c:/program files (x86)/atmel/atmel studio 6.0/extensions/atmel/avrgcc/3.4.0.65/avrtoolchain/bin/../lib/gcc/avr/4.6.2/../../../../avr/lib/avrxmega6\libc.a(fputc.o)
 .debug_info    0x0000ca18      0x14f c:/program files (x86)/atmel/atmel studio 6.0/extensions/atmel/avrgcc/3.4.0.65/avrtoolchain/bin/../lib/gcc/avr/4.6.2/../../../../avr/lib/avrxmega6\libc.a(iob.o)
 *(.gnu.linkonce.wi.*)

.debug_abbrev   0x00000000     0x21d6
 *(.debug_abbrev)
 .debug_abbrev  0x00000000      0x1a1 Synch.o
 .debug_abbrev  0x000001a1      0x2ec ADC.o
 .debug_abbrev  0x0000048d      0x226 adc_driver.o
 .debug_abbrev  0x000006b3      0x20a chb.o
 .debug_abbrev  0x000008bd       0xd9 chb_buf.o
 .debug_abbrev  0x00000996      0x30a chb_drvr.o
 .debug_abbrev  0x00000ca0      0x134 chb_eeprom.o
 .debug_abbrev  0x00000dd4       0xb1 chb_spi.o
 .debug_abbrev  0x00000e85      0x140 clksys_driver.o
 .debug_abbrev  0x00000fc5      0x2e9 E-000001-000009__firmware_rev_1_0.o
 .debug_abbrev  0x000012ae      0x1ca FAT32.o
 .debug_abbrev  0x00001478      0x1fa SD_Card.o
 .debug_abbrev  0x00001672       0xe0 AccelSampler.o
 .debug_abbrev  0x00001752       0x14 c:/program files (x86)/atmel/atmel studio 6.0/extensions/atmel/avrgcc/3.4.0.65/avrtoolchain/bin/../lib/gcc/avr/4.6.2/avrxmega6\libgcc.a(_mulsi3.o)
 .debug_abbrev  0x00001766       0x14 c:/program files (x86)/atmel/atmel studio 6.0/extensions/atmel/avrgcc/3.4.0.65/avrtoolchain/bin/../lib/gcc/avr/4.6.2/avrxmega6\libgcc.a(_udivmodhi4.o)
 .debug_abbrev  0x0000177a       0x14 c:/program files (x86)/atmel/atmel studio 6.0/extensions/atmel/avrgcc/3.4.0.65/avrtoolchain/bin/../lib/gcc/avr/4.6.2/avrxmega6\libgcc.a(_divmodhi4.o)
 .debug_abbrev  0x0000178e       0x14 c:/program files (x86)/atmel/atmel studio 6.0/extensions/atmel/avrgcc/3.4.0.65/avrtoolchain/bin/../lib/gcc/avr/4.6.2/avrxmega6\libgcc.a(_udivmodsi4.o)
 .debug_abbrev  0x000017a2       0x14 c:/program files (x86)/atmel/atmel studio 6.0/extensions/atmel/avrgcc/3.4.0.65/avrtoolchain/bin/../lib/gcc/avr/4.6.2/avrxmega6\libgcc.a(_divmodsi4.o)
 .debug_abbrev  0x000017b6       0x14 c:/program files (x86)/atmel/atmel studio 6.0/extensions/atmel/avrgcc/3.4.0.65/avrtoolchain/bin/../lib/gcc/avr/4.6.2/avrxmega6\libgcc.a(_exit.o)
 .debug_abbrev  0x000017ca       0x14 c:/program files (x86)/atmel/atmel studio 6.0/extensions/atmel/avrgcc/3.4.0.65/avrtoolchain/bin/../lib/gcc/avr/4.6.2/avrxmega6\libgcc.a(_copy_data.o)
 .debug_abbrev  0x000017de       0x14 c:/program files (x86)/atmel/atmel studio 6.0/extensions/atmel/avrgcc/3.4.0.65/avrtoolchain/bin/../lib/gcc/avr/4.6.2/avrxmega6\libgcc.a(_clear_bss.o)
 .debug_abbrev  0x000017f2       0xf0 c:/program files (x86)/atmel/atmel studio 6.0/extensions/atmel/avrgcc/3.4.0.65/avrtoolchain/bin/../lib/gcc/avr/4.6.2/avrxmega6\libgcc.a(_muldi3.o)
 .debug_abbrev  0x000018e2       0xf0 c:/program files (x86)/atmel/atmel studio 6.0/extensions/atmel/avrgcc/3.4.0.65/avrtoolchain/bin/../lib/gcc/avr/4.6.2/avrxmega6\libgcc.a(_ashldi3.o)
 .debug_abbrev  0x000019d2      0x1bf c:/program files (x86)/atmel/atmel studio 6.0/extensions/atmel/avrgcc/3.4.0.65/avrtoolchain/bin/../lib/gcc/avr/4.6.2/avrxmega6\libgcc.a(_divdi3.o)
 .debug_abbrev  0x00001b91      0x1a1 c:/program files (x86)/atmel/atmel studio 6.0/extensions/atmel/avrgcc/3.4.0.65/avrtoolchain/bin/../lib/gcc/avr/4.6.2/avrxmega6\libgcc.a(_udivdi3.o)
 .debug_abbrev  0x00001d32       0x14 c:/program files (x86)/atmel/atmel studio 6.0/extensions/atmel/avrgcc/3.4.0.65/avrtoolchain/bin/../lib/gcc/avr/4.6.2/avrxmega6\libgcc.a(_prologue.o)
 .debug_abbrev  0x00001d46       0x14 c:/program files (x86)/atmel/atmel studio 6.0/extensions/atmel/avrgcc/3.4.0.65/avrtoolchain/bin/../lib/gcc/avr/4.6.2/avrxmega6\libgcc.a(_epilogue.o)
 .debug_abbrev  0x00001d5a       0x61 c:/program files (x86)/atmel/atmel studio 6.0/extensions/atmel/avrgcc/3.4.0.65/avrtoolchain/bin/../lib/gcc/avr/4.6.2/avrxmega6\libgcc.a(_clz.o)
 .debug_abbrev  0x00001dbb      0x11c c:/program files (x86)/atmel/atmel studio 6.0/extensions/atmel/avrgcc/3.4.0.65/avrtoolchain/bin/../lib/gcc/avr/4.6.2/../../../../avr/lib/avrxmega6\libc.a(printf.o)
 .debug_abbrev  0x00001ed7      0x161 c:/program files (x86)/atmel/atmel studio 6.0/extensions/atmel/avrgcc/3.4.0.65/avrtoolchain/bin/../lib/gcc/avr/4.6.2/../../../../avr/lib/avrxmega6\libc.a(vfprintf_std.o)
 .debug_abbrev  0x00002038       0xd9 c:/program files (x86)/atmel/atmel studio 6.0/extensions/atmel/avrgcc/3.4.0.65/avrtoolchain/bin/../lib/gcc/avr/4.6.2/../../../../avr/lib/avrxmega6\libc.a(fputc.o)
 .debug_abbrev  0x00002111       0xc5 c:/program files (x86)/atmel/atmel studio 6.0/extensions/atmel/avrgcc/3.4.0.65/avrtoolchain/bin/../lib/gcc/avr/4.6.2/../../../../avr/lib/avrxmega6\libc.a(iob.o)

.debug_line     0x00000000     0x3ec8
 *(.debug_line)
 .debug_line    0x00000000      0x218 Synch.o
 .debug_line    0x00000218      0x7b8 ADC.o
 .debug_line    0x000009d0      0x335 adc_driver.o
 .debug_line    0x00000d05      0x35d chb.o
 .debug_line    0x00001062      0x10d chb_buf.o
 .debug_line    0x0000116f      0x68a chb_drvr.o
 .debug_line    0x000017f9      0x1ec chb_eeprom.o
 .debug_line    0x000019e5      0x1a3 chb_spi.o
 .debug_line    0x00001b88      0x202 clksys_driver.o
 .debug_line    0x00001d8a      0x713 E-000001-000009__firmware_rev_1_0.o
 .debug_line    0x0000249d      0x403 FAT32.o
 .debug_line    0x000028a0      0x550 SD_Card.o
 .debug_line    0x00002df0      0x161 AccelSampler.o
 .debug_line    0x00002f51       0xa5 c:/program files (x86)/atmel/atmel studio 6.0/extensions/atmel/avrgcc/3.4.0.65/avrtoolchain/bin/../lib/gcc/avr/4.6.2/avrxmega6\libgcc.a(_mulsi3.o)
 .debug_line    0x00002ff6       0x9a c:/program files (x86)/atmel/atmel studio 6.0/extensions/atmel/avrgcc/3.4.0.65/avrtoolchain/bin/../lib/gcc/avr/4.6.2/avrxmega6\libgcc.a(_udivmodhi4.o)
 .debug_line    0x00003090       0x99 c:/program files (x86)/atmel/atmel studio 6.0/extensions/atmel/avrgcc/3.4.0.65/avrtoolchain/bin/../lib/gcc/avr/4.6.2/avrxmega6\libgcc.a(_divmodhi4.o)
 .debug_line    0x00003129       0xa8 c:/program files (x86)/atmel/atmel studio 6.0/extensions/atmel/avrgcc/3.4.0.65/avrtoolchain/bin/../lib/gcc/avr/4.6.2/avrxmega6\libgcc.a(_udivmodsi4.o)
 .debug_line    0x000031d1       0xa1 c:/program files (x86)/atmel/atmel studio 6.0/extensions/atmel/avrgcc/3.4.0.65/avrtoolchain/bin/../lib/gcc/avr/4.6.2/avrxmega6\libgcc.a(_divmodsi4.o)
 .debug_line    0x00003272       0x88 c:/program files (x86)/atmel/atmel studio 6.0/extensions/atmel/avrgcc/3.4.0.65/avrtoolchain/bin/../lib/gcc/avr/4.6.2/avrxmega6\libgcc.a(_exit.o)
 .debug_line    0x000032fa       0x93 c:/program files (x86)/atmel/atmel studio 6.0/extensions/atmel/avrgcc/3.4.0.65/avrtoolchain/bin/../lib/gcc/avr/4.6.2/avrxmega6\libgcc.a(_copy_data.o)
 .debug_line    0x0000338d       0x8e c:/program files (x86)/atmel/atmel studio 6.0/extensions/atmel/avrgcc/3.4.0.65/avrtoolchain/bin/../lib/gcc/avr/4.6.2/avrxmega6\libgcc.a(_clear_bss.o)
 .debug_line    0x0000341b       0xb6 c:/program files (x86)/atmel/atmel studio 6.0/extensions/atmel/avrgcc/3.4.0.65/avrtoolchain/bin/../lib/gcc/avr/4.6.2/avrxmega6\libgcc.a(_muldi3.o)
 .debug_line    0x000034d1       0x97 c:/program files (x86)/atmel/atmel studio 6.0/extensions/atmel/avrgcc/3.4.0.65/avrtoolchain/bin/../lib/gcc/avr/4.6.2/avrxmega6\libgcc.a(_ashldi3.o)
 .debug_line    0x00003568      0x118 c:/program files (x86)/atmel/atmel studio 6.0/extensions/atmel/avrgcc/3.4.0.65/avrtoolchain/bin/../lib/gcc/avr/4.6.2/avrxmega6\libgcc.a(_divdi3.o)
 .debug_line    0x00003680      0x105 c:/program files (x86)/atmel/atmel studio 6.0/extensions/atmel/avrgcc/3.4.0.65/avrtoolchain/bin/../lib/gcc/avr/4.6.2/avrxmega6\libgcc.a(_udivdi3.o)
 .debug_line    0x00003785       0xa1 c:/program files (x86)/atmel/atmel studio 6.0/extensions/atmel/avrgcc/3.4.0.65/avrtoolchain/bin/../lib/gcc/avr/4.6.2/avrxmega6\libgcc.a(_prologue.o)
 .debug_line    0x00003826       0x9e c:/program files (x86)/atmel/atmel studio 6.0/extensions/atmel/avrgcc/3.4.0.65/avrtoolchain/bin/../lib/gcc/avr/4.6.2/avrxmega6\libgcc.a(_epilogue.o)
 .debug_line    0x000038c4       0x7a c:/program files (x86)/atmel/atmel studio 6.0/extensions/atmel/avrgcc/3.4.0.65/avrtoolchain/bin/../lib/gcc/avr/4.6.2/avrxmega6\libgcc.a(_clz.o)
 .debug_line    0x0000393e      0x151 c:/program files (x86)/atmel/atmel studio 6.0/extensions/atmel/avrgcc/3.4.0.65/avrtoolchain/bin/../lib/gcc/avr/4.6.2/../../../../avr/lib/avrxmega6\libc.a(printf.o)
 .debug_line    0x00003a8f      0x291 c:/program files (x86)/atmel/atmel studio 6.0/extensions/atmel/avrgcc/3.4.0.65/avrtoolchain/bin/../lib/gcc/avr/4.6.2/../../../../avr/lib/avrxmega6\libc.a(vfprintf_std.o)
 .debug_line    0x00003d20       0xe1 c:/program files (x86)/atmel/atmel studio 6.0/extensions/atmel/avrgcc/3.4.0.65/avrtoolchain/bin/../lib/gcc/avr/4.6.2/../../../../avr/lib/avrxmega6\libc.a(fputc.o)
 .debug_line    0x00003e01       0xc7 c:/program files (x86)/atmel/atmel studio 6.0/extensions/atmel/avrgcc/3.4.0.65/avrtoolchain/bin/../lib/gcc/avr/4.6.2/../../../../avr/lib/avrxmega6\libc.a(iob.o)

.debug_frame    0x00000000     0x1c34
 *(.debug_frame)
 .debug_frame   0x00000000       0x98 Synch.o
 .debug_frame   0x00000098      0x8d0 ADC.o
 .debug_frame   0x00000968      0x188 adc_driver.o
 .debug_frame   0x00000af0       0xe8 chb.o
 .debug_frame   0x00000bd8       0x94 chb_buf.o
 .debug_frame   0x00000c6c      0x3ac chb_drvr.o
 .debug_frame   0x00001018       0x9c chb_eeprom.o
 .debug_frame   0x000010b4       0x54 chb_spi.o
 .debug_frame   0x00001108      0x15c clksys_driver.o
 .debug_frame   0x00001264      0x424 E-000001-000009__firmware_rev_1_0.o
 .debug_frame   0x00001688      0x1e8 FAT32.o
 .debug_frame   0x00001870      0x144 SD_Card.o
 .debug_frame   0x000019b4       0x64 AccelSampler.o
 .debug_frame   0x00001a18       0x48 c:/program files (x86)/atmel/atmel studio 6.0/extensions/atmel/avrgcc/3.4.0.65/avrtoolchain/bin/../lib/gcc/avr/4.6.2/avrxmega6\libgcc.a(_muldi3.o)
 .debug_frame   0x00001a60       0x4c c:/program files (x86)/atmel/atmel studio 6.0/extensions/atmel/avrgcc/3.4.0.65/avrtoolchain/bin/../lib/gcc/avr/4.6.2/avrxmega6\libgcc.a(_ashldi3.o)
 .debug_frame   0x00001aac       0x4c c:/program files (x86)/atmel/atmel studio 6.0/extensions/atmel/avrgcc/3.4.0.65/avrtoolchain/bin/../lib/gcc/avr/4.6.2/avrxmega6\libgcc.a(_divdi3.o)
 .debug_frame   0x00001af8       0x4c c:/program files (x86)/atmel/atmel studio 6.0/extensions/atmel/avrgcc/3.4.0.65/avrtoolchain/bin/../lib/gcc/avr/4.6.2/avrxmega6\libgcc.a(_udivdi3.o)
 .debug_frame   0x00001b44       0x34 c:/program files (x86)/atmel/atmel studio 6.0/extensions/atmel/avrgcc/3.4.0.65/avrtoolchain/bin/../lib/gcc/avr/4.6.2/../../../../avr/lib/avrxmega6\libc.a(printf.o)
 .debug_frame   0x00001b78       0x84 c:/program files (x86)/atmel/atmel studio 6.0/extensions/atmel/avrgcc/3.4.0.65/avrtoolchain/bin/../lib/gcc/avr/4.6.2/../../../../avr/lib/avrxmega6\libc.a(vfprintf_std.o)
 .debug_frame   0x00001bfc       0x38 c:/program files (x86)/atmel/atmel studio 6.0/extensions/atmel/avrgcc/3.4.0.65/avrtoolchain/bin/../lib/gcc/avr/4.6.2/../../../../avr/lib/avrxmega6\libc.a(fputc.o)

.debug_str      0x00000000     0x4579
 *(.debug_str)
 .debug_str     0x00000000     0x1385 Synch.o
                               0x13f5 (size before relaxing)
 .debug_str     0x00001385      0xeb0 ADC.o
                               0x22a6 (size before relaxing)
 .debug_str     0x00002235      0x448 adc_driver.o
                                0x811 (size before relaxing)
 .debug_str     0x0000267d      0x45e chb.o
                                0x871 (size before relaxing)
 .debug_str     0x00002adb       0x79 chb_buf.o
                                0x140 (size before relaxing)
 .debug_str     0x00002b54      0x6fd chb_drvr.o
                                0xf92 (size before relaxing)
 .debug_str     0x00003251       0xcb chb_eeprom.o
                                0x4b2 (size before relaxing)
 .debug_str     0x0000331c       0x4e chb_spi.o
                                0x134 (size before relaxing)
 .debug_str     0x0000336a      0x5fa clksys_driver.o
                                0x6ee (size before relaxing)
 .debug_str     0x00003964      0x292 E-000001-000009__firmware_rev_1_0.o
                                0xebd (size before relaxing)
 .debug_str     0x00003bf6      0x510 FAT32.o
                                0x83a (size before relaxing)
 .debug_str     0x00004106       0xde SD_Card.o
                                0x4ae (size before relaxing)
 .debug_str     0x000041e4       0x2d AccelSampler.o
                                0x32e (size before relaxing)
 .debug_str     0x00004211      0x10f c:/program files (x86)/atmel/atmel studio 6.0/extensions/atmel/avrgcc/3.4.0.65/avrtoolchain/bin/../lib/gcc/avr/4.6.2/avrxmega6\libgcc.a(_muldi3.o)
                                0x19b (size before relaxing)
 .debug_str     0x00004320       0x23 c:/program files (x86)/atmel/atmel studio 6.0/extensions/atmel/avrgcc/3.4.0.65/avrtoolchain/bin/../lib/gcc/avr/4.6.2/avrxmega6\libgcc.a(_ashldi3.o)
                                0x18d (size before relaxing)
 .debug_str     0x00004343       0x53 c:/program files (x86)/atmel/atmel studio 6.0/extensions/atmel/avrgcc/3.4.0.65/avrtoolchain/bin/../lib/gcc/avr/4.6.2/avrxmega6\libgcc.a(_divdi3.o)
                                0x1e5 (size before relaxing)
 .debug_str     0x00004396        0xa c:/program files (x86)/atmel/atmel studio 6.0/extensions/atmel/avrgcc/3.4.0.65/avrtoolchain/bin/../lib/gcc/avr/4.6.2/avrxmega6\libgcc.a(_udivdi3.o)
                                0x1e6 (size before relaxing)
 .debug_str     0x00000000      0x150 c:/program files (x86)/atmel/atmel studio 6.0/extensions/atmel/avrgcc/3.4.0.65/avrtoolchain/bin/../lib/gcc/avr/4.6.2/avrxmega6\libgcc.a(_clz.o)
 .debug_str     0x000043a0       0x91 c:/program files (x86)/atmel/atmel studio 6.0/extensions/atmel/avrgcc/3.4.0.65/avrtoolchain/bin/../lib/gcc/avr/4.6.2/../../../../avr/lib/avrxmega6\libc.a(printf.o)
                                0x125 (size before relaxing)
 .debug_str     0x00004431       0xa4 c:/program files (x86)/atmel/atmel studio 6.0/extensions/atmel/avrgcc/3.4.0.65/avrtoolchain/bin/../lib/gcc/avr/4.6.2/../../../../avr/lib/avrxmega6\libc.a(vfprintf_std.o)
                                0x16b (size before relaxing)
 .debug_str     0x000044d5       0x56 c:/program files (x86)/atmel/atmel studio 6.0/extensions/atmel/avrgcc/3.4.0.65/avrtoolchain/bin/../lib/gcc/avr/4.6.2/../../../../avr/lib/avrxmega6\libc.a(fputc.o)
                                 0xfb (size before relaxing)
 .debug_str     0x0000452b       0x4e c:/program files (x86)/atmel/atmel studio 6.0/extensions/atmel/avrgcc/3.4.0.65/avrtoolchain/bin/../lib/gcc/avr/4.6.2/../../../../avr/lib/avrxmega6\libc.a(iob.o)
                                 0xf2 (size before relaxing)

.debug_loc      0x00000000     0x6227
 *(.debug_loc)
 .debug_loc     0x00000000      0x139 Synch.o
 .debug_loc     0x00000139     0x1473 ADC.o
 .debug_loc     0x000015ac      0x2fe adc_driver.o
 .debug_loc     0x000018aa      0x196 chb.o
 .debug_loc     0x00001a40      0x106 chb_buf.o
 .debug_loc     0x00001b46      0x7a5 chb_drvr.o
 .debug_loc     0x000022eb      0x120 chb_eeprom.o
 .debug_loc     0x0000240b       0x83 chb_spi.o
 .debug_loc     0x0000248e      0x2c3 clksys_driver.o
 .debug_loc     0x00002751      0x8c4 E-000001-000009__firmware_rev_1_0.o
 .debug_loc     0x00003015      0x3dc FAT32.o
 .debug_loc     0x000033f1      0x281 SD_Card.o
 .debug_loc     0x00003672       0xbd AccelSampler.o
 .debug_loc     0x0000372f      0x1ed c:/program files (x86)/atmel/atmel studio 6.0/extensions/atmel/avrgcc/3.4.0.65/avrtoolchain/bin/../lib/gcc/avr/4.6.2/avrxmega6\libgcc.a(_muldi3.o)
 .debug_loc     0x0000391c      0x102 c:/program files (x86)/atmel/atmel studio 6.0/extensions/atmel/avrgcc/3.4.0.65/avrtoolchain/bin/../lib/gcc/avr/4.6.2/avrxmega6\libgcc.a(_ashldi3.o)
 .debug_loc     0x00003a1e      0xfe5 c:/program files (x86)/atmel/atmel studio 6.0/extensions/atmel/avrgcc/3.4.0.65/avrtoolchain/bin/../lib/gcc/avr/4.6.2/avrxmega6\libgcc.a(_divdi3.o)
 .debug_loc     0x00004a03     0x1167 c:/program files (x86)/atmel/atmel studio 6.0/extensions/atmel/avrgcc/3.4.0.65/avrtoolchain/bin/../lib/gcc/avr/4.6.2/avrxmega6\libgcc.a(_udivdi3.o)
 .debug_loc     0x00005b6a       0x3b c:/program files (x86)/atmel/atmel studio 6.0/extensions/atmel/avrgcc/3.4.0.65/avrtoolchain/bin/../lib/gcc/avr/4.6.2/../../../../avr/lib/avrxmega6\libc.a(printf.o)